2025-11-14 10:16:07,732 - __main__ - INFO - ==== Starting ML script====
2025-11-14 10:16:07,732 - __main__ - INFO - Nb of cores: 6

2025-11-14 10:16:07,732 - __main__ - INFO - ML pipeline settings loaded from afklm_ml_training_settings.json
2025-11-14 10:16:12,882 - __main__ - INFO - Loaded dataset: afklm_flight_from_mongo_filtered_20251106-13-52-40_983317.csv, shape=(983317, 45)
2025-11-14 10:16:13,652 - __main__ - INFO - Step: raw_data | shape: (983317, 45) | null values: 8933246
2025-11-14 10:16:14,412 - __main__ - INFO - Extracting 'company_flight' from 'id' column
2025-11-14 10:16:15,116 - __main__ - INFO - Dropping columns: ['id', 'airline_name', 'flightLegs_aircraft_ownerAirlineCode', 'actual', 'PositionTerminal', 'latestPublished', 'airline_code', 'company_flight', 'city_country_areaCode', 'airport_location', 'airport_city_country_name'] and rows with missing 'flightStatusPublic'
2025-11-14 10:16:16,338 - __main__ - INFO - Step: drop_na_and_unused_cols | shape: (983317, 23) | null values: 5427175
2025-11-14 10:16:16,733 - __main__ - INFO - Computing 'scheduled' flag for flights
2025-11-14 10:16:17,356 - __main__ - INFO - Computing 'flightLegs_scheduledFlightDuration' in minutes
2025-11-14 10:16:25,178 - __main__ - INFO - Filtered past flights only, resulting shape: (957733, 24)
2025-11-14 10:16:25,182 - __main__ - INFO - Filled missing 'flightLegs_irregularity_delayDuration_total' with 0
2025-11-14 10:16:25,182 - __main__ - INFO - Categorizing flights into 'cancelled', 'late', 'on_time'
2025-11-14 10:16:29,376 - __main__ - INFO - Step: categorize_flights | shape: (957733, 25) | null values: 4473406
2025-11-14 10:16:29,777 - __main__ - INFO - Filtering flights to EU airports
2025-11-14 10:16:29,924 - __main__ - INFO - Applying top 30 EU airports filter
2025-11-14 10:16:30,247 - __main__ - INFO - Step: eu_filtering | shape: (494357, 25) | null values: 2064656
2025-11-14 10:16:30,454 - __main__ - INFO - Adding seasonality, isWeekend and dayPeriod
2025-11-14 10:16:44,384 - __main__ - INFO - ==== Preparing classification dataset ====
2025-11-14 10:16:44,384 - __main__ - INFO - Using the full dataset
2025-11-14 10:16:44,637 - __main__ - INFO - Classification dataset shape: X=(494357, 10), y=(494357,)
2025-11-14 10:16:44,651 - __main__ - INFO - Classification dataset class repartition: flightLegs_Category
on_time      0.610065
late         0.354442
cancelled    0.035493
Name: proportion, dtype: float64
2025-11-14 10:16:44,933 - __main__ - INFO - Classification train/test split: X_train=(395485, 10), X_test=(98872, 10), y_train=(395485,), y_test=(98872,)
2025-11-14 10:16:44,933 - __main__ - INFO - Extracting features from dataset, target column: flightLegs_Category
2025-11-14 10:16:44,960 - __main__ - INFO - Identified 1 numeric and 6 categorical features
2025-11-14 10:16:44,960 - __main__ - INFO - Numeric features: ['flightLegs_scheduledFlightDuration']
2025-11-14 10:16:44,960 - __main__ - INFO - Categorical features: ['flightLegs_aircraft_typeCode', 'flightLegs_arrivalInformation_airport_code', 'flightLegs_departureInformation_airport_code', 'flightLegs_season', 'flightLegs_arrivalInformation_times_scheduled_dayPeriod', 'flightLegs_departureInformation_times_scheduled_dayPeriod']

2025-11-14 10:16:44,960 - __main__ - INFO - ==== Preparing regression dataset ====
2025-11-14 10:16:45,221 - __main__ - INFO - Step: lateFlights_filtering | shape: (175221, 12) | null values: 0
2025-11-14 10:16:45,248 - __main__ - INFO - Saved dataset cleaning summary to 'outputs/2025_11_14T10_16_07/dataset_summary/dataset_cleaning_summary.csv'

2025-11-14 10:16:45,248 - __main__ - INFO - Using the full dataset
2025-11-14 10:16:45,256 - __main__ - INFO - Regression dataset shape: X=(175221, 11), y=(175221,)
2025-11-14 10:16:45,273 - __main__ - INFO - Regression train/test split: X_train=(140176, 11), X_test=(35045, 11), y_train=(140176,), y_test=(35045,)
2025-11-14 10:16:45,273 - __main__ - INFO - Extracting features from dataset, target column: flightLegs_irregularity_delayDuration_total
2025-11-14 10:16:45,277 - __main__ - INFO - Identified 1 numeric and 7 categorical features
2025-11-14 10:16:45,277 - __main__ - INFO - Numeric features: ['flightLegs_scheduledFlightDuration']
2025-11-14 10:16:45,277 - __main__ - INFO - Categorical features: ['flightLegs_aircraft_typeCode', 'flightLegs_arrivalInformation_airport_code', 'flightLegs_departureInformation_airport_code', 'flightLegs_Category', 'flightLegs_season', 'flightLegs_arrivalInformation_times_scheduled_dayPeriod', 'flightLegs_departureInformation_times_scheduled_dayPeriod']

2025-11-14 10:16:45,278 - __main__ - INFO - ==== Starting classification pipeline: Logistic_OVO ====

2025-11-14 10:16:45,278 - __main__ - INFO - Running grid mode for Logistic_OVO
2025-11-14 10:16:45,278 - __main__ - INFO - Starting classification pipeline: Logistic_OVO | mode: grid
2025-11-14 10:16:45,278 - __main__ - INFO - Performing GridSearchCV (cv = 5, scoring='accuracy') for Logistic_OVO with parameters: {'classifier__estimator__C': [0.01, 0.1, 1], 'classifier__estimator__penalty': ['l2']}
2025-11-14 10:17:04,056 - __main__ - INFO - GridSearchCV completed for Logistic_OVO | best score: 0.782 | Total duration: 18 seconds
2025-11-14 10:17:04,056 - __main__ - INFO - Saving feature importance for Logistic_OVO (classification)
2025-11-14 10:17:04,057 - __main__ - WARNING - No feature importances available for Logistic_OVO
2025-11-14 10:17:04,058 - __main__ - INFO - Skipping tree plot for Logistic_OVO (not a DecisionTree model)
2025-11-14 10:17:04,058 - __main__ - INFO - Generating classification metrics for Logistic_OVO | mode=grid
2025-11-14 10:17:05,089 - __main__ - INFO - Grid mode completed for Logistic_OVO

2025-11-14 10:17:05,089 - __main__ - INFO - ==== Finished classification pipeline: Logistic_OVO ====


2025-11-14 10:17:05,089 - __main__ - INFO - ==== Starting classification pipeline: DecisionTree ====

2025-11-14 10:17:05,089 - __main__ - INFO - Running grid mode for DecisionTree
2025-11-14 10:17:05,089 - __main__ - INFO - Starting classification pipeline: DecisionTree | mode: grid
2025-11-14 10:17:05,089 - __main__ - INFO - Performing GridSearchCV (cv = 5, scoring='accuracy') for DecisionTree with parameters: {'classifier__max_depth': [2, 3], 'classifier__criterion': ['gini', 'entropy']}
2025-11-14 10:17:12,020 - __main__ - INFO - GridSearchCV completed for DecisionTree | best score: 0.695 | Total duration: 6 seconds
2025-11-14 10:17:12,020 - __main__ - INFO - Saving feature importance for DecisionTree (classification)
2025-11-14 10:17:12,022 - __main__ - INFO - Feature importance CSV saved for DecisionTree
2025-11-14 10:17:12,197 - __main__ - INFO - Feature importance plot saved for DecisionTree
2025-11-14 10:17:12,199 - __main__ - INFO - Adjusted thresholds to original units for 1 scaled features
2025-11-14 10:17:12,999 - __main__ - INFO - Decision tree plot saved for DecisionTree
2025-11-14 10:17:12,999 - __main__ - INFO - Generating classification metrics for DecisionTree | mode=grid
2025-11-14 10:17:13,959 - __main__ - INFO - Grid mode completed for DecisionTree

2025-11-14 10:17:13,959 - __main__ - INFO - ==== Finished classification pipeline: DecisionTree ====


2025-11-14 10:17:13,959 - __main__ - INFO - ==== Starting classification pipeline: RandomForest ====

2025-11-14 10:17:13,959 - __main__ - INFO - Running grid mode for RandomForest
2025-11-14 10:17:13,959 - __main__ - INFO - Starting classification pipeline: RandomForest | mode: grid
2025-11-14 10:17:13,959 - __main__ - INFO - Performing GridSearchCV (cv = 5, scoring='accuracy') for RandomForest with parameters: {'classifier__n_estimators': [50, 100]}
2025-11-14 10:46:56,038 - __main__ - INFO - GridSearchCV completed for RandomForest | best score: 0.842 | Total duration: 1782 seconds
2025-11-14 10:46:56,038 - __main__ - INFO - Saving feature importance for RandomForest (classification)
2025-11-14 10:46:56,078 - __main__ - INFO - Feature importance CSV saved for RandomForest
2025-11-14 10:46:56,269 - __main__ - INFO - Feature importance plot saved for RandomForest
2025-11-14 10:46:56,269 - __main__ - INFO - Skipping tree plot for RandomForest (not a DecisionTree model)
2025-11-14 10:46:56,270 - __main__ - INFO - Generating classification metrics for RandomForest | mode=grid
2025-11-14 10:46:59,495 - __main__ - INFO - Grid mode completed for RandomForest

2025-11-14 10:46:59,495 - __main__ - INFO - ==== Finished classification pipeline: RandomForest ====


2025-11-14 10:46:59,496 - __main__ - INFO - ==== Starting classification pipeline: Logistic_OVR ====

2025-11-14 10:46:59,496 - __main__ - INFO - Running grid mode for Logistic_OVR
2025-11-14 10:46:59,496 - __main__ - INFO - Starting classification pipeline: Logistic_OVR | mode: grid
2025-11-14 10:46:59,496 - __main__ - INFO - Performing GridSearchCV (cv = 5, scoring='accuracy') for Logistic_OVR with parameters: {'classifier__estimator__C': [0.01, 0.1, 1], 'classifier__estimator__penalty': ['l2']}
2025-11-14 10:47:33,479 - __main__ - INFO - GridSearchCV completed for Logistic_OVR | best score: 0.780 | Total duration: 33 seconds
2025-11-14 10:47:33,479 - __main__ - INFO - Saving feature importance for Logistic_OVR (classification)
2025-11-14 10:47:33,480 - __main__ - WARNING - No feature importances available for Logistic_OVR
2025-11-14 10:47:33,480 - __main__ - INFO - Skipping tree plot for Logistic_OVR (not a DecisionTree model)
2025-11-14 10:47:33,484 - __main__ - INFO - Generating classification metrics for Logistic_OVR | mode=grid
2025-11-14 10:47:34,698 - __main__ - INFO - Grid mode completed for Logistic_OVR

2025-11-14 10:47:34,698 - __main__ - INFO - ==== Finished classification pipeline: Logistic_OVR ====


2025-11-14 10:47:34,698 - __main__ - INFO - ==== Starting regression pipeline: LinearRegression ====

2025-11-14 10:47:34,698 - __main__ - INFO - Running grid mode for LinearRegression
2025-11-14 10:47:34,698 - __main__ - INFO - Starting regression pipeline: LinearRegression | mode: grid
2025-11-14 10:47:38,391 - __main__ - INFO - Fitted simple pipeline for LinearRegression | r2: 0.026 | Total duration: 3 seconds
2025-11-14 10:47:38,391 - __main__ - INFO - Saving feature importance for LinearRegression (regression)
2025-11-14 10:47:38,394 - __main__ - INFO - Feature importance CSV saved for LinearRegression
2025-11-14 10:47:38,612 - __main__ - INFO - Feature importance plot saved for LinearRegression
2025-11-14 10:47:38,612 - __main__ - INFO - Skipping tree plot for LinearRegression (not a DecisionTree model)
2025-11-14 10:47:38,612 - __main__ - INFO - Generating regression metrics for LinearRegression | mode=grid
2025-11-14 10:47:38,908 - __main__ - INFO - Grid mode completed for LinearRegression

2025-11-14 10:47:38,908 - __main__ - INFO - ==== Finished regression pipeline: LinearRegression ====


2025-11-14 10:47:38,908 - __main__ - INFO - ==== Starting regression pipeline: DecisionTreeRegressor ====

2025-11-14 10:47:38,908 - __main__ - INFO - Running grid mode for DecisionTreeRegressor
2025-11-14 10:47:38,908 - __main__ - INFO - Starting regression pipeline: DecisionTreeRegressor | mode: grid
2025-11-14 10:47:38,908 - __main__ - INFO - Performing GridSearchCV (cv = 5, scoring='r2') for DecisionTreeRegressor with parameters: {'classifier__max_depth': [3, 5, 7]}
2025-11-14 10:47:41,416 - __main__ - INFO - GridSearchCV completed for DecisionTreeRegressor | best score: 0.031 | Total duration: 2 seconds
2025-11-14 10:47:41,417 - __main__ - INFO - Saving feature importance for DecisionTreeRegressor (regression)
2025-11-14 10:47:41,420 - __main__ - INFO - Feature importance CSV saved for DecisionTreeRegressor
2025-11-14 10:47:41,636 - __main__ - INFO - Feature importance plot saved for DecisionTreeRegressor
2025-11-14 10:47:41,638 - __main__ - INFO - Adjusted thresholds to original units for 1 scaled features
2025-11-14 10:47:42,882 - __main__ - INFO - Decision tree plot saved for DecisionTreeRegressor
2025-11-14 10:47:42,883 - __main__ - INFO - Generating regression metrics for DecisionTreeRegressor | mode=grid
2025-11-14 10:47:43,182 - __main__ - INFO - Grid mode completed for DecisionTreeRegressor

2025-11-14 10:47:43,182 - __main__ - INFO - ==== Finished regression pipeline: DecisionTreeRegressor ====


2025-11-14 10:47:43,182 - __main__ - INFO - ==== Starting regression pipeline: RandomForestRegressor ====

2025-11-14 10:47:43,182 - __main__ - INFO - Running grid mode for RandomForestRegressor
2025-11-14 10:47:43,182 - __main__ - INFO - Starting regression pipeline: RandomForestRegressor | mode: grid
2025-11-14 10:47:43,182 - __main__ - INFO - Performing GridSearchCV (cv = 5, scoring='r2') for RandomForestRegressor with parameters: {'classifier__n_estimators': [50, 100]}
2025-11-14 11:04:21,244 - __main__ - INFO - GridSearchCV completed for RandomForestRegressor | best score: -0.027 | Total duration: 998 seconds
2025-11-14 11:04:21,244 - __main__ - INFO - Saving feature importance for RandomForestRegressor (regression)
2025-11-14 11:04:21,270 - __main__ - INFO - Feature importance CSV saved for RandomForestRegressor
2025-11-14 11:04:21,469 - __main__ - INFO - Feature importance plot saved for RandomForestRegressor
2025-11-14 11:04:21,470 - __main__ - INFO - Skipping tree plot for RandomForestRegressor (not a DecisionTree model)
2025-11-14 11:04:21,470 - __main__ - INFO - Generating regression metrics for RandomForestRegressor | mode=grid
2025-11-14 11:04:22,512 - __main__ - INFO - Grid mode completed for RandomForestRegressor

2025-11-14 11:04:22,512 - __main__ - INFO - ==== Finished regression pipeline: RandomForestRegressor ====


2025-11-14 11:04:22,512 - __main__ - INFO - ==== Starting regression pipeline: XGBRegressor ====

2025-11-14 11:04:22,512 - __main__ - INFO - Running grid mode for XGBRegressor
2025-11-14 11:04:22,512 - __main__ - INFO - Starting regression pipeline: XGBRegressor | mode: grid
2025-11-14 11:04:22,512 - __main__ - INFO - Performing GridSearchCV (cv = 5, scoring='r2') for XGBRegressor with parameters: {'classifier__n_estimators': [50, 100], 'classifier__max_depth': [3, 5]}
2025-11-14 11:04:27,867 - __main__ - INFO - GridSearchCV completed for XGBRegressor | best score: 0.052 | Total duration: 5 seconds
2025-11-14 11:04:27,867 - __main__ - INFO - Saving feature importance for XGBRegressor (regression)
2025-11-14 11:04:27,871 - __main__ - INFO - Feature importance CSV saved for XGBRegressor
2025-11-14 11:04:28,081 - __main__ - INFO - Feature importance plot saved for XGBRegressor
2025-11-14 11:04:28,081 - __main__ - INFO - Skipping tree plot for XGBRegressor (not a DecisionTree model)
2025-11-14 11:04:28,082 - __main__ - INFO - Generating regression metrics for XGBRegressor | mode=grid
2025-11-14 11:04:28,377 - __main__ - INFO - Grid mode completed for XGBRegressor

2025-11-14 11:04:28,377 - __main__ - INFO - ==== Finished regression pipeline: XGBRegressor ====


2025-11-14 11:04:28,378 - __main__ - INFO - Saved top 20 features summary for all pipelines
2025-11-14 11:04:28,379 - __main__ - INFO - Saved combined global ML summary for all pipelines and modes
2025-11-14 11:04:28,385 - __main__ - INFO - Saved enhanced global ML summary with expanded hyperparameters
2025-11-14 11:04:28,398 - __main__ - INFO - Appended current enhanced global ML summary with expanded hyperparameters to historical summaries
2025-11-14 11:04:28,416 - __main__ - INFO - End of ML script

