2025-12-04 23:38:55,504 - __main__ - INFO - ==== Starting ML script====
2025-12-04 23:38:55,534 - __main__ - INFO - Nb of cores: 6

2025-12-04 23:38:55,644 - __main__ - INFO - ML pipeline settings loaded from afklm_ml_training_settings.json
2025-12-04 23:38:56,730 - __main__ - INFO - Airport list loaded from airport_list.json
2025-12-04 23:39:14,278 - __main__ - INFO - Loaded dataset: afklm_past_flight.csv.zip, shape=(750205, 60)
2025-12-04 23:39:15,466 - __main__ - INFO - Step: raw_data | shape: (750205, 60) | null values: 3703144
2025-12-04 23:39:16,560 - __main__ - INFO - Extracting 'company_flight' from 'flight_id' column
2025-12-04 23:39:17,528 - __main__ - INFO - Dropping columns: Index(['flight_id', 'airline_code', 'airline_name',
       'flightlegs_irregularity_delayinfo_delayreasonpubliclong',
       'flightlegs_irregularity_delayinfo_delayreasonpublicshort',
       'flightlegs_depinfo_airport_location_name',
       'flightlegs_depinfo_airport_icao_code',
       'flightlegs_depinfo_airport_places_depposterm_boardingterminal',
       'flightlegs_depinfo_airport_places_depposterm_gatenumber',
       'flightlegs_arrinfo_airport_location_name',
       'flightlegs_arrinfo_airport_icao_code', 'company_flight'],
      dtype='object') and rows with missing flightlegs_irregularity_delayduration_total_bracket
2025-12-04 23:39:19,161 - __main__ - INFO - Step: drop_na_and_unused_cols | shape: (750201, 49) | null values: 1707447
2025-12-04 23:39:41,404 - __main__ - INFO - Computing 'flightlegs_scheduledflightduration' in minutes
2025-12-04 23:39:50,714 - __main__ - INFO - Filtered past flights only, resulting shape: (750055, 51)
2025-12-04 23:39:50,720 - __main__ - INFO - Filled missing flightlegs_irregularity_delayduration_total with 0
2025-12-04 23:39:50,720 - __main__ - INFO - Categorizing flights into 'CANCELLED', 'LATE', 'ONTIME'
2025-12-04 23:39:58,063 - __main__ - INFO - Step: categorize_flights | shape: (750055, 51) | null values: 1142080
2025-12-04 23:39:58,833 - __main__ - INFO - Categorizing flights into 'cancelled', 'late', 'on_time'
2025-12-04 23:40:03,715 - __main__ - INFO - Step: categorize_delay_brackets | shape: (750055, 52) | null values: 1142080
2025-12-04 23:40:04,510 - __main__ - INFO - Filtering flights in optional list
2025-12-04 23:40:04,767 - __main__ - INFO - AFiltering flights in mandatory list
2025-12-04 23:40:05,701 - __main__ - INFO - Step: airport_filtering | shape: (550772, 52) | null values: 819304
2025-12-04 23:40:06,284 - __main__ - INFO - Adding seasonality, isWeekend and dayPeriod
2025-12-04 23:40:31,803 - __main__ - INFO - ==== Preparing classification_status dataset ====
2025-12-04 23:40:31,809 - __main__ - INFO - Using the full dataset
2025-12-04 23:40:32,078 - __main__ - INFO - Classification status dataset shape: X=(550772, 10), y=(550772,)
2025-12-04 23:40:32,103 - __main__ - INFO - Classification status dataset class repartition: flightlegs_publishedstatus
ONTIME       0.615342
LATE         0.384092
CANCELLED    0.000566
Name: proportion, dtype: float64
2025-12-04 23:40:32,539 - __main__ - INFO - Classification status train/test split: X_train=(440617, 10), X_test=(110155, 10), y_train=(440617,), y_test=(110155,)
2025-12-04 23:40:32,540 - __main__ - INFO - Extracting features from dataset, target column: flightlegs_publishedstatus
2025-12-04 23:40:32,607 - __main__ - INFO - Identified 1 numeric and 9 categorical features
2025-12-04 23:40:32,607 - __main__ - INFO - Numeric features: ['flightlegs_scheduledflightduration']
2025-12-04 23:40:32,607 - __main__ - INFO - Categorical features: ['flightlegs_aircraft_ownerairlinecode', 'flightlegs_aircraft_typecode', 'flightlegs_depinfo_airport_country_name', 'flightlegs_arrinfo_airport_code', 'flightlegs_arrinfo_airport_country_name', 'flightlegs_depinfo_airport_code', 'flightlegs_season', 'flightlegs_arrinfo_times_scheduled_dayPeriod', 'flightlegs_depinfo_times_scheduled_dayPeriod']

2025-12-04 23:40:32,611 - __main__ - INFO - ==== Preparing classification_delay dataset ====
2025-12-04 23:40:32,915 - __main__ - INFO - Step: lateFlights_filtering | shape: (211547, 11) | null values: 3899
2025-12-04 23:40:32,989 - __main__ - INFO - Using the full dataset
2025-12-04 23:40:33,020 - __main__ - INFO - Classification delay dataset shape: X=(211547, 10), y=(211547,)
2025-12-04 23:40:33,066 - __main__ - INFO - Classification delay train/test split: X_train=(169237, 10), X_test=(42310, 10), y_train=(169237,), y_test=(42310,)
2025-12-04 23:40:33,067 - __main__ - INFO - Extracting features from dataset, target column: flightlegs_irregularity_delayduration_total_bracket
2025-12-04 23:40:33,078 - __main__ - INFO - Identified 1 numeric and 9 categorical features
2025-12-04 23:40:33,078 - __main__ - INFO - Numeric features: ['flightlegs_scheduledflightduration']
2025-12-04 23:40:33,078 - __main__ - INFO - Categorical features: ['flightlegs_aircraft_ownerairlinecode', 'flightlegs_aircraft_typecode', 'flightlegs_depinfo_airport_country_name', 'flightlegs_arrinfo_airport_code', 'flightlegs_arrinfo_airport_country_name', 'flightlegs_depinfo_airport_code', 'flightlegs_season', 'flightlegs_arrinfo_times_scheduled_dayPeriod', 'flightlegs_depinfo_times_scheduled_dayPeriod']

2025-12-04 23:40:33,079 - __main__ - INFO - ==== Preparing regression dataset ====
2025-12-04 23:40:33,372 - __main__ - INFO - Step: lateFlights_filtering | shape: (211547, 11) | null values: 3899
2025-12-04 23:40:33,444 - __main__ - INFO - Saved dataset cleaning summary to 'outputs/2025_12_04T23_38_54/dataset_summary/dataset_cleaning_summary.csv'

2025-12-04 23:40:33,446 - __main__ - INFO - Using the full dataset
2025-12-04 23:40:33,467 - __main__ - INFO - Regression dataset shape: X=(211547, 10), y=(211547,)
2025-12-04 23:40:33,511 - __main__ - INFO - Regression train/test split: X_train=(169237, 10), X_test=(42310, 10), y_train=(169237,), y_test=(42310,)
2025-12-04 23:40:33,511 - __main__ - INFO - Extracting features from dataset, target column: flightlegs_irregularity_delayduration_total
2025-12-04 23:40:33,522 - __main__ - INFO - Identified 1 numeric and 9 categorical features
2025-12-04 23:40:33,522 - __main__ - INFO - Numeric features: ['flightlegs_scheduledflightduration']
2025-12-04 23:40:33,522 - __main__ - INFO - Categorical features: ['flightlegs_aircraft_ownerairlinecode', 'flightlegs_aircraft_typecode', 'flightlegs_depinfo_airport_country_name', 'flightlegs_arrinfo_airport_code', 'flightlegs_arrinfo_airport_country_name', 'flightlegs_depinfo_airport_code', 'flightlegs_season', 'flightlegs_arrinfo_times_scheduled_dayPeriod', 'flightlegs_depinfo_times_scheduled_dayPeriod']

2025-12-04 23:40:33,546 - __main__ - INFO - ==== Starting classification_status pipeline: RandomForest ====

2025-12-04 23:40:33,547 - __main__ - INFO - Running simple mode for RandomForest
2025-12-04 23:40:33,547 - __main__ - INFO - Starting classification_status pipeline: RandomForest | mode: simple
2025-12-04 23:46:07,714 - __main__ - INFO - Fitted simple pipeline for classification_status RandomForest | Score: 0.874 | Total duration: 332 seconds
2025-12-04 23:46:07,714 - __main__ - INFO - Saving feature importance for RandomForest (classification_status)
2025-12-04 23:46:07,745 - __main__ - INFO - Feature importance CSV saved for RandomForest
2025-12-04 23:46:08,991 - __main__ - INFO - Feature importance plot saved for RandomForest
2025-12-04 23:46:08,992 - __main__ - INFO - Generating classification_status metrics for RandomForest | mode=simple
2025-12-04 23:46:11,621 - __main__ - INFO - Skipping tree plot for RandomForest_simple (not a DecisionTree model)
2025-12-04 23:46:11,621 - __main__ - INFO - Simple mode completed for RandomForest

2025-12-04 23:46:11,621 - __main__ - INFO - ==== Finished classification_status pipeline: RandomForest ====


2025-12-04 23:46:11,622 - __main__ - INFO - ==== Starting classification_status pipeline: DecisionTree ====

2025-12-04 23:46:11,622 - __main__ - INFO - Running simple mode for DecisionTree
2025-12-04 23:46:11,622 - __main__ - INFO - Starting classification_status pipeline: DecisionTree | mode: simple
2025-12-04 23:46:29,145 - __main__ - INFO - Fitted simple pipeline for classification_status DecisionTree | Score: 0.874 | Total duration: 17 seconds
2025-12-04 23:46:29,145 - __main__ - INFO - Saving feature importance for DecisionTree (classification_status)
2025-12-04 23:46:29,150 - __main__ - INFO - Feature importance CSV saved for DecisionTree
2025-12-04 23:46:29,485 - __main__ - INFO - Feature importance plot saved for DecisionTree
2025-12-04 23:46:29,486 - __main__ - INFO - Generating classification_status metrics for DecisionTree | mode=simple
2025-12-04 23:46:31,472 - __main__ - INFO - Adjusted thresholds to original units for 1 scaled features
2025-12-04 23:46:32,828 - __main__ - INFO - Decision tree plot saved for classification_status - DecisionTree_simple
2025-12-04 23:46:32,829 - __main__ - INFO - Simple mode completed for DecisionTree

2025-12-04 23:46:32,829 - __main__ - INFO - ==== Finished classification_status pipeline: DecisionTree ====


2025-12-04 23:46:32,829 - __main__ - INFO - ==== Starting classification_status pipeline: Logistic_OVO ====

2025-12-04 23:46:32,829 - __main__ - INFO - Running simple mode for Logistic_OVO
2025-12-04 23:46:32,829 - __main__ - INFO - Starting classification_status pipeline: Logistic_OVO | mode: simple
2025-12-04 23:46:42,331 - __main__ - INFO - Fitted simple pipeline for classification_status Logistic_OVO | Score: 0.864 | Total duration: 9 seconds
2025-12-04 23:46:42,331 - __main__ - INFO - Saving feature importance for Logistic_OVO (classification_status)
2025-12-04 23:46:42,333 - __main__ - WARNING - No feature importances available for Logistic_OVO
2025-12-04 23:46:42,333 - __main__ - INFO - Generating classification_status metrics for Logistic_OVO | mode=simple
2025-12-04 23:46:44,240 - __main__ - INFO - Skipping tree plot for Logistic_OVO_simple (not a DecisionTree model)
2025-12-04 23:46:44,240 - __main__ - INFO - Simple mode completed for Logistic_OVO

2025-12-04 23:46:44,240 - __main__ - INFO - ==== Finished classification_status pipeline: Logistic_OVO ====


2025-12-04 23:46:44,240 - __main__ - INFO - ==== Starting classification_status pipeline: Logistic_OVR ====

2025-12-04 23:46:44,240 - __main__ - INFO - Running simple mode for Logistic_OVR
2025-12-04 23:46:44,240 - __main__ - INFO - Starting classification_status pipeline: Logistic_OVR | mode: simple
2025-12-04 23:46:53,105 - __main__ - INFO - Fitted simple pipeline for classification_status Logistic_OVR | Score: 0.864 | Total duration: 8 seconds
2025-12-04 23:46:53,105 - __main__ - INFO - Saving feature importance for Logistic_OVR (classification_status)
2025-12-04 23:46:53,106 - __main__ - WARNING - No feature importances available for Logistic_OVR
2025-12-04 23:46:53,107 - __main__ - INFO - Generating classification_status metrics for Logistic_OVR | mode=simple
2025-12-04 23:46:54,687 - __main__ - INFO - Skipping tree plot for Logistic_OVR_simple (not a DecisionTree model)
2025-12-04 23:46:54,687 - __main__ - INFO - Simple mode completed for Logistic_OVR

2025-12-04 23:46:54,687 - __main__ - INFO - ==== Finished classification_status pipeline: Logistic_OVR ====


2025-12-04 23:46:54,724 - __main__ - INFO - ==== Starting classification_delay pipeline: RandomForest ====

2025-12-04 23:46:54,725 - __main__ - INFO - Running simple mode for RandomForest
2025-12-04 23:46:54,725 - __main__ - INFO - Starting classification_delay pipeline: RandomForest | mode: simple
2025-12-04 23:48:58,714 - __main__ - INFO - Fitted simple pipeline for classification_delay RandomForest | Score: 0.324 | Total duration: 123 seconds
2025-12-04 23:48:58,714 - __main__ - INFO - Saving feature importance for RandomForest (classification_delay)
2025-12-04 23:48:58,758 - __main__ - INFO - Feature importance CSV saved for RandomForest
2025-12-04 23:48:59,115 - __main__ - INFO - Feature importance plot saved for RandomForest
2025-12-04 23:48:59,116 - __main__ - INFO - Generating classification_delay metrics for RandomForest | mode=simple
2025-12-04 23:49:00,237 - __main__ - INFO - Skipping tree plot for RandomForest_simple (not a DecisionTree model)
2025-12-04 23:49:00,238 - __main__ - INFO - Simple mode completed for RandomForest

2025-12-04 23:49:00,238 - __main__ - INFO - ==== Finished classification_delay pipeline: RandomForest ====


2025-12-04 23:49:00,238 - __main__ - INFO - ==== Starting classification_delay pipeline: DecisionTree ====

2025-12-04 23:49:00,238 - __main__ - INFO - Running simple mode for DecisionTree
2025-12-04 23:49:00,238 - __main__ - INFO - Starting classification_delay pipeline: DecisionTree | mode: simple
2025-12-04 23:49:09,188 - __main__ - INFO - Fitted simple pipeline for classification_delay DecisionTree | Score: 0.325 | Total duration: 8 seconds
2025-12-04 23:49:09,189 - __main__ - INFO - Saving feature importance for DecisionTree (classification_delay)
2025-12-04 23:49:09,192 - __main__ - INFO - Feature importance CSV saved for DecisionTree
2025-12-04 23:49:09,535 - __main__ - INFO - Feature importance plot saved for DecisionTree
2025-12-04 23:49:09,536 - __main__ - INFO - Generating classification_delay metrics for DecisionTree | mode=simple
2025-12-04 23:49:10,420 - __main__ - INFO - Adjusted thresholds to original units for 1 scaled features
2025-12-04 23:49:11,549 - __main__ - INFO - Decision tree plot saved for classification_delay - DecisionTree_simple
2025-12-04 23:49:11,549 - __main__ - INFO - Simple mode completed for DecisionTree

2025-12-04 23:49:11,549 - __main__ - INFO - ==== Finished classification_delay pipeline: DecisionTree ====


2025-12-04 23:49:11,549 - __main__ - INFO - ==== Starting classification_delay pipeline: Logistic_OVO ====

2025-12-04 23:49:11,550 - __main__ - INFO - Running simple mode for Logistic_OVO
2025-12-04 23:49:11,550 - __main__ - INFO - Starting classification_delay pipeline: Logistic_OVO | mode: simple
2025-12-04 23:49:13,827 - __main__ - INFO - Fitted simple pipeline for classification_delay Logistic_OVO | Score: 0.334 | Total duration: 2 seconds
2025-12-04 23:49:13,827 - __main__ - INFO - Saving feature importance for Logistic_OVO (classification_delay)
2025-12-04 23:49:13,828 - __main__ - WARNING - No feature importances available for Logistic_OVO
2025-12-04 23:49:13,828 - __main__ - INFO - Generating classification_delay metrics for Logistic_OVO | mode=simple
2025-12-04 23:49:14,773 - __main__ - INFO - Skipping tree plot for Logistic_OVO_simple (not a DecisionTree model)
2025-12-04 23:49:14,773 - __main__ - INFO - Simple mode completed for Logistic_OVO

2025-12-04 23:49:14,773 - __main__ - INFO - ==== Finished classification_delay pipeline: Logistic_OVO ====


2025-12-04 23:49:14,773 - __main__ - INFO - ==== Starting classification_delay pipeline: Logistic_OVR ====

2025-12-04 23:49:14,773 - __main__ - INFO - Running simple mode for Logistic_OVR
2025-12-04 23:49:14,773 - __main__ - INFO - Starting classification_delay pipeline: Logistic_OVR | mode: simple
2025-12-04 23:49:18,065 - __main__ - INFO - Fitted simple pipeline for classification_delay Logistic_OVR | Score: 0.335 | Total duration: 3 seconds
2025-12-04 23:49:18,065 - __main__ - INFO - Saving feature importance for Logistic_OVR (classification_delay)
2025-12-04 23:49:18,066 - __main__ - WARNING - No feature importances available for Logistic_OVR
2025-12-04 23:49:18,066 - __main__ - INFO - Generating classification_delay metrics for Logistic_OVR | mode=simple
2025-12-04 23:49:18,868 - __main__ - INFO - Skipping tree plot for Logistic_OVR_simple (not a DecisionTree model)
2025-12-04 23:49:18,868 - __main__ - INFO - Simple mode completed for Logistic_OVR

2025-12-04 23:49:18,868 - __main__ - INFO - ==== Finished classification_delay pipeline: Logistic_OVR ====


2025-12-04 23:49:18,901 - __main__ - INFO - ==== Starting regression pipeline: LinearRegression ====

2025-12-04 23:49:18,901 - __main__ - INFO - Running simple mode for LinearRegression
2025-12-04 23:49:18,901 - __main__ - INFO - Starting regression pipeline: LinearRegression | mode: simple
2025-12-04 23:49:24,100 - __main__ - INFO - Fitted simple pipeline for LinearRegression | r2: 0.051 | Total duration: 5 seconds
2025-12-04 23:49:24,100 - __main__ - INFO - Saving feature importance for LinearRegression (regression)
2025-12-04 23:49:24,104 - __main__ - INFO - Feature importance CSV saved for LinearRegression
2025-12-04 23:49:24,470 - __main__ - INFO - Feature importance plot saved for LinearRegression
2025-12-04 23:49:24,471 - __main__ - INFO - Generating regression metrics for LinearRegression | mode=simple
2025-12-04 23:49:24,946 - __main__ - INFO - Skipping tree plot for LinearRegression_simple (not a DecisionTree model)
2025-12-04 23:49:24,946 - __main__ - INFO - Simple mode completed for LinearRegression

2025-12-04 23:49:24,946 - __main__ - INFO - ==== Finished regression pipeline: LinearRegression ====


2025-12-04 23:49:24,946 - __main__ - INFO - ==== Starting regression pipeline: DecisionTreeRegressor ====

2025-12-04 23:49:24,946 - __main__ - INFO - Running simple mode for DecisionTreeRegressor
2025-12-04 23:49:24,946 - __main__ - INFO - Starting regression pipeline: DecisionTreeRegressor | mode: simple
2025-12-04 23:49:33,613 - __main__ - INFO - Fitted simple pipeline for DecisionTreeRegressor | r2: 0.000 | Total duration: 8 seconds
2025-12-04 23:49:33,613 - __main__ - INFO - Saving feature importance for DecisionTreeRegressor (regression)
2025-12-04 23:49:33,616 - __main__ - INFO - Feature importance CSV saved for DecisionTreeRegressor
2025-12-04 23:49:33,953 - __main__ - INFO - Feature importance plot saved for DecisionTreeRegressor
2025-12-04 23:49:33,953 - __main__ - INFO - Generating regression metrics for DecisionTreeRegressor | mode=simple
2025-12-04 23:49:34,572 - __main__ - INFO - Adjusted thresholds to original units for 1 scaled features
2025-12-04 23:49:35,614 - __main__ - INFO - Decision tree plot saved for regression - DecisionTreeRegressor_simple
2025-12-04 23:49:35,614 - __main__ - INFO - Simple mode completed for DecisionTreeRegressor

2025-12-04 23:49:35,615 - __main__ - INFO - ==== Finished regression pipeline: DecisionTreeRegressor ====


2025-12-04 23:49:35,615 - __main__ - INFO - ==== Starting regression pipeline: RandomForestRegressor ====

2025-12-04 23:49:35,615 - __main__ - INFO - Running simple mode for RandomForestRegressor
2025-12-04 23:49:35,615 - __main__ - INFO - Starting regression pipeline: RandomForestRegressor | mode: simple
2025-12-04 23:52:30,590 - __main__ - INFO - Fitted simple pipeline for RandomForestRegressor | r2: 0.021 | Total duration: 174 seconds
2025-12-04 23:52:30,590 - __main__ - INFO - Saving feature importance for RandomForestRegressor (regression)
2025-12-04 23:52:30,620 - __main__ - INFO - Feature importance CSV saved for RandomForestRegressor
2025-12-04 23:52:30,985 - __main__ - INFO - Feature importance plot saved for RandomForestRegressor
2025-12-04 23:52:30,986 - __main__ - INFO - Generating regression metrics for RandomForestRegressor | mode=simple
2025-12-04 23:52:31,723 - __main__ - INFO - Skipping tree plot for RandomForestRegressor_simple (not a DecisionTree model)
2025-12-04 23:52:31,723 - __main__ - INFO - Simple mode completed for RandomForestRegressor

2025-12-04 23:52:31,723 - __main__ - INFO - ==== Finished regression pipeline: RandomForestRegressor ====


2025-12-04 23:52:31,723 - __main__ - INFO - ==== Starting regression pipeline: XGBRegressor ====

2025-12-04 23:52:31,724 - __main__ - INFO - Running simple mode for XGBRegressor
2025-12-04 23:52:31,724 - __main__ - INFO - Starting regression pipeline: XGBRegressor | mode: simple
2025-12-04 23:52:33,007 - __main__ - INFO - Fitted simple pipeline for XGBRegressor | r2: 0.068 | Total duration: 1 seconds
2025-12-04 23:52:33,007 - __main__ - INFO - Saving feature importance for XGBRegressor (regression)
2025-12-04 23:52:33,012 - __main__ - INFO - Feature importance CSV saved for XGBRegressor
2025-12-04 23:52:33,392 - __main__ - INFO - Feature importance plot saved for XGBRegressor
2025-12-04 23:52:33,392 - __main__ - INFO - Generating regression metrics for XGBRegressor | mode=simple
2025-12-04 23:52:33,925 - __main__ - INFO - Skipping tree plot for XGBRegressor_simple (not a DecisionTree model)
2025-12-04 23:52:33,926 - __main__ - INFO - Simple mode completed for XGBRegressor

2025-12-04 23:52:33,926 - __main__ - INFO - ==== Finished regression pipeline: XGBRegressor ====


2025-12-04 23:52:33,935 - __main__ - INFO - Saved top 20 features summary for all pipelines
2025-12-04 23:52:34,042 - __main__ - INFO - Saved combined global ML summary for all pipelines and modes
2025-12-04 23:52:34,047 - __main__ - INFO - Saved enhanced global ML summary
2025-12-04 23:52:34,066 - __main__ - INFO - Created enhanced global ML summary to historical summaries
2025-12-04 23:52:34,164 - __main__ - INFO - End of ML script

