2025-11-27 19:14:21,114 - __main__ - INFO - ==== Starting ML script====
2025-11-27 19:14:21,114 - __main__ - INFO - Nb of cores: 6

2025-11-27 19:14:21,114 - __main__ - INFO - ML pipeline settings loaded from afklm_ml_training_settings.json
2025-11-27 19:14:21,114 - __main__ - INFO - Airport list loaded from airport_list.json
2025-11-27 19:14:28,807 - __main__ - INFO - Loaded dataset: v_past_flight.csv, shape=(717193, 60)
2025-11-27 19:14:29,984 - __main__ - INFO - Step: raw_data | shape: (717193, 60) | null values: 3540770
2025-11-27 19:14:31,073 - __main__ - INFO - Extracting 'company_flight' from 'flight_id' column
2025-11-27 19:14:32,012 - __main__ - INFO - Dropping columns: Index(['flight_id', 'airline_code', 'airline_name',
       'flightlegs_irregularity_delayinfo_delayreasonpubliclong',
       'flightlegs_irregularity_delayinfo_delayreasonpublicshort',
       'flightlegs_depinfo_airport_location_name',
       'flightlegs_depinfo_airport_icao_code',
       'flightlegs_depinfo_airport_places_depposterm_boardingterminal',
       'flightlegs_depinfo_airport_places_depposterm_gatenumber',
       'flightlegs_arrinfo_airport_location_name',
       'flightlegs_arrinfo_airport_icao_code', 'company_flight'],
      dtype='object') and rows with missing flightlegs_irregularity_delayduration_total_bracket
2025-11-27 19:14:33,506 - __main__ - INFO - Step: drop_na_and_unused_cols | shape: (717189, 49) | null values: 1630605
2025-11-27 19:14:56,718 - __main__ - INFO - Computing 'flightlegs_scheduledFlightDuration' in minutes
2025-11-27 19:15:07,264 - __main__ - INFO - Filtered past flights only, resulting shape: (717063, 52)
2025-11-27 19:15:07,269 - __main__ - INFO - Filled missing flightlegs_irregularity_delayduration_total with 0
2025-11-27 19:15:07,269 - __main__ - INFO - Categorizing flights into 'CANCELLED', 'LATE', 'ONTIME'
2025-11-27 19:15:15,070 - __main__ - INFO - Step: categorize_flights | shape: (717063, 52) | null values: 1166904
2025-11-27 19:15:15,950 - __main__ - INFO - Categorizing flights into 'cancelled', 'late', 'on_time'
2025-11-27 19:15:21,536 - __main__ - INFO - Step: categorize_delay_brackets | shape: (717063, 53) | null values: 1166904
2025-11-27 19:15:22,442 - __main__ - INFO - Filtering flights in optional list
2025-11-27 19:15:22,765 - __main__ - INFO - AFiltering flights in mandatory list
2025-11-27 19:15:23,803 - __main__ - INFO - Step: airport_filtering | shape: (526199, 53) | null values: 840520
2025-11-27 19:15:24,494 - __main__ - INFO - Adding seasonality, isWeekend and dayPeriod
2025-11-27 19:15:53,161 - __main__ - INFO - ==== Preparing classification_status dataset ====
2025-11-27 19:15:53,161 - __main__ - INFO - Using the full dataset
2025-11-27 19:15:53,506 - __main__ - INFO - Classification status dataset shape: X=(526199, 10), y=(526199,)
2025-11-27 19:15:53,532 - __main__ - INFO - Classification status dataset class repartition: flightlegs_publishedstatus
ONTIME       0.613941
LATE         0.385491
CANCELLED    0.000568
Name: proportion, dtype: float64
2025-11-27 19:15:54,166 - __main__ - INFO - Classification status train/test split: X_train=(420959, 10), X_test=(105240, 10), y_train=(420959,), y_test=(105240,)
2025-11-27 19:15:54,166 - __main__ - INFO - Extracting features from dataset, target column: flightlegs_publishedstatus
2025-11-27 19:15:54,243 - __main__ - INFO - Identified 0 numeric and 10 categorical features
2025-11-27 19:15:54,243 - __main__ - INFO - Numeric features: []
2025-11-27 19:15:54,243 - __main__ - INFO - Categorical features: ['flightlegs_aircraft_ownerairlinecode', 'flightlegs_aircraft_typecode', 'flightlegs_depinfo_airport_country_name', 'flightlegs_arrinfo_airport_code', 'flightlegs_arrinfo_airport_country_name', 'flightlegs_depinfo_airport_code', 'flightlegs_scheduledflightduration', 'flightlegs_season', 'flightlegs_arrinfo_times_scheduled_dayPeriod', 'flightlegs_depinfo_times_scheduled_dayPeriod']

2025-11-27 19:15:54,243 - __main__ - INFO - ==== Preparing classification_delay dataset ====
2025-11-27 19:15:54,694 - __main__ - INFO - Step: lateFlights_filtering | shape: (202845, 11) | null values: 10927
2025-11-27 19:15:54,790 - __main__ - INFO - Using the full dataset
2025-11-27 19:15:54,811 - __main__ - INFO - Classification delay dataset shape: X=(202845, 10), y=(202845,)
2025-11-27 19:15:54,851 - __main__ - INFO - Classification delay train/test split: X_train=(162276, 10), X_test=(40569, 10), y_train=(162276,), y_test=(40569,)
2025-11-27 19:15:54,851 - __main__ - INFO - Extracting features from dataset, target column: flightlegs_irregularity_delayduration_total_bracket
2025-11-27 19:15:54,862 - __main__ - INFO - Identified 0 numeric and 10 categorical features
2025-11-27 19:15:54,862 - __main__ - INFO - Numeric features: []
2025-11-27 19:15:54,862 - __main__ - INFO - Categorical features: ['flightlegs_aircraft_ownerairlinecode', 'flightlegs_aircraft_typecode', 'flightlegs_depinfo_airport_country_name', 'flightlegs_arrinfo_airport_code', 'flightlegs_arrinfo_airport_country_name', 'flightlegs_depinfo_airport_code', 'flightlegs_scheduledflightduration', 'flightlegs_season', 'flightlegs_arrinfo_times_scheduled_dayPeriod', 'flightlegs_depinfo_times_scheduled_dayPeriod']

2025-11-27 19:15:54,862 - __main__ - INFO - ==== Preparing regression dataset ====
2025-11-27 19:15:55,218 - __main__ - INFO - Step: lateFlights_filtering | shape: (202845, 11) | null values: 10927
2025-11-27 19:15:55,299 - __main__ - INFO - Saved dataset cleaning summary to 'outputs/2025_11_27T19_14_21/dataset_summary/dataset_cleaning_summary.csv'

2025-11-27 19:15:55,299 - __main__ - INFO - Using the full dataset
2025-11-27 19:15:55,319 - __main__ - INFO - Regression dataset shape: X=(202845, 10), y=(202845,)
2025-11-27 19:15:55,354 - __main__ - INFO - Regression train/test split: X_train=(162276, 10), X_test=(40569, 10), y_train=(162276,), y_test=(40569,)
2025-11-27 19:15:55,354 - __main__ - INFO - Extracting features from dataset, target column: flightlegs_irregularity_delayduration_total
2025-11-27 19:15:55,364 - __main__ - INFO - Identified 0 numeric and 10 categorical features
2025-11-27 19:15:55,365 - __main__ - INFO - Numeric features: []
2025-11-27 19:15:55,365 - __main__ - INFO - Categorical features: ['flightlegs_aircraft_ownerairlinecode', 'flightlegs_aircraft_typecode', 'flightlegs_depinfo_airport_country_name', 'flightlegs_arrinfo_airport_code', 'flightlegs_arrinfo_airport_country_name', 'flightlegs_depinfo_airport_code', 'flightlegs_scheduledflightduration', 'flightlegs_season', 'flightlegs_arrinfo_times_scheduled_dayPeriod', 'flightlegs_depinfo_times_scheduled_dayPeriod']

2025-11-27 19:15:55,365 - __main__ - INFO - ==== Starting classification_status pipeline: Logistic_OVO ====

2025-11-27 19:15:55,365 - __main__ - INFO - Running simple mode for Logistic_OVO
2025-11-27 19:15:55,365 - __main__ - INFO - Starting classification_status pipeline: Logistic_OVO | mode: simple
2025-11-27 19:16:04,416 - __main__ - INFO - Fitted simple pipeline for classification_status Logistic_OVO | Score: 0.865 | Total duration: 8 seconds
2025-11-27 19:16:04,416 - __main__ - INFO - Saving feature importance for Logistic_OVO (classification_status)
2025-11-27 19:16:04,418 - __main__ - WARNING - No feature importances available for Logistic_OVO
2025-11-27 19:16:04,419 - __main__ - INFO - Generating classification_status metrics for Logistic_OVO | mode=simple
2025-11-27 19:16:06,413 - __main__ - INFO - Skipping tree plot for Logistic_OVO_simple (not a DecisionTree model)
2025-11-27 19:16:06,414 - __main__ - INFO - Simple mode completed for Logistic_OVO

2025-11-27 19:16:06,414 - __main__ - INFO - ==== Finished classification_status pipeline: Logistic_OVO ====


2025-11-27 19:16:06,414 - __main__ - INFO - ==== Starting classification_status pipeline: DecisionTree ====

2025-11-27 19:16:06,414 - __main__ - INFO - Running simple mode for DecisionTree
2025-11-27 19:16:06,414 - __main__ - INFO - Starting classification_status pipeline: DecisionTree | mode: simple
2025-11-27 19:16:28,645 - __main__ - INFO - Fitted simple pipeline for classification_status DecisionTree | Score: 0.874 | Total duration: 21 seconds
2025-11-27 19:16:28,645 - __main__ - INFO - Saving feature importance for DecisionTree (classification_status)
2025-11-27 19:16:28,651 - __main__ - INFO - Feature importance CSV saved for DecisionTree
2025-11-27 19:16:28,959 - __main__ - INFO - Feature importance plot saved for DecisionTree
2025-11-27 19:16:28,960 - __main__ - INFO - Generating classification_status metrics for DecisionTree | mode=simple
2025-11-27 19:16:30,759 - __main__ - INFO - Adjusted thresholds to original units for 0 scaled features
2025-11-27 19:16:32,566 - __main__ - INFO - Decision tree plot saved for classification_status - DecisionTree_simple
2025-11-27 19:16:32,566 - __main__ - INFO - Simple mode completed for DecisionTree

2025-11-27 19:16:32,566 - __main__ - INFO - ==== Finished classification_status pipeline: DecisionTree ====


2025-11-27 19:16:32,566 - __main__ - INFO - ==== Starting classification_status pipeline: RandomForest ====

2025-11-27 19:16:32,566 - __main__ - INFO - Running simple mode for RandomForest
2025-11-27 19:16:32,566 - __main__ - INFO - Starting classification_status pipeline: RandomForest | mode: simple
2025-11-27 19:22:23,604 - __main__ - INFO - Fitted simple pipeline for classification_status RandomForest | Score: 0.874 | Total duration: 349 seconds
2025-11-27 19:22:23,604 - __main__ - INFO - Saving feature importance for RandomForest (classification_status)
2025-11-27 19:22:23,633 - __main__ - INFO - Feature importance CSV saved for RandomForest
2025-11-27 19:22:23,916 - __main__ - INFO - Feature importance plot saved for RandomForest
2025-11-27 19:22:23,917 - __main__ - INFO - Generating classification_status metrics for RandomForest | mode=simple
2025-11-27 19:22:26,373 - __main__ - INFO - Skipping tree plot for RandomForest_simple (not a DecisionTree model)
2025-11-27 19:22:26,373 - __main__ - INFO - Simple mode completed for RandomForest

2025-11-27 19:22:26,373 - __main__ - INFO - ==== Finished classification_status pipeline: RandomForest ====


2025-11-27 19:22:26,373 - __main__ - INFO - ==== Starting classification_status pipeline: Logistic_OVR ====

2025-11-27 19:22:26,373 - __main__ - INFO - Running simple mode for Logistic_OVR
2025-11-27 19:22:26,373 - __main__ - INFO - Starting classification_status pipeline: Logistic_OVR | mode: simple
2025-11-27 19:22:35,659 - __main__ - INFO - Fitted simple pipeline for classification_status Logistic_OVR | Score: 0.865 | Total duration: 8 seconds
2025-11-27 19:22:35,659 - __main__ - INFO - Saving feature importance for Logistic_OVR (classification_status)
2025-11-27 19:22:35,661 - __main__ - WARNING - No feature importances available for Logistic_OVR
2025-11-27 19:22:35,661 - __main__ - INFO - Generating classification_status metrics for Logistic_OVR | mode=simple
2025-11-27 19:22:37,648 - __main__ - INFO - Skipping tree plot for Logistic_OVR_simple (not a DecisionTree model)
2025-11-27 19:22:37,649 - __main__ - INFO - Simple mode completed for Logistic_OVR

2025-11-27 19:22:37,649 - __main__ - INFO - ==== Finished classification_status pipeline: Logistic_OVR ====


2025-11-27 19:22:37,649 - __main__ - INFO - ==== Starting classification_delay pipeline: Logistic_OVO ====

2025-11-27 19:22:37,649 - __main__ - INFO - Running simple mode for Logistic_OVO
2025-11-27 19:22:37,649 - __main__ - INFO - Starting classification_delay pipeline: Logistic_OVO | mode: simple
2025-11-27 19:22:41,805 - __main__ - INFO - Fitted simple pipeline for classification_delay Logistic_OVO | Score: 0.340 | Total duration: 3 seconds
2025-11-27 19:22:41,805 - __main__ - INFO - Saving feature importance for Logistic_OVO (classification_delay)
2025-11-27 19:22:41,807 - __main__ - WARNING - No feature importances available for Logistic_OVO
2025-11-27 19:22:41,807 - __main__ - INFO - Generating classification_delay metrics for Logistic_OVO | mode=simple
2025-11-27 19:22:42,873 - __main__ - INFO - Skipping tree plot for Logistic_OVO_simple (not a DecisionTree model)
2025-11-27 19:22:42,873 - __main__ - INFO - Simple mode completed for Logistic_OVO

2025-11-27 19:22:42,873 - __main__ - INFO - ==== Finished classification_delay pipeline: Logistic_OVO ====


2025-11-27 19:22:42,873 - __main__ - INFO - ==== Starting classification_delay pipeline: DecisionTree ====

2025-11-27 19:22:42,873 - __main__ - INFO - Running simple mode for DecisionTree
2025-11-27 19:22:42,873 - __main__ - INFO - Starting classification_delay pipeline: DecisionTree | mode: simple
2025-11-27 19:22:56,908 - __main__ - INFO - Fitted simple pipeline for classification_delay DecisionTree | Score: 0.322 | Total duration: 13 seconds
2025-11-27 19:22:56,908 - __main__ - INFO - Saving feature importance for DecisionTree (classification_delay)
2025-11-27 19:22:56,912 - __main__ - INFO - Feature importance CSV saved for DecisionTree
2025-11-27 19:22:57,213 - __main__ - INFO - Feature importance plot saved for DecisionTree
2025-11-27 19:22:57,214 - __main__ - INFO - Generating classification_delay metrics for DecisionTree | mode=simple
2025-11-27 19:22:58,133 - __main__ - INFO - Adjusted thresholds to original units for 0 scaled features
2025-11-27 19:22:59,986 - __main__ - INFO - Decision tree plot saved for classification_delay - DecisionTree_simple
2025-11-27 19:22:59,986 - __main__ - INFO - Simple mode completed for DecisionTree

2025-11-27 19:22:59,986 - __main__ - INFO - ==== Finished classification_delay pipeline: DecisionTree ====


2025-11-27 19:22:59,986 - __main__ - INFO - ==== Starting classification_delay pipeline: RandomForest ====

2025-11-27 19:22:59,986 - __main__ - INFO - Running simple mode for RandomForest
2025-11-27 19:22:59,986 - __main__ - INFO - Starting classification_delay pipeline: RandomForest | mode: simple
2025-11-27 19:25:33,784 - __main__ - INFO - Fitted simple pipeline for classification_delay RandomForest | Score: 0.320 | Total duration: 152 seconds
2025-11-27 19:25:33,785 - __main__ - INFO - Saving feature importance for RandomForest (classification_delay)
2025-11-27 19:25:33,834 - __main__ - INFO - Feature importance CSV saved for RandomForest
2025-11-27 19:25:34,174 - __main__ - INFO - Feature importance plot saved for RandomForest
2025-11-27 19:25:34,175 - __main__ - INFO - Generating classification_delay metrics for RandomForest | mode=simple
2025-11-27 19:25:35,539 - __main__ - INFO - Skipping tree plot for RandomForest_simple (not a DecisionTree model)
2025-11-27 19:25:35,540 - __main__ - INFO - Simple mode completed for RandomForest

2025-11-27 19:25:35,540 - __main__ - INFO - ==== Finished classification_delay pipeline: RandomForest ====


2025-11-27 19:25:35,540 - __main__ - INFO - ==== Starting classification_delay pipeline: Logistic_OVR ====

2025-11-27 19:25:35,540 - __main__ - INFO - Running simple mode for Logistic_OVR
2025-11-27 19:25:35,540 - __main__ - INFO - Starting classification_delay pipeline: Logistic_OVR | mode: simple
2025-11-27 19:25:39,462 - __main__ - INFO - Fitted simple pipeline for classification_delay Logistic_OVR | Score: 0.340 | Total duration: 3 seconds
2025-11-27 19:25:39,462 - __main__ - INFO - Saving feature importance for Logistic_OVR (classification_delay)
2025-11-27 19:25:39,464 - __main__ - WARNING - No feature importances available for Logistic_OVR
2025-11-27 19:25:39,464 - __main__ - INFO - Generating classification_delay metrics for Logistic_OVR | mode=simple
2025-11-27 19:25:40,335 - __main__ - INFO - Skipping tree plot for Logistic_OVR_simple (not a DecisionTree model)
2025-11-27 19:25:40,335 - __main__ - INFO - Simple mode completed for Logistic_OVR

2025-11-27 19:25:40,335 - __main__ - INFO - ==== Finished classification_delay pipeline: Logistic_OVR ====


2025-11-27 19:25:40,335 - __main__ - INFO - ==== Starting regression pipeline: LinearRegression ====

2025-11-27 19:25:40,335 - __main__ - INFO - Running simple mode for LinearRegression
2025-11-27 19:25:40,335 - __main__ - INFO - Starting regression pipeline: LinearRegression | mode: simple
2025-11-27 19:25:53,540 - __main__ - INFO - Fitted simple pipeline for LinearRegression | r2: 0.055 | Total duration: 13 seconds
2025-11-27 19:25:53,540 - __main__ - INFO - Saving feature importance for LinearRegression (regression)
2025-11-27 19:25:53,544 - __main__ - INFO - Feature importance CSV saved for LinearRegression
2025-11-27 19:25:53,855 - __main__ - INFO - Feature importance plot saved for LinearRegression
2025-11-27 19:25:53,856 - __main__ - INFO - Generating regression metrics for LinearRegression | mode=simple
2025-11-27 19:25:54,346 - __main__ - INFO - Skipping tree plot for LinearRegression_simple (not a DecisionTree model)
2025-11-27 19:25:54,346 - __main__ - INFO - Simple mode completed for LinearRegression

2025-11-27 19:25:54,347 - __main__ - INFO - ==== Finished regression pipeline: LinearRegression ====


2025-11-27 19:25:54,347 - __main__ - INFO - ==== Starting regression pipeline: DecisionTreeRegressor ====

2025-11-27 19:25:54,347 - __main__ - INFO - Running simple mode for DecisionTreeRegressor
2025-11-27 19:25:54,347 - __main__ - INFO - Starting regression pipeline: DecisionTreeRegressor | mode: simple
2025-11-27 19:26:06,233 - __main__ - INFO - Fitted simple pipeline for DecisionTreeRegressor | r2: -0.027 | Total duration: 11 seconds
2025-11-27 19:26:06,233 - __main__ - INFO - Saving feature importance for DecisionTreeRegressor (regression)
2025-11-27 19:26:06,237 - __main__ - INFO - Feature importance CSV saved for DecisionTreeRegressor
2025-11-27 19:26:06,481 - __main__ - INFO - Feature importance plot saved for DecisionTreeRegressor
2025-11-27 19:26:06,482 - __main__ - INFO - Generating regression metrics for DecisionTreeRegressor | mode=simple
2025-11-27 19:26:06,957 - __main__ - INFO - Adjusted thresholds to original units for 0 scaled features
2025-11-27 19:26:08,453 - __main__ - INFO - Decision tree plot saved for regression - DecisionTreeRegressor_simple
2025-11-27 19:26:08,453 - __main__ - INFO - Simple mode completed for DecisionTreeRegressor

2025-11-27 19:26:08,454 - __main__ - INFO - ==== Finished regression pipeline: DecisionTreeRegressor ====


2025-11-27 19:26:08,454 - __main__ - INFO - ==== Starting regression pipeline: RandomForestRegressor ====

2025-11-27 19:26:08,454 - __main__ - INFO - Running simple mode for RandomForestRegressor
2025-11-27 19:26:08,454 - __main__ - INFO - Starting regression pipeline: RandomForestRegressor | mode: simple
2025-11-27 19:29:36,305 - __main__ - INFO - Fitted simple pipeline for RandomForestRegressor | r2: 0.002 | Total duration: 207 seconds
2025-11-27 19:29:36,305 - __main__ - INFO - Saving feature importance for RandomForestRegressor (regression)
2025-11-27 19:29:36,332 - __main__ - INFO - Feature importance CSV saved for RandomForestRegressor
2025-11-27 19:29:36,580 - __main__ - INFO - Feature importance plot saved for RandomForestRegressor
2025-11-27 19:29:36,580 - __main__ - INFO - Generating regression metrics for RandomForestRegressor | mode=simple
2025-11-27 19:29:37,216 - __main__ - INFO - Skipping tree plot for RandomForestRegressor_simple (not a DecisionTree model)
2025-11-27 19:29:37,216 - __main__ - INFO - Simple mode completed for RandomForestRegressor

2025-11-27 19:29:37,216 - __main__ - INFO - ==== Finished regression pipeline: RandomForestRegressor ====


2025-11-27 19:29:37,216 - __main__ - INFO - ==== Starting regression pipeline: XGBRegressor ====

2025-11-27 19:29:37,216 - __main__ - INFO - Running simple mode for XGBRegressor
2025-11-27 19:29:37,216 - __main__ - INFO - Starting regression pipeline: XGBRegressor | mode: simple
2025-11-27 19:29:38,564 - __main__ - INFO - Fitted simple pipeline for XGBRegressor | r2: 0.068 | Total duration: 1 seconds
2025-11-27 19:29:38,564 - __main__ - INFO - Saving feature importance for XGBRegressor (regression)
2025-11-27 19:29:38,569 - __main__ - INFO - Feature importance CSV saved for XGBRegressor
2025-11-27 19:29:38,835 - __main__ - INFO - Feature importance plot saved for XGBRegressor
2025-11-27 19:29:38,836 - __main__ - INFO - Generating regression metrics for XGBRegressor | mode=simple
2025-11-27 19:29:39,339 - __main__ - INFO - Skipping tree plot for XGBRegressor_simple (not a DecisionTree model)
2025-11-27 19:29:39,339 - __main__ - INFO - Simple mode completed for XGBRegressor

2025-11-27 19:29:39,339 - __main__ - INFO - ==== Finished regression pipeline: XGBRegressor ====


2025-11-27 19:29:39,342 - __main__ - INFO - Saved top 20 features summary for all pipelines
2025-11-27 19:29:39,343 - __main__ - INFO - Saved combined global ML summary for all pipelines and modes
2025-11-27 19:29:39,351 - __main__ - INFO - Saved enhanced global ML summary with expanded hyperparameters
2025-11-27 19:29:39,368 - __main__ - INFO - Created enhanced global ML summary with expanded hyperparameters to historical summaries
2025-11-27 19:29:39,404 - __main__ - INFO - End of ML script

