2025-11-24 18:49:11,780 - __main__ - INFO - ==== Starting ML script====
2025-11-24 18:49:11,780 - __main__ - INFO - Nb of cores: 6

2025-11-24 18:49:11,780 - __main__ - INFO - ML pipeline settings loaded from afklm_ml_training_settings.json
2025-11-24 18:49:11,780 - __main__ - INFO - Airport list loaded from airport_list.json
2025-11-24 18:49:24,213 - __main__ - INFO - Loaded dataset: afklm_flight_from_mongo_filtered_20251121.csv.zip, shape=(954515, 55)
2025-11-24 18:49:25,663 - __main__ - INFO - Step: raw_data | shape: (954515, 55) | null values: 8366778
2025-11-24 18:49:27,109 - __main__ - INFO - Extracting 'company_flight' from 'id' column
2025-11-24 18:49:28,072 - __main__ - INFO - Dropping columns: ['id', 'airline_name', 'flightlegs_aircraft_ownerairlineCode', 'actual', 'posterm', 'latestpublished', 'airline_code', 'company_flight', 'iata', 'icao', 'city_country_areaCode', 'airport_location', 'airport_city_country_name', 'delayreason'] and rows with missing flightlegs_irregularity_delayduration_total_bracket
2025-11-24 18:49:29,903 - __main__ - INFO - Step: drop_na_and_unused_cols | shape: (954072, 34) | null values: 3037502
2025-11-24 18:49:30,843 - __main__ - INFO - Computing 'flightlegs_scheduledFlightDuration' in minutes
2025-11-24 18:49:41,122 - __main__ - INFO - Filtered past flights only, resulting shape: (953984, 35)
2025-11-24 18:49:41,126 - __main__ - INFO - Filled missing flightlegs_irregularity_delayduration_total with 0
2025-11-24 18:49:41,126 - __main__ - INFO - Categorizing flights into 'CANCELLED', 'LATE', 'ONTIME'
2025-11-24 18:49:49,383 - __main__ - INFO - Step: categorize_flights | shape: (953984, 35) | null values: 2331960
2025-11-24 18:49:50,468 - __main__ - INFO - Categorizing flights into 'cancelled', 'late', 'on_time'
2025-11-24 18:49:55,909 - __main__ - INFO - Step: categorize_delay_brackets | shape: (953984, 36) | null values: 2331960
2025-11-24 18:49:56,878 - __main__ - INFO - Filtering flights in optional list
2025-11-24 18:49:57,140 - __main__ - INFO - AFiltering flights in mandatory list
2025-11-24 18:49:57,956 - __main__ - INFO - Step: airport_filtering | shape: (580214, 36) | null values: 1312404
2025-11-24 18:49:58,525 - __main__ - INFO - Adding seasonality, isWeekend and dayPeriod
2025-11-24 18:50:22,308 - __main__ - INFO - ==== Preparing classification_status dataset ====
2025-11-24 18:50:22,308 - __main__ - INFO - Using the full dataset
2025-11-24 18:50:22,608 - __main__ - INFO - Classification status dataset shape: X=(580214, 10), y=(580214,)
2025-11-24 18:50:22,639 - __main__ - INFO - Classification status dataset class repartition: flightlegs_publishedstatus
ONTIME       0.657108
LATE         0.342381
CANCELLED    0.000512
Name: proportion, dtype: float64
2025-11-24 18:50:23,163 - __main__ - INFO - Classification status train/test split: X_train=(464171, 10), X_test=(116043, 10), y_train=(464171,), y_test=(116043,)
2025-11-24 18:50:23,163 - __main__ - INFO - Extracting features from dataset, target column: flightlegs_publishedstatus
2025-11-24 18:50:23,227 - __main__ - INFO - Identified 0 numeric and 10 categorical features
2025-11-24 18:50:23,227 - __main__ - INFO - Numeric features: []
2025-11-24 18:50:23,227 - __main__ - INFO - Categorical features: ['flightlegs_aircraft_ownerairlinecode', 'flightlegs_aircraft_typecode', 'flightlegs_arrinfo_airport_city_country_areacode', 'flightlegs_arrinfo_airport_code', 'flightlegs_depinfo_airport_city_country_areacode', 'flightlegs_depinfo_airport_code', 'flightlegs_scheduledflightduration', 'flightlegs_season', 'flightlegs_arrinfo_times_scheduled_dayPeriod', 'flightlegs_depinfo_times_scheduled_dayPeriod']

2025-11-24 18:50:23,227 - __main__ - INFO - ==== Preparing classification_delay dataset ====
2025-11-24 18:50:23,577 - __main__ - INFO - Step: lateFlights_filtering | shape: (198654, 11) | null values: 10765
2025-11-24 18:50:23,654 - __main__ - INFO - Using the full dataset
2025-11-24 18:50:23,669 - __main__ - INFO - Classification delay dataset shape: X=(198654, 10), y=(198654,)
2025-11-24 18:50:23,699 - __main__ - INFO - Classification delay train/test split: X_train=(158923, 10), X_test=(39731, 10), y_train=(158923,), y_test=(39731,)
2025-11-24 18:50:23,699 - __main__ - INFO - Extracting features from dataset, target column: flightlegs_irregularity_delayduration_total_bracket
2025-11-24 18:50:23,708 - __main__ - INFO - Identified 0 numeric and 10 categorical features
2025-11-24 18:50:23,708 - __main__ - INFO - Numeric features: []
2025-11-24 18:50:23,708 - __main__ - INFO - Categorical features: ['flightlegs_aircraft_ownerairlinecode', 'flightlegs_aircraft_typecode', 'flightlegs_arrinfo_airport_city_country_areacode', 'flightlegs_arrinfo_airport_code', 'flightlegs_depinfo_airport_city_country_areacode', 'flightlegs_depinfo_airport_code', 'flightlegs_scheduledflightduration', 'flightlegs_season', 'flightlegs_arrinfo_times_scheduled_dayPeriod', 'flightlegs_depinfo_times_scheduled_dayPeriod']

2025-11-24 18:50:23,708 - __main__ - INFO - ==== Preparing regression dataset ====
2025-11-24 18:50:24,061 - __main__ - INFO - Step: lateFlights_filtering | shape: (198654, 11) | null values: 10765
2025-11-24 18:50:24,137 - __main__ - INFO - Saved dataset cleaning summary to 'outputs/2025_11_24T18_49_11/dataset_summary/dataset_cleaning_summary.csv'

2025-11-24 18:50:24,137 - __main__ - INFO - Using the full dataset
2025-11-24 18:50:24,151 - __main__ - INFO - Regression dataset shape: X=(198654, 10), y=(198654,)
2025-11-24 18:50:24,178 - __main__ - INFO - Regression train/test split: X_train=(158923, 10), X_test=(39731, 10), y_train=(158923,), y_test=(39731,)
2025-11-24 18:50:24,178 - __main__ - INFO - Extracting features from dataset, target column: flightlegs_irregularity_delayduration_total
2025-11-24 18:50:24,186 - __main__ - INFO - Identified 0 numeric and 10 categorical features
2025-11-24 18:50:24,186 - __main__ - INFO - Numeric features: []
2025-11-24 18:50:24,186 - __main__ - INFO - Categorical features: ['flightlegs_aircraft_ownerairlinecode', 'flightlegs_aircraft_typecode', 'flightlegs_arrinfo_airport_city_country_areacode', 'flightlegs_arrinfo_airport_code', 'flightlegs_depinfo_airport_city_country_areacode', 'flightlegs_depinfo_airport_code', 'flightlegs_scheduledflightduration', 'flightlegs_season', 'flightlegs_arrinfo_times_scheduled_dayPeriod', 'flightlegs_depinfo_times_scheduled_dayPeriod']

2025-11-24 18:50:24,186 - __main__ - INFO - ==== Starting classification_status pipeline: Logistic_OVO ====

2025-11-24 18:50:24,187 - __main__ - INFO - Running grid mode for Logistic_OVO
2025-11-24 18:50:24,187 - __main__ - INFO - Starting classification_status pipeline: Logistic_OVO | mode: grid
2025-11-24 18:50:24,187 - __main__ - INFO - Performing GridSearchCV (cv = 5, scoring='accuracy') for Logistic_OVO with parameters: {'classifier__estimator__C': [0.01, 0.1, 1], 'classifier__estimator__penalty': ['l2'], 'classifier__estimator__solver': ['liblinear', 'lbfgs']}
2025-11-24 18:51:22,149 - __main__ - INFO - GridSearchCV completed for Logistic_OVO | best score: 0.849 | Total duration: 57 seconds
2025-11-24 18:51:22,149 - __main__ - INFO - Saving feature importance for Logistic_OVO (classification_status)
2025-11-24 18:51:22,151 - __main__ - WARNING - No feature importances available for Logistic_OVO
2025-11-24 18:51:22,151 - __main__ - INFO - Skipping tree plot for Logistic_OVO (not a DecisionTree model)
2025-11-24 18:51:22,151 - __main__ - INFO - Generating classification_status metrics for Logistic_OVO | mode=grid
2025-11-24 18:51:24,067 - __main__ - INFO - Grid mode completed for Logistic_OVO

2025-11-24 18:51:24,067 - __main__ - INFO - ==== Finished classification_status pipeline: Logistic_OVO ====


2025-11-24 18:51:24,067 - __main__ - INFO - ==== Starting classification_status pipeline: DecisionTree ====

2025-11-24 18:51:24,067 - __main__ - INFO - Running grid mode for DecisionTree
2025-11-24 18:51:24,067 - __main__ - INFO - Starting classification_status pipeline: DecisionTree | mode: grid
2025-11-24 18:51:24,067 - __main__ - INFO - Performing GridSearchCV (cv = 5, scoring='accuracy') for DecisionTree with parameters: {'classifier__max_depth': [2, 3, 4, 5], 'classifier__criterion': ['gini', 'entropy'], 'classifier__min_samples_split': [2, 5]}
2025-11-24 18:52:14,234 - __main__ - INFO - GridSearchCV completed for DecisionTree | best score: 0.804 | Total duration: 50 seconds
2025-11-24 18:52:14,234 - __main__ - INFO - Saving feature importance for DecisionTree (classification_status)
2025-11-24 18:52:14,237 - __main__ - INFO - Feature importance CSV saved for DecisionTree
2025-11-24 18:52:14,498 - __main__ - INFO - Feature importance plot saved for DecisionTree
2025-11-24 18:52:14,499 - __main__ - WARNING - Failed to save decision tree plot for DecisionTree: This SimpleImputer instance is not fitted yet. Call 'fit' with appropriate arguments before using this estimator.
2025-11-24 18:52:14,500 - __main__ - INFO - Generating classification_status metrics for DecisionTree | mode=grid
2025-11-24 18:52:16,269 - __main__ - INFO - Grid mode completed for DecisionTree

2025-11-24 18:52:16,269 - __main__ - INFO - ==== Finished classification_status pipeline: DecisionTree ====


2025-11-24 18:52:16,269 - __main__ - INFO - ==== Starting classification_status pipeline: RandomForest ====

2025-11-24 18:52:16,269 - __main__ - INFO - Running grid mode for RandomForest
2025-11-24 18:52:16,269 - __main__ - INFO - Starting classification_status pipeline: RandomForest | mode: grid
2025-11-24 18:52:16,269 - __main__ - INFO - Performing GridSearchCV (cv = 5, scoring='accuracy') for RandomForest with parameters: {'classifier__n_estimators': [50, 100], 'classifier__max_depth': [None, 10, 20]}
