2025-11-28 16:58:54,829 - __main__ - INFO - ==== Starting ML script====
2025-11-28 16:58:54,829 - __main__ - INFO - Nb of cores: 6

2025-11-28 16:58:54,829 - __main__ - INFO - ML pipeline settings loaded from afklm_ml_training_settings.json
2025-11-28 16:58:54,830 - __main__ - INFO - Airport list loaded from airport_list.json
2025-11-28 16:59:01,956 - __main__ - INFO - Loaded dataset: afklm_past_flight.csv.zip, shape=(718496, 60)
2025-11-28 16:59:02,761 - __main__ - INFO - Step: raw_data | shape: (718496, 60) | null values: 3549357
2025-11-28 16:59:03,513 - __main__ - INFO - Extracting 'company_flight' from 'flight_id' column
2025-11-28 16:59:04,371 - __main__ - INFO - Dropping columns: Index(['flight_id', 'airline_code', 'airline_name',
       'flightlegs_irregularity_delayinfo_delayreasonpubliclong',
       'flightlegs_irregularity_delayinfo_delayreasonpublicshort',
       'flightlegs_depinfo_airport_location_name',
       'flightlegs_depinfo_airport_icao_code',
       'flightlegs_depinfo_airport_places_depposterm_boardingterminal',
       'flightlegs_depinfo_airport_places_depposterm_gatenumber',
       'flightlegs_arrinfo_airport_location_name',
       'flightlegs_arrinfo_airport_icao_code', 'company_flight'],
      dtype='object') and rows with missing flightlegs_irregularity_delayduration_total_bracket
2025-11-28 16:59:05,414 - __main__ - INFO - Step: drop_na_and_unused_cols | shape: (718492, 49) | null values: 1633980
2025-11-28 16:59:26,793 - __main__ - INFO - Computing 'flightlegs_scheduledFlightDuration' in minutes
2025-11-28 16:59:36,708 - __main__ - INFO - Filtered past flights only, resulting shape: (718366, 52)
2025-11-28 16:59:36,711 - __main__ - INFO - Filled missing flightlegs_irregularity_delayduration_total with 0
2025-11-28 16:59:36,711 - __main__ - INFO - Categorizing flights into 'CANCELLED', 'LATE', 'ONTIME'
2025-11-28 16:59:43,524 - __main__ - INFO - Step: categorize_flights | shape: (718366, 52) | null values: 1168976
2025-11-28 16:59:44,104 - __main__ - INFO - Categorizing flights into 'cancelled', 'late', 'on_time'
2025-11-28 16:59:48,686 - __main__ - INFO - Step: categorize_delay_brackets | shape: (718366, 53) | null values: 1168976
2025-11-28 16:59:49,288 - __main__ - INFO - Filtering flights in optional list
2025-11-28 16:59:49,514 - __main__ - INFO - AFiltering flights in mandatory list
2025-11-28 16:59:50,232 - __main__ - INFO - Step: airport_filtering | shape: (527102, 53) | null values: 842051
2025-11-28 16:59:50,681 - __main__ - INFO - Adding seasonality, isWeekend and dayPeriod
2025-11-28 17:00:17,474 - __main__ - INFO - ==== Preparing classification_status dataset ====
2025-11-28 17:00:17,474 - __main__ - INFO - Using the full dataset
2025-11-28 17:00:17,683 - __main__ - INFO - Classification status dataset shape: X=(527102, 10), y=(527102,)
2025-11-28 17:00:17,701 - __main__ - INFO - Classification status dataset class repartition: flightlegs_publishedstatus
ONTIME       0.614602
LATE         0.384831
CANCELLED    0.000567
Name: proportion, dtype: float64
2025-11-28 17:00:18,134 - __main__ - INFO - Classification status train/test split: X_train=(421681, 10), X_test=(105421, 10), y_train=(421681,), y_test=(105421,)
2025-11-28 17:00:18,134 - __main__ - INFO - Extracting features from dataset, target column: flightlegs_publishedstatus
2025-11-28 17:00:18,176 - __main__ - INFO - Identified 0 numeric and 10 categorical features
2025-11-28 17:00:18,176 - __main__ - INFO - Numeric features: []
2025-11-28 17:00:18,176 - __main__ - INFO - Categorical features: ['flightlegs_aircraft_ownerairlinecode', 'flightlegs_aircraft_typecode', 'flightlegs_depinfo_airport_country_name', 'flightlegs_arrinfo_airport_code', 'flightlegs_arrinfo_airport_country_name', 'flightlegs_depinfo_airport_code', 'flightlegs_scheduledflightduration', 'flightlegs_season', 'flightlegs_arrinfo_times_scheduled_dayPeriod', 'flightlegs_depinfo_times_scheduled_dayPeriod']

2025-11-28 17:00:18,176 - __main__ - INFO - ==== Preparing classification_delay dataset ====
2025-11-28 17:00:18,420 - __main__ - INFO - Step: lateFlights_filtering | shape: (202845, 11) | null values: 10927
2025-11-28 17:00:18,476 - __main__ - INFO - Using the full dataset
2025-11-28 17:00:18,489 - __main__ - INFO - Classification delay dataset shape: X=(202845, 10), y=(202845,)
2025-11-28 17:00:18,515 - __main__ - INFO - Classification delay train/test split: X_train=(162276, 10), X_test=(40569, 10), y_train=(162276,), y_test=(40569,)
2025-11-28 17:00:18,515 - __main__ - INFO - Extracting features from dataset, target column: flightlegs_irregularity_delayduration_total_bracket
2025-11-28 17:00:18,522 - __main__ - INFO - Identified 0 numeric and 10 categorical features
2025-11-28 17:00:18,522 - __main__ - INFO - Numeric features: []
2025-11-28 17:00:18,522 - __main__ - INFO - Categorical features: ['flightlegs_aircraft_ownerairlinecode', 'flightlegs_aircraft_typecode', 'flightlegs_depinfo_airport_country_name', 'flightlegs_arrinfo_airport_code', 'flightlegs_arrinfo_airport_country_name', 'flightlegs_depinfo_airport_code', 'flightlegs_scheduledflightduration', 'flightlegs_season', 'flightlegs_arrinfo_times_scheduled_dayPeriod', 'flightlegs_depinfo_times_scheduled_dayPeriod']

2025-11-28 17:00:18,522 - __main__ - INFO - ==== Preparing regression dataset ====
2025-11-28 17:00:18,752 - __main__ - INFO - Step: lateFlights_filtering | shape: (202845, 11) | null values: 10927
2025-11-28 17:00:18,816 - __main__ - INFO - Saved dataset cleaning summary to 'outputs/2025_11_28T16_58_54/dataset_summary/dataset_cleaning_summary.csv'

2025-11-28 17:00:18,816 - __main__ - INFO - Using the full dataset
2025-11-28 17:00:18,828 - __main__ - INFO - Regression dataset shape: X=(202845, 10), y=(202845,)
2025-11-28 17:00:18,853 - __main__ - INFO - Regression train/test split: X_train=(162276, 10), X_test=(40569, 10), y_train=(162276,), y_test=(40569,)
2025-11-28 17:00:18,853 - __main__ - INFO - Extracting features from dataset, target column: flightlegs_irregularity_delayduration_total
2025-11-28 17:00:18,860 - __main__ - INFO - Identified 0 numeric and 10 categorical features
2025-11-28 17:00:18,860 - __main__ - INFO - Numeric features: []
2025-11-28 17:00:18,860 - __main__ - INFO - Categorical features: ['flightlegs_aircraft_ownerairlinecode', 'flightlegs_aircraft_typecode', 'flightlegs_depinfo_airport_country_name', 'flightlegs_arrinfo_airport_code', 'flightlegs_arrinfo_airport_country_name', 'flightlegs_depinfo_airport_code', 'flightlegs_scheduledflightduration', 'flightlegs_season', 'flightlegs_arrinfo_times_scheduled_dayPeriod', 'flightlegs_depinfo_times_scheduled_dayPeriod']

2025-11-28 17:00:18,860 - __main__ - INFO - ==== Starting classification_status pipeline: Logistic_OVO ====

2025-11-28 17:00:18,860 - __main__ - INFO - Running simple mode for Logistic_OVO
2025-11-28 17:00:18,860 - __main__ - INFO - Starting classification_status pipeline: Logistic_OVO | mode: simple
2025-11-28 17:00:25,563 - __main__ - INFO - Fitted simple pipeline for classification_status Logistic_OVO | Score: 0.865 | Total duration: 6 seconds
2025-11-28 17:00:25,563 - __main__ - INFO - Saving feature importance for Logistic_OVO (classification_status)
2025-11-28 17:00:25,564 - __main__ - WARNING - No feature importances available for Logistic_OVO
2025-11-28 17:00:25,564 - __main__ - INFO - Generating classification_status metrics for Logistic_OVO | mode=simple
2025-11-28 17:00:27,056 - __main__ - INFO - Skipping tree plot for Logistic_OVO_simple (not a DecisionTree model)
2025-11-28 17:00:27,056 - __main__ - INFO - Simple mode completed for Logistic_OVO

2025-11-28 17:00:27,056 - __main__ - INFO - ==== Finished classification_status pipeline: Logistic_OVO ====


2025-11-28 17:00:27,056 - __main__ - INFO - ==== Starting classification_status pipeline: DecisionTree ====

2025-11-28 17:00:27,056 - __main__ - INFO - Running simple mode for DecisionTree
2025-11-28 17:00:27,056 - __main__ - INFO - Starting classification_status pipeline: DecisionTree | mode: simple
2025-11-28 17:00:41,591 - __main__ - INFO - Fitted simple pipeline for classification_status DecisionTree | Score: 0.874 | Total duration: 14 seconds
2025-11-28 17:00:41,591 - __main__ - INFO - Saving feature importance for DecisionTree (classification_status)
2025-11-28 17:00:41,605 - __main__ - INFO - Feature importance CSV saved for DecisionTree
2025-11-28 17:00:41,843 - __main__ - INFO - Feature importance plot saved for DecisionTree
2025-11-28 17:00:41,843 - __main__ - INFO - Generating classification_status metrics for DecisionTree | mode=simple
2025-11-28 17:00:43,300 - __main__ - INFO - Adjusted thresholds to original units for 0 scaled features
2025-11-28 17:00:44,496 - __main__ - INFO - Decision tree plot saved for classification_status - DecisionTree_simple
2025-11-28 17:00:44,496 - __main__ - INFO - Simple mode completed for DecisionTree

2025-11-28 17:00:44,496 - __main__ - INFO - ==== Finished classification_status pipeline: DecisionTree ====


2025-11-28 17:00:44,496 - __main__ - INFO - ==== Starting classification_status pipeline: RandomForest ====

2025-11-28 17:00:44,496 - __main__ - INFO - Running simple mode for RandomForest
2025-11-28 17:00:44,496 - __main__ - INFO - Starting classification_status pipeline: RandomForest | mode: simple
2025-11-28 17:05:26,388 - __main__ - INFO - Fitted simple pipeline for classification_status RandomForest | Score: 0.874 | Total duration: 280 seconds
2025-11-28 17:05:26,388 - __main__ - INFO - Saving feature importance for RandomForest (classification_status)
2025-11-28 17:05:26,416 - __main__ - INFO - Feature importance CSV saved for RandomForest
2025-11-28 17:05:26,651 - __main__ - INFO - Feature importance plot saved for RandomForest
2025-11-28 17:05:26,652 - __main__ - INFO - Generating classification_status metrics for RandomForest | mode=simple
2025-11-28 17:05:28,786 - __main__ - INFO - Skipping tree plot for RandomForest_simple (not a DecisionTree model)
2025-11-28 17:05:28,786 - __main__ - INFO - Simple mode completed for RandomForest

2025-11-28 17:05:28,786 - __main__ - INFO - ==== Finished classification_status pipeline: RandomForest ====


2025-11-28 17:05:28,786 - __main__ - INFO - ==== Starting classification_status pipeline: Logistic_OVR ====

2025-11-28 17:05:28,786 - __main__ - INFO - Running simple mode for Logistic_OVR
2025-11-28 17:05:28,786 - __main__ - INFO - Starting classification_status pipeline: Logistic_OVR | mode: simple
2025-11-28 17:05:37,077 - __main__ - INFO - Fitted simple pipeline for classification_status Logistic_OVR | Score: 0.865 | Total duration: 7 seconds
2025-11-28 17:05:37,077 - __main__ - INFO - Saving feature importance for Logistic_OVR (classification_status)
2025-11-28 17:05:37,079 - __main__ - WARNING - No feature importances available for Logistic_OVR
2025-11-28 17:05:37,079 - __main__ - INFO - Generating classification_status metrics for Logistic_OVR | mode=simple
2025-11-28 17:05:38,617 - __main__ - INFO - Skipping tree plot for Logistic_OVR_simple (not a DecisionTree model)
2025-11-28 17:05:38,617 - __main__ - INFO - Simple mode completed for Logistic_OVR

2025-11-28 17:05:38,617 - __main__ - INFO - ==== Finished classification_status pipeline: Logistic_OVR ====


2025-11-28 17:05:38,617 - __main__ - INFO - ==== Starting classification_delay pipeline: Logistic_OVO ====

2025-11-28 17:05:38,617 - __main__ - INFO - Running simple mode for Logistic_OVO
2025-11-28 17:05:38,617 - __main__ - INFO - Starting classification_delay pipeline: Logistic_OVO | mode: simple
2025-11-28 17:05:41,484 - __main__ - INFO - Fitted simple pipeline for classification_delay Logistic_OVO | Score: 0.340 | Total duration: 2 seconds
2025-11-28 17:05:41,484 - __main__ - INFO - Saving feature importance for Logistic_OVO (classification_delay)
2025-11-28 17:05:41,485 - __main__ - WARNING - No feature importances available for Logistic_OVO
2025-11-28 17:05:41,485 - __main__ - INFO - Generating classification_delay metrics for Logistic_OVO | mode=simple
2025-11-28 17:05:42,286 - __main__ - INFO - Skipping tree plot for Logistic_OVO_simple (not a DecisionTree model)
2025-11-28 17:05:42,286 - __main__ - INFO - Simple mode completed for Logistic_OVO

2025-11-28 17:05:42,286 - __main__ - INFO - ==== Finished classification_delay pipeline: Logistic_OVO ====


2025-11-28 17:05:42,286 - __main__ - INFO - ==== Starting classification_delay pipeline: DecisionTree ====

2025-11-28 17:05:42,286 - __main__ - INFO - Running simple mode for DecisionTree
2025-11-28 17:05:42,286 - __main__ - INFO - Starting classification_delay pipeline: DecisionTree | mode: simple
2025-11-28 17:05:51,033 - __main__ - INFO - Fitted simple pipeline for classification_delay DecisionTree | Score: 0.320 | Total duration: 8 seconds
2025-11-28 17:05:51,033 - __main__ - INFO - Saving feature importance for DecisionTree (classification_delay)
2025-11-28 17:05:51,036 - __main__ - INFO - Feature importance CSV saved for DecisionTree
2025-11-28 17:05:51,252 - __main__ - INFO - Feature importance plot saved for DecisionTree
2025-11-28 17:05:51,253 - __main__ - INFO - Generating classification_delay metrics for DecisionTree | mode=simple
2025-11-28 17:05:52,013 - __main__ - INFO - Adjusted thresholds to original units for 0 scaled features
2025-11-28 17:05:53,341 - __main__ - INFO - Decision tree plot saved for classification_delay - DecisionTree_simple
2025-11-28 17:05:53,341 - __main__ - INFO - Simple mode completed for DecisionTree

2025-11-28 17:05:53,341 - __main__ - INFO - ==== Finished classification_delay pipeline: DecisionTree ====


2025-11-28 17:05:53,341 - __main__ - INFO - ==== Starting classification_delay pipeline: RandomForest ====

2025-11-28 17:05:53,341 - __main__ - INFO - Running simple mode for RandomForest
2025-11-28 17:05:53,341 - __main__ - INFO - Starting classification_delay pipeline: RandomForest | mode: simple
2025-11-28 17:07:34,844 - __main__ - INFO - Fitted simple pipeline for classification_delay RandomForest | Score: 0.321 | Total duration: 100 seconds
2025-11-28 17:07:34,844 - __main__ - INFO - Saving feature importance for RandomForest (classification_delay)
2025-11-28 17:07:34,871 - __main__ - INFO - Feature importance CSV saved for RandomForest
2025-11-28 17:07:35,112 - __main__ - INFO - Feature importance plot saved for RandomForest
2025-11-28 17:07:35,113 - __main__ - INFO - Generating classification_delay metrics for RandomForest | mode=simple
2025-11-28 17:07:36,094 - __main__ - INFO - Skipping tree plot for RandomForest_simple (not a DecisionTree model)
2025-11-28 17:07:36,094 - __main__ - INFO - Simple mode completed for RandomForest

2025-11-28 17:07:36,094 - __main__ - INFO - ==== Finished classification_delay pipeline: RandomForest ====


2025-11-28 17:07:36,095 - __main__ - INFO - ==== Starting classification_delay pipeline: Logistic_OVR ====

2025-11-28 17:07:36,095 - __main__ - INFO - Running simple mode for Logistic_OVR
2025-11-28 17:07:36,095 - __main__ - INFO - Starting classification_delay pipeline: Logistic_OVR | mode: simple
2025-11-28 17:07:39,361 - __main__ - INFO - Fitted simple pipeline for classification_delay Logistic_OVR | Score: 0.340 | Total duration: 3 seconds
2025-11-28 17:07:39,361 - __main__ - INFO - Saving feature importance for Logistic_OVR (classification_delay)
2025-11-28 17:07:39,362 - __main__ - WARNING - No feature importances available for Logistic_OVR
2025-11-28 17:07:39,363 - __main__ - INFO - Generating classification_delay metrics for Logistic_OVR | mode=simple
2025-11-28 17:07:40,160 - __main__ - INFO - Skipping tree plot for Logistic_OVR_simple (not a DecisionTree model)
2025-11-28 17:07:40,160 - __main__ - INFO - Simple mode completed for Logistic_OVR

2025-11-28 17:07:40,160 - __main__ - INFO - ==== Finished classification_delay pipeline: Logistic_OVR ====


2025-11-28 17:07:40,160 - __main__ - INFO - ==== Starting regression pipeline: LinearRegression ====

2025-11-28 17:07:40,160 - __main__ - INFO - Running simple mode for LinearRegression
2025-11-28 17:07:40,160 - __main__ - INFO - Starting regression pipeline: LinearRegression | mode: simple
2025-11-28 17:07:47,047 - __main__ - INFO - Fitted simple pipeline for LinearRegression | r2: 0.051 | Total duration: 6 seconds
2025-11-28 17:07:47,047 - __main__ - INFO - Saving feature importance for LinearRegression (regression)
2025-11-28 17:07:47,051 - __main__ - INFO - Feature importance CSV saved for LinearRegression
2025-11-28 17:07:47,301 - __main__ - INFO - Feature importance plot saved for LinearRegression
2025-11-28 17:07:47,302 - __main__ - INFO - Generating regression metrics for LinearRegression | mode=simple
2025-11-28 17:07:47,743 - __main__ - INFO - Skipping tree plot for LinearRegression_simple (not a DecisionTree model)
2025-11-28 17:07:47,743 - __main__ - INFO - Simple mode completed for LinearRegression

2025-11-28 17:07:47,743 - __main__ - INFO - ==== Finished regression pipeline: LinearRegression ====


2025-11-28 17:07:47,743 - __main__ - INFO - ==== Starting regression pipeline: DecisionTreeRegressor ====

2025-11-28 17:07:47,743 - __main__ - INFO - Running simple mode for DecisionTreeRegressor
2025-11-28 17:07:47,743 - __main__ - INFO - Starting regression pipeline: DecisionTreeRegressor | mode: simple
2025-11-28 17:07:56,557 - __main__ - INFO - Fitted simple pipeline for DecisionTreeRegressor | r2: -0.031 | Total duration: 8 seconds
2025-11-28 17:07:56,557 - __main__ - INFO - Saving feature importance for DecisionTreeRegressor (regression)
2025-11-28 17:07:56,561 - __main__ - INFO - Feature importance CSV saved for DecisionTreeRegressor
2025-11-28 17:07:56,783 - __main__ - INFO - Feature importance plot saved for DecisionTreeRegressor
2025-11-28 17:07:56,783 - __main__ - INFO - Generating regression metrics for DecisionTreeRegressor | mode=simple
2025-11-28 17:07:57,212 - __main__ - INFO - Adjusted thresholds to original units for 0 scaled features
2025-11-28 17:07:58,509 - __main__ - INFO - Decision tree plot saved for regression - DecisionTreeRegressor_simple
2025-11-28 17:07:58,510 - __main__ - INFO - Simple mode completed for DecisionTreeRegressor

2025-11-28 17:07:58,510 - __main__ - INFO - ==== Finished regression pipeline: DecisionTreeRegressor ====


2025-11-28 17:07:58,510 - __main__ - INFO - ==== Starting regression pipeline: RandomForestRegressor ====

2025-11-28 17:07:58,510 - __main__ - INFO - Running simple mode for RandomForestRegressor
2025-11-28 17:07:58,510 - __main__ - INFO - Starting regression pipeline: RandomForestRegressor | mode: simple
2025-11-28 17:10:53,813 - __main__ - INFO - Fitted simple pipeline for RandomForestRegressor | r2: -0.003 | Total duration: 175 seconds
2025-11-28 17:10:53,814 - __main__ - INFO - Saving feature importance for RandomForestRegressor (regression)
2025-11-28 17:10:53,839 - __main__ - INFO - Feature importance CSV saved for RandomForestRegressor
2025-11-28 17:10:54,077 - __main__ - INFO - Feature importance plot saved for RandomForestRegressor
2025-11-28 17:10:54,078 - __main__ - INFO - Generating regression metrics for RandomForestRegressor | mode=simple
2025-11-28 17:10:54,653 - __main__ - INFO - Skipping tree plot for RandomForestRegressor_simple (not a DecisionTree model)
2025-11-28 17:10:54,653 - __main__ - INFO - Simple mode completed for RandomForestRegressor

2025-11-28 17:10:54,653 - __main__ - INFO - ==== Finished regression pipeline: RandomForestRegressor ====


2025-11-28 17:10:54,653 - __main__ - INFO - ==== Starting regression pipeline: XGBRegressor ====

2025-11-28 17:10:54,653 - __main__ - INFO - Running simple mode for XGBRegressor
2025-11-28 17:10:54,653 - __main__ - INFO - Starting regression pipeline: XGBRegressor | mode: simple
2025-11-28 17:10:55,590 - __main__ - INFO - Fitted simple pipeline for XGBRegressor | r2: 0.063 | Total duration: 0 seconds
2025-11-28 17:10:55,590 - __main__ - INFO - Saving feature importance for XGBRegressor (regression)
2025-11-28 17:10:55,595 - __main__ - INFO - Feature importance CSV saved for XGBRegressor
2025-11-28 17:10:55,822 - __main__ - INFO - Feature importance plot saved for XGBRegressor
2025-11-28 17:10:55,823 - __main__ - INFO - Generating regression metrics for XGBRegressor | mode=simple
2025-11-28 17:10:56,222 - __main__ - INFO - Skipping tree plot for XGBRegressor_simple (not a DecisionTree model)
2025-11-28 17:10:56,223 - __main__ - INFO - Simple mode completed for XGBRegressor

2025-11-28 17:10:56,223 - __main__ - INFO - ==== Finished regression pipeline: XGBRegressor ====


2025-11-28 17:10:56,224 - __main__ - INFO - Saved top 20 features summary for all pipelines
2025-11-28 17:10:56,226 - __main__ - INFO - Saved combined global ML summary for all pipelines and modes
2025-11-28 17:10:56,234 - __main__ - INFO - Saved enhanced global ML summary with expanded hyperparameters
2025-11-28 17:10:56,252 - __main__ - INFO - Created enhanced global ML summary with expanded hyperparameters to historical summaries
2025-11-28 17:10:56,309 - __main__ - INFO - End of ML script

