2025-11-14 11:25:11,489 - __main__ - INFO - ==== Starting ML script====
2025-11-14 11:25:11,489 - __main__ - INFO - Nb of cores: 6

2025-11-14 11:25:11,489 - __main__ - INFO - ML pipeline settings loaded from afklm_ml_training_settings.json
2025-11-14 11:25:16,847 - __main__ - INFO - Loaded dataset: afklm_flight_from_mongo_filtered_20251106-13-52-40_983317.csv, shape=(983317, 45)
2025-11-14 11:25:16,850 - __main__ - INFO - Airport list loaded from airport_list.json
2025-11-14 11:25:17,722 - __main__ - INFO - Step: raw_data | shape: (983317, 45) | null values: 8933246
2025-11-14 11:25:18,578 - __main__ - INFO - Extracting 'company_flight' from 'id' column
2025-11-14 11:25:19,394 - __main__ - INFO - Dropping columns: ['id', 'airline_name', 'flightLegs_aircraft_ownerAirlineCode', 'actual', 'PositionTerminal', 'latestPublished', 'airline_code', 'company_flight', 'city_country_areaCode', 'airport_location', 'airport_city_country_name'] and rows with missing 'flightStatusPublic'
2025-11-14 11:25:20,764 - __main__ - INFO - Step: drop_na_and_unused_cols | shape: (983317, 23) | null values: 5427175
2025-11-14 11:25:21,222 - __main__ - INFO - Computing 'scheduled' flag for flights
2025-11-14 11:25:21,946 - __main__ - INFO - Computing 'flightLegs_scheduledFlightDuration' in minutes
2025-11-14 11:25:30,714 - __main__ - INFO - Filtered past flights only, resulting shape: (957733, 24)
2025-11-14 11:25:30,717 - __main__ - INFO - Filled missing 'flightLegs_irregularity_delayDuration_total' with 0
2025-11-14 11:25:30,717 - __main__ - INFO - Categorizing flights into 'cancelled', 'late', 'on_time'
2025-11-14 11:25:35,630 - __main__ - INFO - Step: categorize_flights | shape: (957733, 25) | null values: 4473406
2025-11-14 11:25:36,078 - __main__ - INFO - Filtering flights in optional list
2025-11-14 11:25:36,237 - __main__ - INFO - AFiltering flights in mandatory list
2025-11-14 11:25:36,588 - __main__ - INFO - Step: airport_filtering | shape: (494357, 25) | null values: 2064656
2025-11-14 11:25:36,822 - __main__ - INFO - Adding seasonality, isWeekend and dayPeriod
2025-11-14 11:25:52,919 - __main__ - INFO - ==== Preparing classification dataset ====
2025-11-14 11:25:52,919 - __main__ - INFO - Using the full dataset
2025-11-14 11:25:53,174 - __main__ - INFO - Classification dataset shape: X=(494357, 10), y=(494357,)
2025-11-14 11:25:53,188 - __main__ - INFO - Classification dataset class repartition: flightLegs_Category
on_time      0.610065
late         0.354442
cancelled    0.035493
Name: proportion, dtype: float64
2025-11-14 11:25:53,529 - __main__ - INFO - Classification train/test split: X_train=(395485, 10), X_test=(98872, 10), y_train=(395485,), y_test=(98872,)
2025-11-14 11:25:53,529 - __main__ - INFO - Extracting features from dataset, target column: flightLegs_Category
2025-11-14 11:25:53,555 - __main__ - INFO - Identified 1 numeric and 6 categorical features
2025-11-14 11:25:53,555 - __main__ - INFO - Numeric features: ['flightLegs_scheduledFlightDuration']
2025-11-14 11:25:53,555 - __main__ - INFO - Categorical features: ['flightLegs_aircraft_typeCode', 'flightLegs_arrivalInformation_airport_code', 'flightLegs_departureInformation_airport_code', 'flightLegs_season', 'flightLegs_arrivalInformation_times_scheduled_dayPeriod', 'flightLegs_departureInformation_times_scheduled_dayPeriod']

2025-11-14 11:25:53,555 - __main__ - INFO - ==== Preparing regression dataset ====
2025-11-14 11:25:53,824 - __main__ - INFO - Step: lateFlights_filtering | shape: (175221, 12) | null values: 0
2025-11-14 11:25:53,854 - __main__ - INFO - Saved dataset cleaning summary to 'outputs/2025_11_14T11_25_11/dataset_summary/dataset_cleaning_summary.csv'

2025-11-14 11:25:53,854 - __main__ - INFO - Using the full dataset
2025-11-14 11:25:53,862 - __main__ - INFO - Regression dataset shape: X=(175221, 11), y=(175221,)
2025-11-14 11:25:53,880 - __main__ - INFO - Regression train/test split: X_train=(140176, 11), X_test=(35045, 11), y_train=(140176,), y_test=(35045,)
2025-11-14 11:25:53,880 - __main__ - INFO - Extracting features from dataset, target column: flightLegs_irregularity_delayDuration_total
2025-11-14 11:25:53,885 - __main__ - INFO - Identified 1 numeric and 7 categorical features
2025-11-14 11:25:53,885 - __main__ - INFO - Numeric features: ['flightLegs_scheduledFlightDuration']
2025-11-14 11:25:53,885 - __main__ - INFO - Categorical features: ['flightLegs_aircraft_typeCode', 'flightLegs_arrivalInformation_airport_code', 'flightLegs_departureInformation_airport_code', 'flightLegs_Category', 'flightLegs_season', 'flightLegs_arrivalInformation_times_scheduled_dayPeriod', 'flightLegs_departureInformation_times_scheduled_dayPeriod']

2025-11-14 11:25:53,885 - __main__ - INFO - ==== Starting classification pipeline: Logistic_OVO ====

2025-11-14 11:25:53,885 - __main__ - INFO - Running grid mode for Logistic_OVO
2025-11-14 11:25:53,885 - __main__ - INFO - Starting classification pipeline: Logistic_OVO | mode: grid
2025-11-14 11:25:53,885 - __main__ - INFO - Performing GridSearchCV (cv = 5, scoring='accuracy') for Logistic_OVO with parameters: {'classifier__estimator__C': [0.01, 0.1, 1], 'classifier__estimator__penalty': ['l2']}
2025-11-14 11:26:14,461 - __main__ - INFO - GridSearchCV completed for Logistic_OVO | best score: 0.782 | Total duration: 20 seconds
2025-11-14 11:26:14,461 - __main__ - INFO - Saving feature importance for Logistic_OVO (classification)
2025-11-14 11:26:14,462 - __main__ - WARNING - No feature importances available for Logistic_OVO
2025-11-14 11:26:14,462 - __main__ - INFO - Skipping tree plot for Logistic_OVO (not a DecisionTree model)
2025-11-14 11:26:14,462 - __main__ - INFO - Generating classification metrics for Logistic_OVO | mode=grid
2025-11-14 11:26:15,651 - __main__ - INFO - Grid mode completed for Logistic_OVO

2025-11-14 11:26:15,651 - __main__ - INFO - ==== Finished classification pipeline: Logistic_OVO ====


2025-11-14 11:26:15,651 - __main__ - INFO - ==== Starting classification pipeline: DecisionTree ====

2025-11-14 11:26:15,651 - __main__ - INFO - Running grid mode for DecisionTree
2025-11-14 11:26:15,651 - __main__ - INFO - Starting classification pipeline: DecisionTree | mode: grid
2025-11-14 11:26:15,651 - __main__ - INFO - Performing GridSearchCV (cv = 5, scoring='accuracy') for DecisionTree with parameters: {'classifier__max_depth': [2, 3], 'classifier__criterion': ['gini', 'entropy']}
2025-11-14 11:26:23,922 - __main__ - INFO - GridSearchCV completed for DecisionTree | best score: 0.695 | Total duration: 8 seconds
2025-11-14 11:26:23,922 - __main__ - INFO - Saving feature importance for DecisionTree (classification)
2025-11-14 11:26:23,925 - __main__ - INFO - Feature importance CSV saved for DecisionTree
2025-11-14 11:26:24,119 - __main__ - INFO - Feature importance plot saved for DecisionTree
2025-11-14 11:26:24,121 - __main__ - INFO - Adjusted thresholds to original units for 1 scaled features
2025-11-14 11:26:25,036 - __main__ - INFO - Decision tree plot saved for DecisionTree
2025-11-14 11:26:25,037 - __main__ - INFO - Generating classification metrics for DecisionTree | mode=grid
2025-11-14 11:26:26,120 - __main__ - INFO - Grid mode completed for DecisionTree

2025-11-14 11:26:26,120 - __main__ - INFO - ==== Finished classification pipeline: DecisionTree ====


2025-11-14 11:26:26,120 - __main__ - INFO - ==== Starting classification pipeline: RandomForest ====

2025-11-14 11:26:26,120 - __main__ - INFO - Running grid mode for RandomForest
2025-11-14 11:26:26,120 - __main__ - INFO - Starting classification pipeline: RandomForest | mode: grid
2025-11-14 11:26:26,120 - __main__ - INFO - Performing GridSearchCV (cv = 5, scoring='accuracy') for RandomForest with parameters: {'classifier__n_estimators': [50, 100]}
2025-11-14 11:53:15,445 - __main__ - INFO - GridSearchCV completed for RandomForest | best score: 0.842 | Total duration: 1609 seconds
2025-11-14 11:53:15,445 - __main__ - INFO - Saving feature importance for RandomForest (classification)
2025-11-14 11:53:15,466 - __main__ - INFO - Feature importance CSV saved for RandomForest
2025-11-14 11:53:15,661 - __main__ - INFO - Feature importance plot saved for RandomForest
2025-11-14 11:53:15,662 - __main__ - INFO - Skipping tree plot for RandomForest (not a DecisionTree model)
2025-11-14 11:53:15,662 - __main__ - INFO - Generating classification metrics for RandomForest | mode=grid
2025-11-14 11:53:17,931 - __main__ - INFO - Grid mode completed for RandomForest

2025-11-14 11:53:17,931 - __main__ - INFO - ==== Finished classification pipeline: RandomForest ====


2025-11-14 11:53:17,931 - __main__ - INFO - ==== Starting classification pipeline: Logistic_OVR ====

2025-11-14 11:53:17,931 - __main__ - INFO - Running grid mode for Logistic_OVR
2025-11-14 11:53:17,931 - __main__ - INFO - Starting classification pipeline: Logistic_OVR | mode: grid
2025-11-14 11:53:17,931 - __main__ - INFO - Performing GridSearchCV (cv = 5, scoring='accuracy') for Logistic_OVR with parameters: {'classifier__estimator__C': [0.01, 0.1, 1], 'classifier__estimator__penalty': ['l2']}
2025-11-14 11:53:54,564 - __main__ - INFO - GridSearchCV completed for Logistic_OVR | best score: 0.780 | Total duration: 36 seconds
2025-11-14 11:53:54,564 - __main__ - INFO - Saving feature importance for Logistic_OVR (classification)
2025-11-14 11:53:54,565 - __main__ - WARNING - No feature importances available for Logistic_OVR
2025-11-14 11:53:54,565 - __main__ - INFO - Skipping tree plot for Logistic_OVR (not a DecisionTree model)
2025-11-14 11:53:54,566 - __main__ - INFO - Generating classification metrics for Logistic_OVR | mode=grid
2025-11-14 11:53:55,848 - __main__ - INFO - Grid mode completed for Logistic_OVR

2025-11-14 11:53:55,848 - __main__ - INFO - ==== Finished classification pipeline: Logistic_OVR ====


2025-11-14 11:53:55,848 - __main__ - INFO - ==== Starting regression pipeline: LinearRegression ====

2025-11-14 11:53:55,848 - __main__ - INFO - Running grid mode for LinearRegression
2025-11-14 11:53:55,848 - __main__ - INFO - Starting regression pipeline: LinearRegression | mode: grid
2025-11-14 11:54:00,475 - __main__ - INFO - Fitted simple pipeline for LinearRegression | r2: 0.026 | Total duration: 4 seconds
2025-11-14 11:54:00,475 - __main__ - INFO - Saving feature importance for LinearRegression (regression)
2025-11-14 11:54:00,478 - __main__ - INFO - Feature importance CSV saved for LinearRegression
2025-11-14 11:54:00,708 - __main__ - INFO - Feature importance plot saved for LinearRegression
2025-11-14 11:54:00,709 - __main__ - INFO - Skipping tree plot for LinearRegression (not a DecisionTree model)
2025-11-14 11:54:00,709 - __main__ - INFO - Generating regression metrics for LinearRegression | mode=grid
2025-11-14 11:54:01,014 - __main__ - INFO - Grid mode completed for LinearRegression

2025-11-14 11:54:01,014 - __main__ - INFO - ==== Finished regression pipeline: LinearRegression ====


2025-11-14 11:54:01,014 - __main__ - INFO - ==== Starting regression pipeline: DecisionTreeRegressor ====

2025-11-14 11:54:01,014 - __main__ - INFO - Running grid mode for DecisionTreeRegressor
2025-11-14 11:54:01,014 - __main__ - INFO - Starting regression pipeline: DecisionTreeRegressor | mode: grid
2025-11-14 11:54:01,014 - __main__ - INFO - Performing GridSearchCV (cv = 5, scoring='r2') for DecisionTreeRegressor with parameters: {'classifier__max_depth': [3, 5, 7]}
2025-11-14 11:54:03,487 - __main__ - INFO - GridSearchCV completed for DecisionTreeRegressor | best score: 0.031 | Total duration: 2 seconds
2025-11-14 11:54:03,487 - __main__ - INFO - Saving feature importance for DecisionTreeRegressor (regression)
2025-11-14 11:54:03,489 - __main__ - INFO - Feature importance CSV saved for DecisionTreeRegressor
2025-11-14 11:54:03,710 - __main__ - INFO - Feature importance plot saved for DecisionTreeRegressor
2025-11-14 11:54:03,712 - __main__ - INFO - Adjusted thresholds to original units for 1 scaled features
2025-11-14 11:54:05,080 - __main__ - INFO - Decision tree plot saved for DecisionTreeRegressor
2025-11-14 11:54:05,081 - __main__ - INFO - Generating regression metrics for DecisionTreeRegressor | mode=grid
2025-11-14 11:54:05,381 - __main__ - INFO - Grid mode completed for DecisionTreeRegressor

2025-11-14 11:54:05,381 - __main__ - INFO - ==== Finished regression pipeline: DecisionTreeRegressor ====


2025-11-14 11:54:05,381 - __main__ - INFO - ==== Starting regression pipeline: RandomForestRegressor ====

2025-11-14 11:54:05,381 - __main__ - INFO - Running grid mode for RandomForestRegressor
2025-11-14 11:54:05,381 - __main__ - INFO - Starting regression pipeline: RandomForestRegressor | mode: grid
2025-11-14 11:54:05,381 - __main__ - INFO - Performing GridSearchCV (cv = 5, scoring='r2') for RandomForestRegressor with parameters: {'classifier__n_estimators': [50, 100]}
2025-11-14 12:10:50,104 - __main__ - INFO - GridSearchCV completed for RandomForestRegressor | best score: -0.027 | Total duration: 1004 seconds
2025-11-14 12:10:50,104 - __main__ - INFO - Saving feature importance for RandomForestRegressor (regression)
2025-11-14 12:10:50,128 - __main__ - INFO - Feature importance CSV saved for RandomForestRegressor
2025-11-14 12:10:50,318 - __main__ - INFO - Feature importance plot saved for RandomForestRegressor
2025-11-14 12:10:50,319 - __main__ - INFO - Skipping tree plot for RandomForestRegressor (not a DecisionTree model)
2025-11-14 12:10:50,319 - __main__ - INFO - Generating regression metrics for RandomForestRegressor | mode=grid
2025-11-14 12:10:51,272 - __main__ - INFO - Grid mode completed for RandomForestRegressor

2025-11-14 12:10:51,272 - __main__ - INFO - ==== Finished regression pipeline: RandomForestRegressor ====


2025-11-14 12:10:51,272 - __main__ - INFO - ==== Starting regression pipeline: XGBRegressor ====

2025-11-14 12:10:51,272 - __main__ - INFO - Running grid mode for XGBRegressor
2025-11-14 12:10:51,272 - __main__ - INFO - Starting regression pipeline: XGBRegressor | mode: grid
2025-11-14 12:10:51,272 - __main__ - INFO - Performing GridSearchCV (cv = 5, scoring='r2') for XGBRegressor with parameters: {'classifier__n_estimators': [50, 100], 'classifier__max_depth': [3, 5]}
2025-11-14 12:10:56,247 - __main__ - INFO - GridSearchCV completed for XGBRegressor | best score: 0.052 | Total duration: 4 seconds
2025-11-14 12:10:56,247 - __main__ - INFO - Saving feature importance for XGBRegressor (regression)
2025-11-14 12:10:56,251 - __main__ - INFO - Feature importance CSV saved for XGBRegressor
2025-11-14 12:10:56,455 - __main__ - INFO - Feature importance plot saved for XGBRegressor
2025-11-14 12:10:56,456 - __main__ - INFO - Skipping tree plot for XGBRegressor (not a DecisionTree model)
2025-11-14 12:10:56,456 - __main__ - INFO - Generating regression metrics for XGBRegressor | mode=grid
2025-11-14 12:10:56,738 - __main__ - INFO - Grid mode completed for XGBRegressor

2025-11-14 12:10:56,738 - __main__ - INFO - ==== Finished regression pipeline: XGBRegressor ====


2025-11-14 12:10:56,740 - __main__ - INFO - Saved top 20 features summary for all pipelines
2025-11-14 12:10:56,741 - __main__ - INFO - Saved combined global ML summary for all pipelines and modes
2025-11-14 12:10:56,746 - __main__ - INFO - Saved enhanced global ML summary with expanded hyperparameters
2025-11-14 12:10:56,758 - __main__ - INFO - Appended current enhanced global ML summary with expanded hyperparameters to historical summaries
2025-11-14 12:10:56,763 - __main__ - INFO - End of ML script

