2025-11-20 09:37:50,160 - __main__ - INFO - ==== Starting ML script====
2025-11-20 09:37:50,161 - __main__ - INFO - Nb of cores: 6

2025-11-20 09:37:50,163 - __main__ - INFO - ML pipeline settings loaded from afklm_ml_training_settings.json
2025-11-20 09:38:00,788 - __main__ - INFO - Loaded dataset: afklm_flight_from_mongo_filtered_20251119-13-52-40_983317.csv, shape=(959603, 64)
2025-11-20 09:38:00,823 - __main__ - INFO - Airport list loaded from airport_list.json
2025-11-20 09:38:02,316 - __main__ - INFO - Step: raw_data | shape: (959603, 64) | null values: 8426694
2025-11-20 09:38:03,792 - __main__ - INFO - Extracting 'company_flight' from 'id' column
2025-11-20 09:38:04,785 - __main__ - INFO - Dropping columns: ['id', 'airline_name', 'flightlegs_aircraft_ownerairlineCode', 'actual', 'posterm', 'latestpublished', 'airline_code', 'company_flight', 'iata', 'icao', 'city_country_areaCode', 'airport_location', 'airport_city_country_name', 'delayreason'] and rows with missing flightlegs_irregularity_delayduration_total
2025-11-20 09:38:06,638 - __main__ - INFO - Step: drop_na_and_unused_cols | shape: (959153, 32) | null values: 3060784
2025-11-20 09:38:07,500 - __main__ - INFO - Computing 'flightlegs_scheduledFlightDuration' in minutes
2025-11-20 09:38:19,668 - __main__ - INFO - Filtered past flights only, resulting shape: (959065, 33)
2025-11-20 09:38:19,675 - __main__ - INFO - Filled missing flightlegs_irregularity_delayduration_total with 0
2025-11-20 09:38:19,676 - __main__ - INFO - Categorizing flights into 'CANCELLED', 'LATE', 'ONTIME'
2025-11-20 09:38:28,450 - __main__ - INFO - Step: categorize_flights | shape: (959065, 33) | null values: 2350143
2025-11-20 09:38:29,366 - __main__ - INFO - Categorizing flights into 'cancelled', 'late', 'on_time'
2025-11-20 09:38:35,241 - __main__ - INFO - Step: categorize_delay_brackets | shape: (959065, 33) | null values: 2350143
2025-11-20 09:38:36,122 - __main__ - INFO - Filtering flights in optional list
2025-11-20 09:38:36,410 - __main__ - INFO - AFiltering flights in mandatory list
2025-11-20 09:38:37,158 - __main__ - INFO - Step: airport_filtering | shape: (578898, 33) | null values: 1311010
2025-11-20 09:38:37,702 - __main__ - INFO - Adding seasonality, isWeekend and dayPeriod
2025-11-20 09:39:05,468 - __main__ - INFO - ==== Preparing classification_status dataset ====
2025-11-20 09:39:05,470 - __main__ - INFO - Using the full dataset
2025-11-20 09:39:05,824 - __main__ - INFO - Classification status dataset shape: X=(578898, 10), y=(578898,)
2025-11-20 09:39:05,852 - __main__ - INFO - Classification status dataset class repartition: flightlegs_publishedstatus
ONTIME       0.657869
LATE         0.341618
CANCELLED    0.000513
Name: proportion, dtype: float64
2025-11-20 09:39:06,362 - __main__ - INFO - Classification status train/test split: X_train=(463118, 10), X_test=(115780, 10), y_train=(463118,), y_test=(115780,)
2025-11-20 09:39:06,365 - __main__ - INFO - Extracting features from dataset, target column: flightlegs_publishedstatus
2025-11-20 09:39:06,445 - __main__ - INFO - Identified 0 numeric and 10 categorical features
2025-11-20 09:39:06,445 - __main__ - INFO - Numeric features: []
2025-11-20 09:39:06,445 - __main__ - INFO - Categorical features: ['flightlegs_aircraft_ownerairlinecode', 'flightlegs_aircraft_typecode', 'flightlegs_arrinfo_airport_city_country_areacode', 'flightlegs_arrinfo_airport_code', 'flightlegs_depinfo_airport_city_country_areacode', 'flightlegs_depinfo_airport_code', 'flightlegs_scheduledflightduration', 'flightlegs_season', 'flightlegs_arrinfo_times_scheduled_dayPeriod', 'flightlegs_depinfo_times_scheduled_dayPeriod']

2025-11-20 09:43:33,655 - __main__ - INFO - ==== Preparing classification_delay dataset ====
2025-11-20 09:43:34,142 - __main__ - INFO - Step: lateFlights_filtering | shape: (197762, 11) | null values: 10688
2025-11-20 09:43:34,219 - __main__ - INFO - Saved dataset cleaning summary to 'outputs/2025_11_20T09_37_50/dataset_summary/dataset_cleaning_summary.csv'

2025-11-20 09:43:34,221 - __main__ - INFO - Using the full dataset
2025-11-20 09:43:34,237 - __main__ - INFO - Classification delay dataset shape: X=(197762, 10), y=(197762,)
2025-11-20 09:43:34,279 - __main__ - INFO - Classification delay train/test split: X_train=(158209, 10), X_test=(39553, 10), y_train=(158209,), y_test=(39553,)
2025-11-20 09:43:34,280 - __main__ - INFO - Extracting features from dataset, target column: flightlegs_irregularity_delayduration_total
2025-11-20 09:43:34,289 - __main__ - INFO - Identified 0 numeric and 10 categorical features
2025-11-20 09:43:34,289 - __main__ - INFO - Numeric features: []
2025-11-20 09:43:34,289 - __main__ - INFO - Categorical features: ['flightlegs_aircraft_ownerairlinecode', 'flightlegs_aircraft_typecode', 'flightlegs_arrinfo_airport_city_country_areacode', 'flightlegs_arrinfo_airport_code', 'flightlegs_depinfo_airport_city_country_areacode', 'flightlegs_depinfo_airport_code', 'flightlegs_scheduledflightduration', 'flightlegs_season', 'flightlegs_arrinfo_times_scheduled_dayPeriod', 'flightlegs_depinfo_times_scheduled_dayPeriod']

2025-11-20 09:43:34,589 - __main__ - INFO - ==== Starting classification_status pipeline: Logistic_OVO ====

2025-11-20 09:43:34,589 - __main__ - INFO - Running simple mode for Logistic_OVO
2025-11-20 09:43:34,589 - __main__ - INFO - Starting classification_status pipeline: Logistic_OVO | mode: simple
2025-11-20 09:43:43,965 - __main__ - INFO - Fitted simple pipeline for classification_status Logistic_OVO | Score: 0.851 | Total duration: 8 seconds
2025-11-20 09:43:43,965 - __main__ - INFO - Saving feature importance for Logistic_OVO (classification_status)
2025-11-20 09:43:43,967 - __main__ - WARNING - No feature importances available for Logistic_OVO
2025-11-20 09:43:43,967 - __main__ - INFO - Skipping tree plot for Logistic_OVO (not a DecisionTree model)
2025-11-20 09:43:43,967 - __main__ - INFO - Generating classification_status metrics for Logistic_OVO | mode=simple
2025-11-20 09:43:46,567 - __main__ - INFO - Simple mode completed for Logistic_OVO

2025-11-20 09:43:46,567 - __main__ - INFO - ==== Finished classification_status pipeline: Logistic_OVO ====


2025-11-20 09:43:46,567 - __main__ - INFO - ==== Starting classification_status pipeline: DecisionTree ====

2025-11-20 09:43:46,567 - __main__ - INFO - Running simple mode for DecisionTree
2025-11-20 09:43:46,567 - __main__ - INFO - Starting classification_status pipeline: DecisionTree | mode: simple
2025-11-20 09:44:12,226 - __main__ - INFO - Fitted simple pipeline for classification_status DecisionTree | Score: 0.869 | Total duration: 25 seconds
2025-11-20 09:44:12,226 - __main__ - INFO - Saving feature importance for DecisionTree (classification_status)
2025-11-20 09:44:12,231 - __main__ - INFO - Feature importance CSV saved for DecisionTree
2025-11-20 09:44:12,674 - __main__ - INFO - Feature importance plot saved for DecisionTree
2025-11-20 09:44:12,676 - __main__ - WARNING - Failed to save decision tree plot for DecisionTree: This SimpleImputer instance is not fitted yet. Call 'fit' with appropriate arguments before using this estimator.
2025-11-20 09:44:12,676 - __main__ - INFO - Generating classification_status metrics for DecisionTree | mode=simple
2025-11-20 09:44:14,687 - __main__ - INFO - Simple mode completed for DecisionTree

2025-11-20 09:44:14,687 - __main__ - INFO - ==== Finished classification_status pipeline: DecisionTree ====


2025-11-20 09:44:14,687 - __main__ - INFO - ==== Starting classification_status pipeline: RandomForest ====

2025-11-20 09:44:14,687 - __main__ - INFO - Running simple mode for RandomForest
2025-11-20 09:44:14,687 - __main__ - INFO - Starting classification_status pipeline: RandomForest | mode: simple
2025-11-20 09:52:58,442 - __main__ - INFO - Fitted simple pipeline for classification_status RandomForest | Score: 0.869 | Total duration: 521 seconds
2025-11-20 09:52:58,442 - __main__ - INFO - Saving feature importance for RandomForest (classification_status)
2025-11-20 09:52:58,495 - __main__ - INFO - Feature importance CSV saved for RandomForest
2025-11-20 09:52:59,300 - __main__ - INFO - Feature importance plot saved for RandomForest
2025-11-20 09:52:59,301 - __main__ - INFO - Skipping tree plot for RandomForest (not a DecisionTree model)
2025-11-20 09:52:59,302 - __main__ - INFO - Generating classification_status metrics for RandomForest | mode=simple
2025-11-20 09:53:04,757 - __main__ - INFO - Simple mode completed for RandomForest

2025-11-20 09:53:04,757 - __main__ - INFO - ==== Finished classification_status pipeline: RandomForest ====


2025-11-20 09:53:04,757 - __main__ - INFO - ==== Starting classification_status pipeline: Logistic_OVR ====

2025-11-20 09:53:04,757 - __main__ - INFO - Running simple mode for Logistic_OVR
2025-11-20 09:53:04,757 - __main__ - INFO - Starting classification_status pipeline: Logistic_OVR | mode: simple
2025-11-20 09:53:21,007 - __main__ - INFO - Fitted simple pipeline for classification_status Logistic_OVR | Score: 0.851 | Total duration: 15 seconds
2025-11-20 09:53:21,008 - __main__ - INFO - Saving feature importance for Logistic_OVR (classification_status)
2025-11-20 09:53:21,010 - __main__ - WARNING - No feature importances available for Logistic_OVR
2025-11-20 09:53:21,010 - __main__ - INFO - Skipping tree plot for Logistic_OVR (not a DecisionTree model)
2025-11-20 09:53:21,010 - __main__ - INFO - Generating classification_status metrics for Logistic_OVR | mode=simple
2025-11-20 09:53:23,688 - __main__ - INFO - Simple mode completed for Logistic_OVR

2025-11-20 09:53:23,688 - __main__ - INFO - ==== Finished classification_status pipeline: Logistic_OVR ====


2025-11-20 09:53:23,704 - __main__ - INFO - ==== Starting classification_delay pipeline: Logistic_OVO ====

2025-11-20 09:53:23,704 - __main__ - INFO - Running simple mode for Logistic_OVO
2025-11-20 09:53:23,704 - __main__ - INFO - Starting classification_delay pipeline: Logistic_OVO | mode: simple
2025-11-20 09:53:28,267 - __main__ - INFO - Fitted simple pipeline for classification_delay Logistic_OVO | Score: 0.340 | Total duration: 4 seconds
2025-11-20 09:53:28,267 - __main__ - INFO - Saving feature importance for Logistic_OVO (classification_delay)
2025-11-20 09:53:28,268 - __main__ - WARNING - No feature importances available for Logistic_OVO
2025-11-20 09:53:28,269 - __main__ - INFO - Skipping tree plot for Logistic_OVO (not a DecisionTree model)
2025-11-20 09:53:28,269 - __main__ - INFO - Generating classification_delay metrics for Logistic_OVO | mode=simple
2025-11-20 09:53:29,431 - __main__ - INFO - Simple mode completed for Logistic_OVO

2025-11-20 09:53:29,431 - __main__ - INFO - ==== Finished classification_delay pipeline: Logistic_OVO ====


2025-11-20 09:53:29,431 - __main__ - INFO - ==== Starting classification_delay pipeline: DecisionTree ====

2025-11-20 09:53:29,431 - __main__ - INFO - Running simple mode for DecisionTree
2025-11-20 09:53:29,431 - __main__ - INFO - Starting classification_delay pipeline: DecisionTree | mode: simple
2025-11-20 09:53:41,529 - __main__ - INFO - Fitted simple pipeline for classification_delay DecisionTree | Score: 0.322 | Total duration: 11 seconds
2025-11-20 09:53:41,529 - __main__ - INFO - Saving feature importance for DecisionTree (classification_delay)
2025-11-20 09:53:41,534 - __main__ - INFO - Feature importance CSV saved for DecisionTree
2025-11-20 09:53:42,021 - __main__ - INFO - Feature importance plot saved for DecisionTree
2025-11-20 09:53:42,023 - __main__ - WARNING - Failed to save decision tree plot for DecisionTree: This SimpleImputer instance is not fitted yet. Call 'fit' with appropriate arguments before using this estimator.
2025-11-20 09:53:42,023 - __main__ - INFO - Generating classification_delay metrics for DecisionTree | mode=simple
2025-11-20 09:53:43,257 - __main__ - INFO - Simple mode completed for DecisionTree

2025-11-20 09:53:43,257 - __main__ - INFO - ==== Finished classification_delay pipeline: DecisionTree ====


2025-11-20 09:53:43,257 - __main__ - INFO - ==== Starting classification_delay pipeline: RandomForest ====

2025-11-20 09:53:43,257 - __main__ - INFO - Running simple mode for RandomForest
2025-11-20 09:53:43,257 - __main__ - INFO - Starting classification_delay pipeline: RandomForest | mode: simple
2025-11-20 09:56:56,761 - __main__ - INFO - Fitted simple pipeline for classification_delay RandomForest | Score: 0.319 | Total duration: 192 seconds
2025-11-20 09:56:56,761 - __main__ - INFO - Saving feature importance for RandomForest (classification_delay)
2025-11-20 09:56:56,806 - __main__ - INFO - Feature importance CSV saved for RandomForest
2025-11-20 09:56:57,280 - __main__ - INFO - Feature importance plot saved for RandomForest
2025-11-20 09:56:57,281 - __main__ - INFO - Skipping tree plot for RandomForest (not a DecisionTree model)
2025-11-20 09:56:57,281 - __main__ - INFO - Generating classification_delay metrics for RandomForest | mode=simple
2025-11-20 09:56:58,725 - __main__ - INFO - Simple mode completed for RandomForest

2025-11-20 09:56:58,725 - __main__ - INFO - ==== Finished classification_delay pipeline: RandomForest ====


2025-11-20 09:56:58,725 - __main__ - INFO - ==== Starting classification_delay pipeline: Logistic_OVR ====

2025-11-20 09:56:58,725 - __main__ - INFO - Running simple mode for Logistic_OVR
2025-11-20 09:56:58,725 - __main__ - INFO - Starting classification_delay pipeline: Logistic_OVR | mode: simple
2025-11-20 09:57:02,337 - __main__ - INFO - Fitted simple pipeline for classification_delay Logistic_OVR | Score: 0.339 | Total duration: 3 seconds
2025-11-20 09:57:02,337 - __main__ - INFO - Saving feature importance for Logistic_OVR (classification_delay)
2025-11-20 09:57:02,338 - __main__ - WARNING - No feature importances available for Logistic_OVR
2025-11-20 09:57:02,338 - __main__ - INFO - Skipping tree plot for Logistic_OVR (not a DecisionTree model)
2025-11-20 09:57:02,338 - __main__ - INFO - Generating classification_delay metrics for Logistic_OVR | mode=simple
2025-11-20 09:57:03,314 - __main__ - INFO - Simple mode completed for Logistic_OVR

2025-11-20 09:57:03,314 - __main__ - INFO - ==== Finished classification_delay pipeline: Logistic_OVR ====


2025-11-20 10:09:36,243 - __main__ - INFO - Saved top 20 features summary for all pipelines
2025-11-20 10:09:49,378 - __main__ - INFO - Saved combined global ML summary for all pipelines and modes
2025-11-20 10:10:18,543 - __main__ - INFO - Saved enhanced global ML summary with expanded hyperparameters
2025-11-20 10:10:18,748 - __main__ - INFO - Created enhanced global ML summary with expanded hyperparameters to historical summaries
