2025-12-06 01:41:43,720 - afklm_ml - INFO - Starting ML pipeline
2025-12-06 01:41:43,721 - afklm_ml - INFO - ================================== Data loading ==================================
2025-12-06 01:41:43,721 - afklm_ml - INFO - Looking for .csv.gz files in data
2025-12-06 01:41:43,721 - afklm_ml - INFO - Found files ['afklm_past_flight.csv.zip']
2025-12-06 01:41:43,721 - afklm_ml - INFO - Loading afklm_past_flight.csv.zip
2025-12-06 01:41:52,233 - afklm_ml - INFO - Loaded dataset: afklm_past_flight.csv.zip, shape=(750205, 60)
2025-12-06 01:41:52,234 - afklm_ml - INFO - ================================== Model loading ==================================
2025-12-06 01:41:52,346 - afklm_ml - INFO - ================================== Data cleaning ==================================
2025-12-06 01:41:53,361 - afklm_ml - INFO - Step: 'raw_data' | shape: (750205, 60) | null values: 3703144
2025-12-06 01:41:53,445 - afklm_ml - INFO - Dropping columns: Index(['flight_id', 'airline_code', 'airline_name',
       'flightlegs_irregularity_delayinfo_delayreasonpubliclong',
       'flightlegs_irregularity_delayinfo_delayreasonpublicshort',
       'flightlegs_depinfo_airport_location_name',
       'flightlegs_depinfo_airport_icao_code',
       'flightlegs_depinfo_airport_places_depposterm_boardingterminal',
       'flightlegs_depinfo_airport_places_depposterm_gatenumber',
       'flightlegs_arrinfo_airport_location_name',
       'flightlegs_arrinfo_airport_icao_code'],
      dtype='object')
2025-12-06 01:41:53,770 - afklm_ml - INFO - Dropping rows with missing flightlegs_publishedstatus
2025-12-06 01:41:54,749 - afklm_ml - INFO - Step: filtered past flights only | shape: (750055, 49) | null values: 1707249
2025-12-06 01:41:54,749 - afklm_ml - INFO - Filled missing flightlegs_irregularity_delayduration_total with 0
2025-12-06 01:41:55,461 - afklm_ml - INFO - Step: After cleaning | shape: (750055, 49) | null values: 1221822
2025-12-06 01:41:55,461 - afklm_ml - INFO - Filtering airports in optional list
2025-12-06 01:41:55,684 - afklm_ml - INFO - Filtering airports in mandatory list
2025-12-06 01:41:56,296 - afklm_ml - INFO - Step: Airport_filtering | shape: (550772, 49) | null values: 881141
2025-12-06 01:41:56,296 - afklm_ml - INFO - ================================== Feature engineering ==================================
2025-12-06 01:41:56,346 - afklm_ml - INFO - Extracting 'company_flight' from 'flight_id' column
2025-12-06 01:42:14,522 - afklm_ml - INFO - Adding seasonality, isWeekend and dayPeriod
2025-12-06 01:42:17,231 - afklm_ml - INFO - ================================== Target engineering ==================================
2025-12-06 01:42:17,485 - afklm_ml - INFO - Categorizing flights into 'CANCELLED' (also if delay > 360min), 'LATE', 'ONTIME'
2025-12-06 01:42:22,369 - afklm_ml - INFO - Step: categorize delay status | shape: (550772, 56) | null values: 819304
2025-12-06 01:42:25,285 - afklm_ml - INFO - Step: categorize delay brackets | {']060;120]', ']120;240]', ']030;060]', ']000;005]', ']015;030]', ']240;360]', ']005;015]'}
2025-12-06 01:42:25,901 - afklm_ml - INFO - Step: categorize delay brackets | shape: (550772, 57) | null values: 819304
2025-12-06 01:42:25,902 - afklm_ml - INFO - ================================== Dataset splitting and feature selection ==================================
2025-12-06 01:42:26,112 - afklm_ml - INFO - CLASSIFICATION_STATUS Using the full dataset
2025-12-06 01:42:26,246 - afklm_ml - INFO - CLASSIFICATION_STATUS columns dropped: {'flightlegs_depinfo_times_scheduled_time', 'flightlegs_arrinfo_times_scheduled_day', 'flightlegs_arrinfo_airport_latitude', 'flightlegs_irregularity_delayduration', 'flightlegs_depinfo_airport_subcontinent_name', 'flightlegs_depinfo_times_scheduled_day', 'delay_status', 'flightlegs_arrinfo_airport_places_arrivalpositionterminal', 'flightlegs_arrinfo_times_scheduled_time', 'flightlegs_statusname', 'flightlegs_arrinfo_times_scheduled_year', 'flightlegs_arrinfo_times_scheduled_month', 'flightlegs_depinfo_times_scheduled_timezone', 'flightlegs_arrinfo_airport_country_code', 'flightlegs_depinfo_times_scheduled_month', 'flightlegs_depinfo_airport_country_code', 'flightlegs_legstatuspublic', 'flightlegs_depinfo_times_scheduled_isWeekend', 'flightlegs_depinfo_times_number_week', 'flightlegs_irregularity_delayduration_total_bracket', 'flightlegs_servicetypename', 'flightnumber', 'flightlegs_arrinfo_times_number_week', 'flightlegs_arrinfo_times_scheduled_minute', 'flightlegs_arrinfo_airport_longitude', 'flightlegs_arrinfo_times_scheduled_hour', 'flightlegs_status', 'flightlegs_irregularity_delayduration_total', 'flightlegs_arrinfo_times_scheduled_date', 'flightstatuspublic', 'flightlegs_arrinfo_airport_subcontinent_name', 'flightlegs_depinfo_airport_continent_name', 'flightlegs_depinfo_times_scheduled_hour', 'flightlegs_arrinfo_airport_continent_name', 'flightlegs_depinfo_times_scheduled_year', 'flightlegs_depinfo_airport_latitude', 'flightlegs_servicetype', 'flightlegs_arrinfo_airport_airport_name', 'flightlegs_depinfo_airport_longitude', 'flightlegs_depinfo_airport_airport_name', 'flightlegs_arrinfo_times_scheduled_timezone', 'flightlegs_arrinfo_times_scheduled', 'flightlegs_depinfo_times_scheduled', 'flightlegs_arrinfo_times_scheduled_isWeekend', 'flightlegs_publishedstatus', 'flightlegs_depinfo_times_scheduled_minute', 'flightlegs_depinfo_times_scheduled_date'}
2025-12-06 01:42:26,246 - afklm_ml - INFO - CLASSIFICATION_STATUS features: {'flightlegs_aircraft_ownerairlinecode', 'flightlegs_scheduledflightduration', 'flightlegs_depinfo_airport_country_name', 'flightlegs_aircraft_typecode', 'flightlegs_arrinfo_airport_code', 'flightlegs_depinfo_airport_code', 'flightlegs_season', 'flightlegs_arrinfo_airport_country_name', 'flightlegs_arrinfo_times_scheduled_dayPeriod', 'flightlegs_depinfo_times_scheduled_dayPeriod'}
2025-12-06 01:42:26,246 - afklm_ml - INFO - CLASSIFICATION_STATUS target: flightlegs_publishedstatus
2025-12-06 01:42:26,678 - afklm_ml - INFO - CLASSIFICATION_STATUS dataset class repartition: flightlegs_publishedstatus
ONTIME       0.615342
LATE         0.384092
CANCELLED    0.000566
Name: proportion, dtype: float64
2025-12-06 01:42:26,678 - afklm_ml - INFO - CLASSIFICATION_STATUS train/test split: X_train=(440617, 10), X_test=(110155, 10), y_train=(440617,), y_test=(110155,)
2025-12-06 01:42:26,887 - afklm_ml - INFO - CLASSIFICATION_STATUS Removing non-LATE flights
2025-12-06 01:42:27,008 - afklm_ml - INFO - CLASSIFICATION_DELAY Using the full dataset
2025-12-06 01:42:27,072 - afklm_ml - INFO - CLASSIFICATION_DELAY columns dropped: {'flightlegs_depinfo_times_scheduled_time', 'flightlegs_arrinfo_times_scheduled_day', 'flightlegs_arrinfo_airport_latitude', 'flightlegs_irregularity_delayduration', 'flightlegs_depinfo_airport_subcontinent_name', 'flightlegs_depinfo_times_scheduled_day', 'delay_status', 'flightlegs_arrinfo_airport_places_arrivalpositionterminal', 'flightlegs_arrinfo_times_scheduled_time', 'flightlegs_statusname', 'flightlegs_arrinfo_times_scheduled_year', 'flightlegs_arrinfo_times_scheduled_month', 'flightlegs_depinfo_times_scheduled_timezone', 'flightlegs_arrinfo_airport_country_code', 'flightlegs_depinfo_times_scheduled_month', 'flightlegs_depinfo_airport_country_code', 'flightlegs_legstatuspublic', 'flightlegs_depinfo_times_scheduled_isWeekend', 'flightlegs_depinfo_times_number_week', 'flightlegs_irregularity_delayduration_total_bracket', 'flightlegs_servicetypename', 'flightnumber', 'flightlegs_arrinfo_times_number_week', 'flightlegs_arrinfo_times_scheduled_minute', 'flightlegs_arrinfo_airport_longitude', 'flightlegs_arrinfo_times_scheduled_hour', 'flightlegs_status', 'flightlegs_irregularity_delayduration_total', 'flightlegs_arrinfo_times_scheduled_date', 'flightstatuspublic', 'flightlegs_arrinfo_airport_subcontinent_name', 'flightlegs_depinfo_airport_continent_name', 'flightlegs_depinfo_times_scheduled_hour', 'flightlegs_arrinfo_airport_continent_name', 'flightlegs_depinfo_times_scheduled_year', 'flightlegs_depinfo_airport_latitude', 'flightlegs_servicetype', 'flightlegs_arrinfo_airport_airport_name', 'flightlegs_depinfo_airport_longitude', 'flightlegs_depinfo_airport_airport_name', 'flightlegs_arrinfo_times_scheduled_timezone', 'flightlegs_arrinfo_times_scheduled', 'flightlegs_depinfo_times_scheduled', 'flightlegs_arrinfo_times_scheduled_isWeekend', 'flightlegs_publishedstatus', 'flightlegs_depinfo_times_scheduled_minute', 'flightlegs_depinfo_times_scheduled_date'}
2025-12-06 01:42:27,072 - afklm_ml - INFO - CLASSIFICATION_DELAY features: {'flightlegs_aircraft_ownerairlinecode', 'flightlegs_scheduledflightduration', 'flightlegs_depinfo_airport_country_name', 'flightlegs_aircraft_typecode', 'flightlegs_arrinfo_airport_code', 'flightlegs_depinfo_airport_code', 'flightlegs_season', 'flightlegs_arrinfo_airport_country_name', 'flightlegs_arrinfo_times_scheduled_dayPeriod', 'flightlegs_depinfo_times_scheduled_dayPeriod'}
2025-12-06 01:42:27,072 - afklm_ml - INFO - CLASSIFICATION_DELAY target: flightlegs_irregularity_delayduration_total_bracket
2025-12-06 01:42:27,256 - afklm_ml - INFO - CLASSIFICATION_DELAY dataset class repartition: flightlegs_irregularity_delayduration_total_bracket
]005;015]    0.328967
]015;030]    0.245473
]000;005]    0.170364
]030;060]    0.168327
]060;120]    0.045049
]120;240]    0.037467
]240;360]    0.004354
Name: proportion, dtype: float64
2025-12-06 01:42:27,256 - afklm_ml - INFO - CLASSIFICATION_DELAY train/test split: X_train=(169237, 10), X_test=(42310, 10), y_train=(169237,), y_test=(42310,)
2025-12-06 01:42:27,466 - afklm_ml - INFO - CLASSIFICATION_DELAY Removing non-LATE flights
2025-12-06 01:42:27,583 - afklm_ml - INFO - REGRESSION Using the full dataset
2025-12-06 01:42:27,637 - afklm_ml - INFO - REGRESSION columns dropped: {'flightlegs_depinfo_times_scheduled_time', 'flightlegs_arrinfo_times_scheduled_day', 'flightlegs_arrinfo_airport_latitude', 'flightlegs_irregularity_delayduration', 'flightlegs_depinfo_airport_subcontinent_name', 'flightlegs_depinfo_times_scheduled_day', 'delay_status', 'flightlegs_arrinfo_airport_places_arrivalpositionterminal', 'flightlegs_arrinfo_times_scheduled_time', 'flightlegs_statusname', 'flightlegs_arrinfo_times_scheduled_year', 'flightlegs_arrinfo_times_scheduled_month', 'flightlegs_depinfo_times_scheduled_timezone', 'flightlegs_arrinfo_airport_country_code', 'flightlegs_depinfo_times_scheduled_month', 'flightlegs_depinfo_airport_country_code', 'flightlegs_legstatuspublic', 'flightlegs_depinfo_times_scheduled_isWeekend', 'flightlegs_depinfo_times_number_week', 'flightlegs_irregularity_delayduration_total_bracket', 'flightlegs_servicetypename', 'flightnumber', 'flightlegs_arrinfo_times_number_week', 'flightlegs_arrinfo_times_scheduled_minute', 'flightlegs_arrinfo_airport_longitude', 'flightlegs_arrinfo_times_scheduled_hour', 'flightlegs_status', 'flightlegs_irregularity_delayduration_total', 'flightlegs_arrinfo_times_scheduled_date', 'flightstatuspublic', 'flightlegs_arrinfo_airport_subcontinent_name', 'flightlegs_depinfo_airport_continent_name', 'flightlegs_depinfo_times_scheduled_hour', 'flightlegs_arrinfo_airport_continent_name', 'flightlegs_depinfo_times_scheduled_year', 'flightlegs_depinfo_airport_latitude', 'flightlegs_servicetype', 'flightlegs_arrinfo_airport_airport_name', 'flightlegs_depinfo_airport_longitude', 'flightlegs_depinfo_airport_airport_name', 'flightlegs_arrinfo_times_scheduled_timezone', 'flightlegs_arrinfo_times_scheduled', 'flightlegs_depinfo_times_scheduled', 'flightlegs_arrinfo_times_scheduled_isWeekend', 'flightlegs_publishedstatus', 'flightlegs_depinfo_times_scheduled_minute', 'flightlegs_depinfo_times_scheduled_date'}
2025-12-06 01:42:27,637 - afklm_ml - INFO - REGRESSION features: {'flightlegs_aircraft_ownerairlinecode', 'flightlegs_scheduledflightduration', 'flightlegs_depinfo_airport_country_name', 'flightlegs_aircraft_typecode', 'flightlegs_arrinfo_airport_code', 'flightlegs_depinfo_airport_code', 'flightlegs_season', 'flightlegs_arrinfo_airport_country_name', 'flightlegs_arrinfo_times_scheduled_dayPeriod', 'flightlegs_depinfo_times_scheduled_dayPeriod'}
2025-12-06 01:42:27,637 - afklm_ml - INFO - REGRESSION target: flightlegs_irregularity_delayduration_total
2025-12-06 01:42:27,665 - afklm_ml - INFO - REGRESSION train/test split: X_train=(169237, 10), X_test=(42310, 10), y_train=(169237,), y_test=(42310,)
2025-12-06 01:42:27,669 - afklm_ml - INFO - ================================== Pipelines building ==================================
2025-12-06 01:42:27,698 - afklm_ml - INFO - ================================== classification_status training ==================================
2025-12-06 01:42:27,698 - afklm_ml - INFO - Starting classification_status pipeline DecisionTree
2025-12-06 01:42:27,698 - afklm_ml - INFO - classification_status_20251206_014135_DecisionTree.pkl
2025-12-06 01:42:27,698 - afklm_ml - INFO - Fitting simple pipeline for classification_status DecisionTree
2025-12-06 01:42:43,351 - afklm_ml - INFO - DecisionTree accuracy: 0.874
2025-12-06 01:42:43,567 - afklm_ml - INFO - Not better than previous
2025-12-06 01:42:43,567 - afklm_ml - INFO - Starting classification_status pipeline RandomForest
2025-12-06 01:42:43,567 - afklm_ml - INFO - classification_status_20251206_014135_RandomForest.pkl
2025-12-06 01:42:43,567 - afklm_ml - INFO - Fitting simple pipeline for classification_status RandomForest
2025-12-06 01:47:27,380 - afklm_ml - INFO - RandomForest accuracy: 0.874
2025-12-06 01:47:27,653 - afklm_ml - INFO - Not better than previous
2025-12-06 01:47:27,653 - afklm_ml - INFO - Starting classification_status pipeline Logistic_OVO
2025-12-06 01:47:27,653 - afklm_ml - INFO - classification_status_20251206_014135_Logistic_OVO.pkl
2025-12-06 01:47:27,653 - afklm_ml - INFO - Fitting simple pipeline for classification_status Logistic_OVO
2025-12-06 01:47:36,607 - afklm_ml - INFO - Logistic_OVO accuracy: 0.864
2025-12-06 01:47:36,610 - afklm_ml - WARNING - No feature importance for Logistic_OVO
2025-12-06 01:47:36,610 - afklm_ml - INFO - Not better than previous
2025-12-06 01:47:36,610 - afklm_ml - INFO - Starting classification_status pipeline Logistic_OVR
2025-12-06 01:47:36,610 - afklm_ml - INFO - classification_status_20251206_014135_Logistic_OVR.pkl
2025-12-06 01:47:36,611 - afklm_ml - INFO - Fitting simple pipeline for classification_status Logistic_OVR
2025-12-06 01:47:46,232 - afklm_ml - INFO - Logistic_OVR accuracy: 0.864
2025-12-06 01:47:46,235 - afklm_ml - WARNING - No feature importance for Logistic_OVR
2025-12-06 01:47:46,235 - afklm_ml - INFO - Not better than previous
2025-12-06 01:47:46,235 - afklm_ml - INFO - ================================== classification_delay training ==================================
2025-12-06 01:47:46,235 - afklm_ml - INFO - Starting classification_delay pipeline DecisionTree
2025-12-06 01:47:46,235 - afklm_ml - INFO - classification_delay_20251206_014135_DecisionTree.pkl
2025-12-06 01:47:46,235 - afklm_ml - INFO - Fitting simple pipeline for classification_delay DecisionTree
2025-12-06 01:47:55,882 - afklm_ml - INFO - DecisionTree accuracy: 0.322
2025-12-06 01:47:56,135 - afklm_ml - INFO - Not better than previous
2025-12-06 01:47:56,135 - afklm_ml - INFO - Starting classification_delay pipeline RandomForest
2025-12-06 01:47:56,135 - afklm_ml - INFO - classification_delay_20251206_014135_RandomForest.pkl
2025-12-06 01:47:56,135 - afklm_ml - INFO - Fitting simple pipeline for classification_delay RandomForest
2025-12-06 01:49:44,919 - afklm_ml - INFO - RandomForest accuracy: 0.318
2025-12-06 01:49:45,186 - afklm_ml - INFO - Not better than previous
2025-12-06 01:49:45,186 - afklm_ml - INFO - Starting classification_delay pipeline Logistic_OVO
2025-12-06 01:49:45,186 - afklm_ml - INFO - classification_delay_20251206_014135_Logistic_OVO.pkl
2025-12-06 01:49:45,186 - afklm_ml - INFO - Fitting simple pipeline for classification_delay Logistic_OVO
2025-12-06 01:49:49,026 - afklm_ml - INFO - Logistic_OVO accuracy: 0.338
2025-12-06 01:49:49,029 - afklm_ml - WARNING - No feature importance for Logistic_OVO
2025-12-06 01:49:49,029 - afklm_ml - INFO - Not better than previous
2025-12-06 01:49:49,030 - afklm_ml - INFO - Starting classification_delay pipeline Logistic_OVR
2025-12-06 01:49:49,030 - afklm_ml - INFO - classification_delay_20251206_014135_Logistic_OVR.pkl
2025-12-06 01:49:49,030 - afklm_ml - INFO - Fitting simple pipeline for classification_delay Logistic_OVR
2025-12-06 01:49:53,531 - afklm_ml - INFO - Logistic_OVR accuracy: 0.339
2025-12-06 01:49:53,534 - afklm_ml - WARNING - No feature importance for Logistic_OVR
2025-12-06 01:49:53,534 - afklm_ml - INFO - Better than previous: 0.3386433467265421, new 0.33864334672654217
2025-12-06 01:49:53,535 - afklm_ml - INFO - OK
2025-12-06 01:49:53,536 - afklm_ml - INFO - ================================== regression training ==================================
2025-12-06 01:49:53,536 - afklm_ml - INFO - Starting regression pipeline LinearRegression
2025-12-06 01:49:53,536 - afklm_ml - INFO - regression_20251206_014135_LinearRegression.pkl
2025-12-06 01:49:53,537 - afklm_ml - INFO - Fitting simple pipeline for regression LinearRegression
2025-12-06 01:50:05,949 - afklm_ml - INFO - LinearRegression r2: 0.05133652472481587
2025-12-06 01:50:06,205 - afklm_ml - INFO - Not better than previous
2025-12-06 01:50:06,206 - afklm_ml - INFO - Starting regression pipeline DecisionTreeRegressor
2025-12-06 01:50:06,206 - afklm_ml - INFO - regression_20251206_014135_DecisionTreeRegressor.pkl
2025-12-06 01:50:06,206 - afklm_ml - INFO - Fitting simple pipeline for regression DecisionTreeRegressor
2025-12-06 01:50:14,979 - afklm_ml - INFO - DecisionTreeRegressor r2: 0.0010703064275766616
2025-12-06 01:50:15,215 - afklm_ml - INFO - Not better than previous
2025-12-06 01:50:15,215 - afklm_ml - INFO - Starting regression pipeline RandomForestRegressor
2025-12-06 01:50:15,215 - afklm_ml - INFO - regression_20251206_014135_RandomForestRegressor.pkl
2025-12-06 01:50:15,215 - afklm_ml - INFO - Fitting simple pipeline for regression RandomForestRegressor
