2025-11-14 00:42:55,478 - __main__ - INFO - ==== Starting ML script====
2025-11-14 00:42:55,478 - __main__ - INFO - Nb of cores: 6

2025-11-14 00:42:55,478 - __main__ - INFO - ML pipeline settings loaded from afklm_ml_training_settings.json
2025-11-14 00:43:01,301 - __main__ - INFO - Loaded dataset: afklm_flight_from_mongo_filtered_20251106-13-52-40_983317.csv, shape=(983317, 45)
2025-11-14 00:43:02,252 - __main__ - INFO - Step: raw_data | shape: (983317, 45) | null values: 8933246
2025-11-14 00:43:03,189 - __main__ - INFO - Extracting 'company_flight' from 'id' column
2025-11-14 00:43:04,045 - __main__ - INFO - Dropping columns: ['id', 'airline_name', 'flightLegs_aircraft_ownerAirlineCode', 'actual', 'PositionTerminal', 'latestPublished', 'airline_code', 'company_flight', 'city_country_areaCode', 'airport_location', 'airport_city_country_name'] and rows with missing 'flightStatusPublic'
2025-11-14 00:43:05,421 - __main__ - INFO - Step: drop_na_and_unused_cols | shape: (983317, 23) | null values: 5427175
2025-11-14 00:43:05,911 - __main__ - INFO - Computing 'scheduled' flag for flights
2025-11-14 00:43:06,657 - __main__ - INFO - Computing 'flightLegs_scheduledFlightDuration' in minutes
2025-11-14 00:43:15,993 - __main__ - INFO - Filtered past flights only, resulting shape: (957733, 24)
2025-11-14 00:43:15,997 - __main__ - INFO - Filled missing 'flightLegs_irregularity_delayDuration_total' with 0
2025-11-14 00:43:15,997 - __main__ - INFO - Categorizing flights into 'cancelled', 'late', 'on_time'
2025-11-14 00:43:21,208 - __main__ - INFO - Step: categorize_flights | shape: (957733, 25) | null values: 4473406
2025-11-14 00:43:21,682 - __main__ - INFO - Filtering flights to EU airports
2025-11-14 00:43:21,846 - __main__ - INFO - Applying top 30 EU airports filter
2025-11-14 00:43:22,220 - __main__ - INFO - Step: eu_filtering | shape: (494357, 25) | null values: 2064656
2025-11-14 00:43:22,471 - __main__ - INFO - Adding seasonality, isWeekend and dayPeriod
2025-11-14 00:43:40,153 - __main__ - INFO - ==== Preparing classification dataset ====
2025-11-14 00:43:40,153 - __main__ - INFO - Using the full dataset
2025-11-14 00:43:40,424 - __main__ - INFO - Classification dataset shape: X=(494357, 10), y=(494357,)
2025-11-14 00:43:40,440 - __main__ - INFO - Classification dataset class repartition: flightLegs_Category
on_time      0.610065
late         0.354442
cancelled    0.035493
Name: proportion, dtype: float64
2025-11-14 00:43:40,793 - __main__ - INFO - Classification train/test split: X_train=(395485, 10), X_test=(98872, 10), y_train=(395485,), y_test=(98872,)
2025-11-14 00:43:40,793 - __main__ - INFO - Extracting features from dataset, target column: flightLegs_Category
2025-11-14 00:43:40,821 - __main__ - INFO - Identified 1 numeric and 6 categorical features
2025-11-14 00:43:40,821 - __main__ - INFO - Numeric features: ['flightLegs_scheduledFlightDuration']
2025-11-14 00:43:40,821 - __main__ - INFO - Categorical features: ['flightLegs_aircraft_typeCode', 'flightLegs_arrivalInformation_airport_code', 'flightLegs_departureInformation_airport_code', 'flightLegs_season', 'flightLegs_arrivalInformation_times_scheduled_dayPeriod', 'flightLegs_departureInformation_times_scheduled_dayPeriod']

2025-11-14 00:43:40,821 - __main__ - INFO - ==== Preparing regression dataset ====
2025-11-14 00:43:41,111 - __main__ - INFO - Step: lateFlights_filtering | shape: (175221, 12) | null values: 0
2025-11-14 00:43:41,147 - __main__ - INFO - Saved dataset cleaning summary to 'outputs/2025_11_14T00_42_55/dataset_summary/dataset_cleaning_summary.csv'

2025-11-14 00:43:41,147 - __main__ - INFO - Using the full dataset
2025-11-14 00:43:41,155 - __main__ - INFO - Regression dataset shape: X=(175221, 11), y=(175221,)
2025-11-14 00:43:41,174 - __main__ - INFO - Regression train/test split: X_train=(140176, 11), X_test=(35045, 11), y_train=(140176,), y_test=(35045,)
2025-11-14 00:43:41,174 - __main__ - INFO - Extracting features from dataset, target column: flightLegs_irregularity_delayDuration_total
2025-11-14 00:43:41,179 - __main__ - INFO - Identified 1 numeric and 7 categorical features
2025-11-14 00:43:41,179 - __main__ - INFO - Numeric features: ['flightLegs_scheduledFlightDuration']
2025-11-14 00:43:41,179 - __main__ - INFO - Categorical features: ['flightLegs_aircraft_typeCode', 'flightLegs_arrivalInformation_airport_code', 'flightLegs_departureInformation_airport_code', 'flightLegs_Category', 'flightLegs_season', 'flightLegs_arrivalInformation_times_scheduled_dayPeriod', 'flightLegs_departureInformation_times_scheduled_dayPeriod']

2025-11-14 00:43:41,180 - __main__ - INFO - ==== Starting classification pipeline: Logistic_OVO ====

2025-11-14 00:43:41,180 - __main__ - INFO - Running simple mode for Logistic_OVO
2025-11-14 00:43:41,180 - __main__ - INFO - Starting classification pipeline: Logistic_OVO | mode: simple
2025-11-14 00:43:47,162 - __main__ - INFO - Fitted simple pipeline for Logistic_OVO | Score: 0.783 | Total duration: 5 seconds
2025-11-14 00:43:47,162 - __main__ - INFO - Saving feature importance for Logistic_OVO (classification)
2025-11-14 00:43:47,163 - __main__ - WARNING - No feature importances available for Logistic_OVO
2025-11-14 00:43:47,163 - __main__ - INFO - Skipping tree plot for Logistic_OVO (not a DecisionTree model)
2025-11-14 00:43:47,163 - __main__ - INFO - Generating classification metrics for Logistic_OVO | mode=simple
2025-11-14 00:43:48,293 - __main__ - INFO - Simple mode completed for Logistic_OVO

2025-11-14 00:43:48,293 - __main__ - INFO - ==== Finished classification pipeline: Logistic_OVO ====


2025-11-14 00:43:48,293 - __main__ - INFO - ==== Starting classification pipeline: DecisionTree ====

2025-11-14 00:43:48,293 - __main__ - INFO - Running simple mode for DecisionTree
2025-11-14 00:43:48,293 - __main__ - INFO - Starting classification pipeline: DecisionTree | mode: simple
2025-11-14 00:44:01,674 - __main__ - INFO - Fitted simple pipeline for DecisionTree | Score: 0.843 | Total duration: 13 seconds
2025-11-14 00:44:01,674 - __main__ - INFO - Saving feature importance for DecisionTree (classification)
2025-11-14 00:44:01,677 - __main__ - INFO - Feature importance CSV saved for DecisionTree
2025-11-14 00:44:01,877 - __main__ - INFO - Feature importance plot saved for DecisionTree
2025-11-14 00:44:02,094 - __main__ - INFO - Adjusted thresholds to original units for 1 scaled features
2025-11-14 00:44:03,267 - __main__ - INFO - Decision tree plot saved for DecisionTree
2025-11-14 00:44:03,268 - __main__ - INFO - Generating classification metrics for DecisionTree | mode=simple
2025-11-14 00:44:04,367 - __main__ - INFO - Simple mode completed for DecisionTree

2025-11-14 00:44:04,368 - __main__ - INFO - ==== Finished classification pipeline: DecisionTree ====


2025-11-14 00:44:04,368 - __main__ - INFO - ==== Starting classification pipeline: RandomForest ====

2025-11-14 00:44:04,368 - __main__ - INFO - Running simple mode for RandomForest
2025-11-14 00:44:04,368 - __main__ - INFO - Starting classification pipeline: RandomForest | mode: simple
2025-11-14 00:47:34,444 - __main__ - INFO - Fitted simple pipeline for RandomForest | Score: 0.844 | Total duration: 209 seconds
2025-11-14 00:47:34,444 - __main__ - INFO - Saving feature importance for RandomForest (classification)
2025-11-14 00:47:34,470 - __main__ - INFO - Feature importance CSV saved for RandomForest
2025-11-14 00:47:34,733 - __main__ - INFO - Feature importance plot saved for RandomForest
2025-11-14 00:47:34,734 - __main__ - INFO - Skipping tree plot for RandomForest (not a DecisionTree model)
2025-11-14 00:47:34,734 - __main__ - INFO - Generating classification metrics for RandomForest | mode=simple
2025-11-14 00:47:36,589 - __main__ - INFO - Simple mode completed for RandomForest

2025-11-14 00:47:36,589 - __main__ - INFO - ==== Finished classification pipeline: RandomForest ====


2025-11-14 00:47:36,589 - __main__ - INFO - ==== Starting classification pipeline: Logistic_OVR ====

2025-11-14 00:47:36,589 - __main__ - INFO - Running simple mode for Logistic_OVR
2025-11-14 00:47:36,589 - __main__ - INFO - Starting classification pipeline: Logistic_OVR | mode: simple
2025-11-14 00:47:44,031 - __main__ - INFO - Fitted simple pipeline for Logistic_OVR | Score: 0.781 | Total duration: 7 seconds
2025-11-14 00:47:44,031 - __main__ - INFO - Saving feature importance for Logistic_OVR (classification)
2025-11-14 00:47:44,032 - __main__ - WARNING - No feature importances available for Logistic_OVR
2025-11-14 00:47:44,032 - __main__ - INFO - Skipping tree plot for Logistic_OVR (not a DecisionTree model)
2025-11-14 00:47:44,032 - __main__ - INFO - Generating classification metrics for Logistic_OVR | mode=simple
2025-11-14 00:47:45,334 - __main__ - INFO - Simple mode completed for Logistic_OVR

2025-11-14 00:47:45,334 - __main__ - INFO - ==== Finished classification pipeline: Logistic_OVR ====


2025-11-14 00:47:45,334 - __main__ - INFO - ==== Starting regression pipeline: LinearRegression ====

2025-11-14 00:47:45,334 - __main__ - INFO - Running simple mode for LinearRegression
2025-11-14 00:47:45,334 - __main__ - INFO - Starting regression pipeline: LinearRegression | mode: simple
2025-11-14 00:47:49,204 - __main__ - INFO - Fitted simple pipeline for LinearRegression | r2: 0.026 | Total duration: 3 seconds
2025-11-14 00:47:49,204 - __main__ - INFO - Saving feature importance for LinearRegression (regression)
2025-11-14 00:47:49,207 - __main__ - INFO - Feature importance CSV saved for LinearRegression
2025-11-14 00:47:49,439 - __main__ - INFO - Feature importance plot saved for LinearRegression
2025-11-14 00:47:49,440 - __main__ - INFO - Skipping tree plot for LinearRegression (not a DecisionTree model)
2025-11-14 00:47:49,440 - __main__ - INFO - Generating regression metrics for LinearRegression | mode=simple
2025-11-14 00:47:49,754 - __main__ - INFO - Simple mode completed for LinearRegression

2025-11-14 00:47:49,754 - __main__ - INFO - ==== Finished regression pipeline: LinearRegression ====


2025-11-14 00:47:49,755 - __main__ - INFO - ==== Starting regression pipeline: DecisionTreeRegressor ====

2025-11-14 00:47:49,755 - __main__ - INFO - Running simple mode for DecisionTreeRegressor
2025-11-14 00:47:49,755 - __main__ - INFO - Starting regression pipeline: DecisionTreeRegressor | mode: simple
2025-11-14 00:47:54,914 - __main__ - INFO - Fitted simple pipeline for DecisionTreeRegressor | r2: -0.130 | Total duration: 5 seconds
2025-11-14 00:47:54,914 - __main__ - INFO - Saving feature importance for DecisionTreeRegressor (regression)
2025-11-14 00:47:54,916 - __main__ - INFO - Feature importance CSV saved for DecisionTreeRegressor
2025-11-14 00:47:55,132 - __main__ - INFO - Feature importance plot saved for DecisionTreeRegressor
2025-11-14 00:47:55,351 - __main__ - INFO - Adjusted thresholds to original units for 1 scaled features
2025-11-14 00:47:56,617 - __main__ - INFO - Decision tree plot saved for DecisionTreeRegressor
2025-11-14 00:47:56,617 - __main__ - INFO - Generating regression metrics for DecisionTreeRegressor | mode=simple
2025-11-14 00:47:56,913 - __main__ - INFO - Simple mode completed for DecisionTreeRegressor

2025-11-14 00:47:56,913 - __main__ - INFO - ==== Finished regression pipeline: DecisionTreeRegressor ====


2025-11-14 00:47:56,913 - __main__ - INFO - ==== Starting regression pipeline: RandomForestRegressor ====

2025-11-14 00:47:56,913 - __main__ - INFO - Running simple mode for RandomForestRegressor
2025-11-14 00:47:56,914 - __main__ - INFO - Starting regression pipeline: RandomForestRegressor | mode: simple
2025-11-14 00:49:35,354 - __main__ - INFO - Fitted simple pipeline for RandomForestRegressor | r2: -0.031 | Total duration: 98 seconds
2025-11-14 00:49:35,354 - __main__ - INFO - Saving feature importance for RandomForestRegressor (regression)
2025-11-14 00:49:35,369 - __main__ - INFO - Feature importance CSV saved for RandomForestRegressor
2025-11-14 00:49:35,587 - __main__ - INFO - Feature importance plot saved for RandomForestRegressor
2025-11-14 00:49:35,588 - __main__ - INFO - Skipping tree plot for RandomForestRegressor (not a DecisionTree model)
2025-11-14 00:49:35,588 - __main__ - INFO - Generating regression metrics for RandomForestRegressor | mode=simple
2025-11-14 00:49:36,081 - __main__ - INFO - Simple mode completed for RandomForestRegressor

2025-11-14 00:49:36,081 - __main__ - INFO - ==== Finished regression pipeline: RandomForestRegressor ====


2025-11-14 00:49:36,081 - __main__ - INFO - ==== Starting regression pipeline: XGBRegressor ====

2025-11-14 00:49:36,081 - __main__ - INFO - Running simple mode for XGBRegressor
2025-11-14 00:49:36,081 - __main__ - INFO - Starting regression pipeline: XGBRegressor | mode: simple
2025-11-14 00:49:36,821 - __main__ - INFO - Fitted simple pipeline for XGBRegressor | r2: 0.044 | Total duration: 0 seconds
2025-11-14 00:49:36,821 - __main__ - INFO - Saving feature importance for XGBRegressor (regression)
2025-11-14 00:49:36,825 - __main__ - INFO - Feature importance CSV saved for XGBRegressor
2025-11-14 00:49:37,055 - __main__ - INFO - Feature importance plot saved for XGBRegressor
2025-11-14 00:49:37,056 - __main__ - INFO - Skipping tree plot for XGBRegressor (not a DecisionTree model)
2025-11-14 00:49:37,056 - __main__ - INFO - Generating regression metrics for XGBRegressor | mode=simple
2025-11-14 00:49:37,384 - __main__ - INFO - Simple mode completed for XGBRegressor

2025-11-14 00:49:37,384 - __main__ - INFO - ==== Finished regression pipeline: XGBRegressor ====


2025-11-14 00:49:37,385 - __main__ - INFO - Saved top 20 features summary for all pipelines
2025-11-14 00:49:37,386 - __main__ - INFO - Saved combined global ML summary for all pipelines and modes
2025-11-14 00:49:37,392 - __main__ - INFO - Saved enhanced global ML summary with expanded hyperparameters
2025-11-14 00:49:37,393 - __main__ - INFO - Created enhanced global ML summary with expanded hyperparameters to historical summaries
2025-11-14 00:49:37,406 - __main__ - INFO - End of ML script

