2025-12-06 01:51:15,979 - afklm_ml - INFO - Starting ML pipeline
2025-12-06 01:51:15,979 - afklm_ml - INFO - ================================== Data loading ==================================
2025-12-06 01:51:15,979 - afklm_ml - INFO - Looking for .csv.gz files in data
2025-12-06 01:51:15,980 - afklm_ml - INFO - Found files ['afklm_past_flight.csv.zip']
2025-12-06 01:51:15,980 - afklm_ml - INFO - Loading afklm_past_flight.csv.zip
2025-12-06 01:51:23,738 - afklm_ml - INFO - Loaded dataset: afklm_past_flight.csv.zip, shape=(750205, 60)
2025-12-06 01:51:23,738 - afklm_ml - INFO - ================================== Model loading ==================================
2025-12-06 01:51:23,849 - afklm_ml - INFO - ================================== Data cleaning ==================================
2025-12-06 01:51:24,871 - afklm_ml - INFO - Step: 'raw_data' | shape: (750205, 60) | null values: 3703144
2025-12-06 01:51:24,950 - afklm_ml - INFO - Dropping columns: Index(['flight_id', 'airline_code', 'airline_name',
       'flightlegs_irregularity_delayinfo_delayreasonpubliclong',
       'flightlegs_irregularity_delayinfo_delayreasonpublicshort',
       'flightlegs_depinfo_airport_location_name',
       'flightlegs_depinfo_airport_icao_code',
       'flightlegs_depinfo_airport_places_depposterm_boardingterminal',
       'flightlegs_depinfo_airport_places_depposterm_gatenumber',
       'flightlegs_arrinfo_airport_location_name',
       'flightlegs_arrinfo_airport_icao_code'],
      dtype='object')
2025-12-06 01:51:25,258 - afklm_ml - INFO - Dropping rows with missing flightlegs_publishedstatus
2025-12-06 01:51:26,263 - afklm_ml - INFO - Step: filtered past flights only | shape: (750055, 49) | null values: 1707249
2025-12-06 01:51:26,263 - afklm_ml - INFO - Filled missing flightlegs_irregularity_delayduration_total with 0
2025-12-06 01:51:27,026 - afklm_ml - INFO - Step: After cleaning | shape: (750055, 49) | null values: 1221822
2025-12-06 01:51:27,026 - afklm_ml - INFO - Filtering airports in optional list
2025-12-06 01:51:27,266 - afklm_ml - INFO - Filtering airports in mandatory list
2025-12-06 01:51:27,947 - afklm_ml - INFO - Step: Airport_filtering | shape: (550772, 49) | null values: 881141
2025-12-06 01:51:27,947 - afklm_ml - INFO - ================================== Feature engineering ==================================
2025-12-06 01:51:27,999 - afklm_ml - INFO - Extracting 'company_flight' from 'flight_id' column
2025-12-06 01:51:46,469 - afklm_ml - INFO - Adding seasonality, isWeekend and dayPeriod
2025-12-06 01:51:49,063 - afklm_ml - INFO - ================================== Target engineering ==================================
2025-12-06 01:51:49,267 - afklm_ml - INFO - Categorizing flights into 'CANCELLED' (also if delay > 360min), 'LATE', 'ONTIME'
2025-12-06 01:51:54,017 - afklm_ml - INFO - Step: categorize delay status | shape: (550772, 56) | null values: 819304
2025-12-06 01:51:56,673 - afklm_ml - INFO - Step: categorize delay brackets | {']005;015]', ']060;120]', ']030;060]', ']240;360]', ']015;030]', ']120;240]', ']000;005]'}
2025-12-06 01:51:57,251 - afklm_ml - INFO - Step: categorize delay brackets | shape: (550772, 57) | null values: 819304
2025-12-06 01:51:57,251 - afklm_ml - INFO - ================================== Dataset splitting and feature selection ==================================
2025-12-06 01:51:57,450 - afklm_ml - INFO - CLASSIFICATION_STATUS Using the full dataset
2025-12-06 01:51:57,573 - afklm_ml - INFO - CLASSIFICATION_STATUS columns dropped: {'flightlegs_arrinfo_times_scheduled_timezone', 'flightlegs_arrinfo_airport_places_arrivalpositionterminal', 'flightlegs_depinfo_airport_airport_name', 'flightlegs_depinfo_times_scheduled_isWeekend', 'flightlegs_status', 'flightlegs_arrinfo_airport_longitude', 'flightlegs_depinfo_times_scheduled_minute', 'flightlegs_arrinfo_airport_latitude', 'flightlegs_depinfo_times_scheduled_year', 'flightlegs_depinfo_airport_subcontinent_name', 'flightlegs_depinfo_times_scheduled_hour', 'flightlegs_depinfo_airport_longitude', 'delay_status', 'flightlegs_arrinfo_airport_continent_name', 'flightlegs_arrinfo_times_scheduled_date', 'flightstatuspublic', 'flightnumber', 'flightlegs_depinfo_times_scheduled_date', 'flightlegs_depinfo_times_scheduled_time', 'flightlegs_irregularity_delayduration_total', 'flightlegs_depinfo_times_scheduled', 'flightlegs_depinfo_times_scheduled_timezone', 'flightlegs_arrinfo_times_scheduled_minute', 'flightlegs_servicetype', 'flightlegs_depinfo_airport_latitude', 'flightlegs_arrinfo_airport_airport_name', 'flightlegs_arrinfo_times_scheduled_year', 'flightlegs_arrinfo_times_number_week', 'flightlegs_depinfo_times_number_week', 'flightlegs_legstatuspublic', 'flightlegs_statusname', 'flightlegs_depinfo_times_scheduled_month', 'flightlegs_arrinfo_times_scheduled_month', 'flightlegs_arrinfo_times_scheduled_isWeekend', 'flightlegs_arrinfo_times_scheduled_hour', 'flightlegs_arrinfo_airport_subcontinent_name', 'flightlegs_arrinfo_times_scheduled_day', 'flightlegs_arrinfo_times_scheduled', 'flightlegs_depinfo_airport_continent_name', 'flightlegs_irregularity_delayduration_total_bracket', 'flightlegs_depinfo_airport_country_code', 'flightlegs_depinfo_times_scheduled_day', 'flightlegs_servicetypename', 'flightlegs_publishedstatus', 'flightlegs_irregularity_delayduration', 'flightlegs_arrinfo_airport_country_code', 'flightlegs_arrinfo_times_scheduled_time'}
2025-12-06 01:51:57,573 - afklm_ml - INFO - CLASSIFICATION_STATUS features: {'flightlegs_arrinfo_airport_code', 'flightlegs_scheduledflightduration', 'flightlegs_arrinfo_times_scheduled_dayPeriod', 'flightlegs_depinfo_airport_country_name', 'flightlegs_season', 'flightlegs_depinfo_times_scheduled_dayPeriod', 'flightlegs_arrinfo_airport_country_name', 'flightlegs_depinfo_airport_code', 'flightlegs_aircraft_ownerairlinecode', 'flightlegs_aircraft_typecode'}
2025-12-06 01:51:57,573 - afklm_ml - INFO - CLASSIFICATION_STATUS target: flightlegs_publishedstatus
2025-12-06 01:51:58,001 - afklm_ml - INFO - CLASSIFICATION_STATUS dataset class repartition: flightlegs_publishedstatus
ONTIME       0.615342
LATE         0.384092
CANCELLED    0.000566
Name: proportion, dtype: float64
2025-12-06 01:51:58,001 - afklm_ml - INFO - CLASSIFICATION_STATUS train/test split: X_train=(440617, 10), X_test=(110155, 10), y_train=(440617,), y_test=(110155,)
2025-12-06 01:51:58,205 - afklm_ml - INFO - CLASSIFICATION_STATUS Removing non-LATE flights
2025-12-06 01:51:58,319 - afklm_ml - INFO - CLASSIFICATION_DELAY Using the full dataset
2025-12-06 01:51:58,375 - afklm_ml - INFO - CLASSIFICATION_DELAY columns dropped: {'flightlegs_arrinfo_times_scheduled_timezone', 'flightlegs_arrinfo_airport_places_arrivalpositionterminal', 'flightlegs_depinfo_airport_airport_name', 'flightlegs_depinfo_times_scheduled_isWeekend', 'flightlegs_status', 'flightlegs_arrinfo_airport_longitude', 'flightlegs_depinfo_times_scheduled_minute', 'flightlegs_arrinfo_airport_latitude', 'flightlegs_depinfo_times_scheduled_year', 'flightlegs_depinfo_airport_subcontinent_name', 'flightlegs_depinfo_times_scheduled_hour', 'flightlegs_depinfo_airport_longitude', 'delay_status', 'flightlegs_arrinfo_airport_continent_name', 'flightlegs_arrinfo_times_scheduled_date', 'flightstatuspublic', 'flightnumber', 'flightlegs_depinfo_times_scheduled_date', 'flightlegs_depinfo_times_scheduled_time', 'flightlegs_irregularity_delayduration_total', 'flightlegs_depinfo_times_scheduled', 'flightlegs_depinfo_times_scheduled_timezone', 'flightlegs_arrinfo_times_scheduled_minute', 'flightlegs_servicetype', 'flightlegs_depinfo_airport_latitude', 'flightlegs_arrinfo_airport_airport_name', 'flightlegs_arrinfo_times_scheduled_year', 'flightlegs_arrinfo_times_number_week', 'flightlegs_depinfo_times_number_week', 'flightlegs_legstatuspublic', 'flightlegs_statusname', 'flightlegs_depinfo_times_scheduled_month', 'flightlegs_arrinfo_times_scheduled_month', 'flightlegs_arrinfo_times_scheduled_isWeekend', 'flightlegs_arrinfo_times_scheduled_hour', 'flightlegs_arrinfo_airport_subcontinent_name', 'flightlegs_arrinfo_times_scheduled_day', 'flightlegs_arrinfo_times_scheduled', 'flightlegs_depinfo_airport_continent_name', 'flightlegs_irregularity_delayduration_total_bracket', 'flightlegs_depinfo_airport_country_code', 'flightlegs_depinfo_times_scheduled_day', 'flightlegs_servicetypename', 'flightlegs_publishedstatus', 'flightlegs_irregularity_delayduration', 'flightlegs_arrinfo_airport_country_code', 'flightlegs_arrinfo_times_scheduled_time'}
2025-12-06 01:51:58,375 - afklm_ml - INFO - CLASSIFICATION_DELAY features: {'flightlegs_arrinfo_airport_code', 'flightlegs_scheduledflightduration', 'flightlegs_arrinfo_times_scheduled_dayPeriod', 'flightlegs_depinfo_airport_country_name', 'flightlegs_season', 'flightlegs_depinfo_times_scheduled_dayPeriod', 'flightlegs_arrinfo_airport_country_name', 'flightlegs_depinfo_airport_code', 'flightlegs_aircraft_ownerairlinecode', 'flightlegs_aircraft_typecode'}
2025-12-06 01:51:58,375 - afklm_ml - INFO - CLASSIFICATION_DELAY target: flightlegs_irregularity_delayduration_total_bracket
2025-12-06 01:51:58,552 - afklm_ml - INFO - CLASSIFICATION_DELAY dataset class repartition: flightlegs_irregularity_delayduration_total_bracket
]005;015]    0.328967
]015;030]    0.245473
]000;005]    0.170364
]030;060]    0.168327
]060;120]    0.045049
]120;240]    0.037467
]240;360]    0.004354
Name: proportion, dtype: float64
2025-12-06 01:51:58,552 - afklm_ml - INFO - CLASSIFICATION_DELAY train/test split: X_train=(169237, 10), X_test=(42310, 10), y_train=(169237,), y_test=(42310,)
2025-12-06 01:51:58,761 - afklm_ml - INFO - CLASSIFICATION_DELAY Removing non-LATE flights
2025-12-06 01:51:58,875 - afklm_ml - INFO - REGRESSION Using the full dataset
2025-12-06 01:51:58,925 - afklm_ml - INFO - REGRESSION columns dropped: {'flightlegs_arrinfo_times_scheduled_timezone', 'flightlegs_arrinfo_airport_places_arrivalpositionterminal', 'flightlegs_depinfo_airport_airport_name', 'flightlegs_depinfo_times_scheduled_isWeekend', 'flightlegs_status', 'flightlegs_arrinfo_airport_longitude', 'flightlegs_depinfo_times_scheduled_minute', 'flightlegs_arrinfo_airport_latitude', 'flightlegs_depinfo_times_scheduled_year', 'flightlegs_depinfo_airport_subcontinent_name', 'flightlegs_depinfo_times_scheduled_hour', 'flightlegs_depinfo_airport_longitude', 'delay_status', 'flightlegs_arrinfo_airport_continent_name', 'flightlegs_arrinfo_times_scheduled_date', 'flightstatuspublic', 'flightnumber', 'flightlegs_depinfo_times_scheduled_date', 'flightlegs_depinfo_times_scheduled_time', 'flightlegs_irregularity_delayduration_total', 'flightlegs_depinfo_times_scheduled', 'flightlegs_depinfo_times_scheduled_timezone', 'flightlegs_arrinfo_times_scheduled_minute', 'flightlegs_servicetype', 'flightlegs_depinfo_airport_latitude', 'flightlegs_arrinfo_airport_airport_name', 'flightlegs_arrinfo_times_scheduled_year', 'flightlegs_arrinfo_times_number_week', 'flightlegs_depinfo_times_number_week', 'flightlegs_legstatuspublic', 'flightlegs_statusname', 'flightlegs_depinfo_times_scheduled_month', 'flightlegs_arrinfo_times_scheduled_month', 'flightlegs_arrinfo_times_scheduled_isWeekend', 'flightlegs_arrinfo_times_scheduled_hour', 'flightlegs_arrinfo_airport_subcontinent_name', 'flightlegs_arrinfo_times_scheduled_day', 'flightlegs_arrinfo_times_scheduled', 'flightlegs_depinfo_airport_continent_name', 'flightlegs_irregularity_delayduration_total_bracket', 'flightlegs_depinfo_airport_country_code', 'flightlegs_depinfo_times_scheduled_day', 'flightlegs_servicetypename', 'flightlegs_publishedstatus', 'flightlegs_irregularity_delayduration', 'flightlegs_arrinfo_airport_country_code', 'flightlegs_arrinfo_times_scheduled_time'}
2025-12-06 01:51:58,925 - afklm_ml - INFO - REGRESSION features: {'flightlegs_arrinfo_airport_code', 'flightlegs_scheduledflightduration', 'flightlegs_arrinfo_times_scheduled_dayPeriod', 'flightlegs_depinfo_airport_country_name', 'flightlegs_season', 'flightlegs_depinfo_times_scheduled_dayPeriod', 'flightlegs_arrinfo_airport_country_name', 'flightlegs_depinfo_airport_code', 'flightlegs_aircraft_ownerairlinecode', 'flightlegs_aircraft_typecode'}
2025-12-06 01:51:58,925 - afklm_ml - INFO - REGRESSION target: flightlegs_irregularity_delayduration_total
2025-12-06 01:51:58,953 - afklm_ml - INFO - REGRESSION train/test split: X_train=(169237, 10), X_test=(42310, 10), y_train=(169237,), y_test=(42310,)
2025-12-06 01:51:58,958 - afklm_ml - INFO - ================================== Pipelines building ==================================
2025-12-06 01:51:58,986 - afklm_ml - INFO - ================================== classification_status training ==================================
2025-12-06 01:51:58,986 - afklm_ml - INFO - Starting classification_status pipeline DecisionTree
2025-12-06 01:51:58,986 - afklm_ml - INFO - classification_status_20251206_015106_DecisionTree.pkl
2025-12-06 01:51:58,986 - afklm_ml - INFO - Fitting simple pipeline for classification_status DecisionTree
2025-12-06 01:52:13,412 - afklm_ml - INFO - DecisionTree accuracy: 0.874
2025-12-06 01:52:13,612 - afklm_ml - INFO - Not better than previous
2025-12-06 01:52:13,612 - afklm_ml - INFO - Starting classification_status pipeline RandomForest
2025-12-06 01:52:13,612 - afklm_ml - INFO - classification_status_20251206_015106_RandomForest.pkl
2025-12-06 01:52:13,612 - afklm_ml - INFO - Fitting simple pipeline for classification_status RandomForest
2025-12-06 01:56:49,353 - afklm_ml - INFO - RandomForest accuracy: 0.874
2025-12-06 01:56:49,610 - afklm_ml - INFO - Not better than previous
2025-12-06 01:56:49,610 - afklm_ml - INFO - Starting classification_status pipeline Logistic_OVO
2025-12-06 01:56:49,610 - afklm_ml - INFO - classification_status_20251206_015106_Logistic_OVO.pkl
2025-12-06 01:56:49,610 - afklm_ml - INFO - Fitting simple pipeline for classification_status Logistic_OVO
2025-12-06 01:56:58,989 - afklm_ml - INFO - Logistic_OVO accuracy: 0.864
2025-12-06 01:56:58,993 - afklm_ml - WARNING - No feature importance for Logistic_OVO
2025-12-06 01:56:58,993 - afklm_ml - INFO - Not better than previous
2025-12-06 01:56:58,993 - afklm_ml - INFO - Starting classification_status pipeline Logistic_OVR
2025-12-06 01:56:58,993 - afklm_ml - INFO - classification_status_20251206_015106_Logistic_OVR.pkl
2025-12-06 01:56:58,993 - afklm_ml - INFO - Fitting simple pipeline for classification_status Logistic_OVR
2025-12-06 01:57:08,610 - afklm_ml - INFO - Logistic_OVR accuracy: 0.864
2025-12-06 01:57:08,613 - afklm_ml - WARNING - No feature importance for Logistic_OVR
2025-12-06 01:57:08,613 - afklm_ml - INFO - Not better than previous
2025-12-06 01:57:08,613 - afklm_ml - INFO - ================================== classification_delay training ==================================
2025-12-06 01:57:08,613 - afklm_ml - INFO - Starting classification_delay pipeline DecisionTree
2025-12-06 01:57:08,613 - afklm_ml - INFO - classification_delay_20251206_015106_DecisionTree.pkl
2025-12-06 01:57:08,613 - afklm_ml - INFO - Fitting simple pipeline for classification_delay DecisionTree
2025-12-06 01:57:17,959 - afklm_ml - INFO - DecisionTree accuracy: 0.322
2025-12-06 01:57:18,192 - afklm_ml - INFO - Not better than previous
2025-12-06 01:57:18,192 - afklm_ml - INFO - Starting classification_delay pipeline RandomForest
2025-12-06 01:57:18,192 - afklm_ml - INFO - classification_delay_20251206_015106_RandomForest.pkl
2025-12-06 01:57:18,192 - afklm_ml - INFO - Fitting simple pipeline for classification_delay RandomForest
2025-12-06 01:58:55,533 - afklm_ml - INFO - RandomForest accuracy: 0.321
2025-12-06 01:58:55,798 - afklm_ml - INFO - Not better than previous
2025-12-06 01:58:55,798 - afklm_ml - INFO - Starting classification_delay pipeline Logistic_OVO
2025-12-06 01:58:55,798 - afklm_ml - INFO - classification_delay_20251206_015106_Logistic_OVO.pkl
2025-12-06 01:58:55,798 - afklm_ml - INFO - Fitting simple pipeline for classification_delay Logistic_OVO
2025-12-06 01:58:59,018 - afklm_ml - INFO - Logistic_OVO accuracy: 0.338
2025-12-06 01:58:59,021 - afklm_ml - WARNING - No feature importance for Logistic_OVO
2025-12-06 01:58:59,021 - afklm_ml - INFO - Not better than previous
2025-12-06 01:58:59,021 - afklm_ml - INFO - Starting classification_delay pipeline Logistic_OVR
2025-12-06 01:58:59,021 - afklm_ml - INFO - classification_delay_20251206_015106_Logistic_OVR.pkl
2025-12-06 01:58:59,021 - afklm_ml - INFO - Fitting simple pipeline for classification_delay Logistic_OVR
2025-12-06 01:59:02,941 - afklm_ml - INFO - Logistic_OVR accuracy: 0.339
2025-12-06 01:59:02,943 - afklm_ml - WARNING - No feature importance for Logistic_OVR
2025-12-06 01:59:02,943 - afklm_ml - INFO - Better than previous: 0.3386433467265421, new 0.33864334672654217
2025-12-06 01:59:02,944 - afklm_ml - INFO - OK
2025-12-06 01:59:02,945 - afklm_ml - INFO - ================================== regression training ==================================
2025-12-06 01:59:02,945 - afklm_ml - INFO - Starting regression pipeline LinearRegression
2025-12-06 01:59:02,945 - afklm_ml - INFO - regression_20251206_015106_LinearRegression.pkl
2025-12-06 01:59:02,945 - afklm_ml - INFO - Fitting simple pipeline for regression LinearRegression
2025-12-06 01:59:13,571 - afklm_ml - INFO - LinearRegression r2: 0.05133652472481587
2025-12-06 01:59:13,807 - afklm_ml - INFO - Not better than previous
2025-12-06 01:59:13,807 - afklm_ml - INFO - Starting regression pipeline DecisionTreeRegressor
2025-12-06 01:59:13,807 - afklm_ml - INFO - regression_20251206_015106_DecisionTreeRegressor.pkl
2025-12-06 01:59:13,807 - afklm_ml - INFO - Fitting simple pipeline for regression DecisionTreeRegressor
2025-12-06 01:59:22,072 - afklm_ml - INFO - DecisionTreeRegressor r2: 0.00013529553383084814
2025-12-06 01:59:22,292 - afklm_ml - INFO - Not better than previous
2025-12-06 01:59:22,292 - afklm_ml - INFO - Starting regression pipeline RandomForestRegressor
2025-12-06 01:59:22,292 - afklm_ml - INFO - regression_20251206_015106_RandomForestRegressor.pkl
2025-12-06 01:59:22,292 - afklm_ml - INFO - Fitting simple pipeline for regression RandomForestRegressor
2025-12-06 02:01:47,379 - afklm_ml - INFO - RandomForestRegressor r2: 0.021650183375689802
2025-12-06 02:01:47,635 - afklm_ml - INFO - Not better than previous
2025-12-06 02:01:47,635 - afklm_ml - INFO - Starting regression pipeline XGBRegressor
2025-12-06 02:01:47,635 - afklm_ml - INFO - regression_20251206_015106_XGBRegressor.pkl
2025-12-06 02:01:47,635 - afklm_ml - INFO - Fitting simple pipeline for regression XGBRegressor
2025-12-06 02:01:48,709 - afklm_ml - INFO - XGBRegressor r2: 0.06794161618498173
2025-12-06 02:01:48,931 - afklm_ml - INFO - Not better than previous
2025-12-06 02:01:48,937 - afklm_ml - INFO - Finished ML pipeline
