2025-12-06 23:30:06,832 - afklm_ml - INFO - ================================== Feature engineering ==================================
2025-12-06 23:30:06,832 - afklm_ml - INFO - Extracting 'company_flight' from 'flight_id' column
2025-12-06 23:30:06,837 - afklm_ml - INFO - Adding seasonality, isWeekend and dayPeriod
2025-12-06 23:31:06,757 - afklm_ml - INFO - ================================== Feature engineering ==================================
2025-12-06 23:31:06,757 - afklm_ml - INFO - Extracting 'company_flight' from 'flight_id' column
2025-12-06 23:31:06,760 - afklm_ml - INFO - Adding seasonality, isWeekend and dayPeriod
2025-12-06 23:31:07,865 - afklm_ml - INFO - ================================== Feature engineering ==================================
2025-12-06 23:31:07,866 - afklm_ml - INFO - Extracting 'company_flight' from 'flight_id' column
2025-12-06 23:31:07,869 - afklm_ml - INFO - Adding seasonality, isWeekend and dayPeriod
2025-12-06 23:31:08,617 - afklm_ml - INFO - ================================== Feature engineering ==================================
2025-12-06 23:31:08,617 - afklm_ml - INFO - Extracting 'company_flight' from 'flight_id' column
2025-12-06 23:31:08,621 - afklm_ml - INFO - Adding seasonality, isWeekend and dayPeriod
2025-12-06 23:31:09,346 - afklm_ml - INFO - ================================== Feature engineering ==================================
2025-12-06 23:31:09,347 - afklm_ml - INFO - Extracting 'company_flight' from 'flight_id' column
2025-12-06 23:31:09,350 - afklm_ml - INFO - Adding seasonality, isWeekend and dayPeriod
2025-12-06 23:31:09,676 - afklm_ml - INFO - ================================== Feature engineering ==================================
2025-12-06 23:31:09,676 - afklm_ml - INFO - Extracting 'company_flight' from 'flight_id' column
2025-12-06 23:31:09,678 - afklm_ml - INFO - Adding seasonality, isWeekend and dayPeriod
2025-12-06 23:31:09,992 - afklm_ml - INFO - ================================== Feature engineering ==================================
2025-12-06 23:31:09,992 - afklm_ml - INFO - Extracting 'company_flight' from 'flight_id' column
2025-12-06 23:31:09,994 - afklm_ml - INFO - Adding seasonality, isWeekend and dayPeriod
2025-12-06 23:31:10,305 - afklm_ml - INFO - ================================== Feature engineering ==================================
2025-12-06 23:31:10,305 - afklm_ml - INFO - Extracting 'company_flight' from 'flight_id' column
2025-12-06 23:31:10,307 - afklm_ml - INFO - Adding seasonality, isWeekend and dayPeriod
2025-12-06 23:31:10,706 - afklm_ml - INFO - ================================== Feature engineering ==================================
2025-12-06 23:31:10,706 - afklm_ml - INFO - Extracting 'company_flight' from 'flight_id' column
2025-12-06 23:31:10,710 - afklm_ml - INFO - Adding seasonality, isWeekend and dayPeriod
2025-12-06 23:35:26,963 - afklm_ml - INFO - ================================== Feature engineering ==================================
2025-12-06 23:35:26,963 - afklm_ml - INFO - Extracting 'company_flight' from 'flight_id' column
2025-12-06 23:35:26,965 - afklm_ml - INFO - Adding seasonality, isWeekend and dayPeriod
2025-12-06 23:35:27,486 - afklm_ml - INFO - ================================== Feature engineering ==================================
2025-12-06 23:35:27,486 - afklm_ml - INFO - Extracting 'company_flight' from 'flight_id' column
2025-12-06 23:35:27,488 - afklm_ml - INFO - Adding seasonality, isWeekend and dayPeriod
2025-12-06 23:35:27,991 - afklm_ml - INFO - ================================== Feature engineering ==================================
2025-12-06 23:35:27,991 - afklm_ml - INFO - Extracting 'company_flight' from 'flight_id' column
2025-12-06 23:35:27,994 - afklm_ml - INFO - Adding seasonality, isWeekend and dayPeriod
2025-12-06 23:35:28,502 - afklm_ml - INFO - ================================== Feature engineering ==================================
2025-12-06 23:35:28,502 - afklm_ml - INFO - Extracting 'company_flight' from 'flight_id' column
2025-12-06 23:35:28,504 - afklm_ml - INFO - Adding seasonality, isWeekend and dayPeriod
2025-12-06 23:35:29,258 - afklm_ml - INFO - ================================== Feature engineering ==================================
2025-12-06 23:35:29,258 - afklm_ml - INFO - Extracting 'company_flight' from 'flight_id' column
2025-12-06 23:35:29,260 - afklm_ml - INFO - Adding seasonality, isWeekend and dayPeriod
2025-12-06 23:35:29,852 - afklm_ml - INFO - ================================== Feature engineering ==================================
2025-12-06 23:35:29,852 - afklm_ml - INFO - Extracting 'company_flight' from 'flight_id' column
2025-12-06 23:35:29,854 - afklm_ml - INFO - Adding seasonality, isWeekend and dayPeriod
2025-12-06 23:35:30,340 - afklm_ml - INFO - ================================== Feature engineering ==================================
2025-12-06 23:35:30,340 - afklm_ml - INFO - Extracting 'company_flight' from 'flight_id' column
2025-12-06 23:35:30,342 - afklm_ml - INFO - Adding seasonality, isWeekend and dayPeriod
2025-12-06 23:35:30,727 - afklm_ml - INFO - ================================== Feature engineering ==================================
2025-12-06 23:35:30,727 - afklm_ml - INFO - Extracting 'company_flight' from 'flight_id' column
2025-12-06 23:35:30,728 - afklm_ml - INFO - Adding seasonality, isWeekend and dayPeriod
2025-12-06 23:35:31,067 - afklm_ml - INFO - ================================== Feature engineering ==================================
2025-12-06 23:35:31,067 - afklm_ml - INFO - Extracting 'company_flight' from 'flight_id' column
2025-12-06 23:35:31,069 - afklm_ml - INFO - Adding seasonality, isWeekend and dayPeriod
2025-12-06 23:36:46,799 - afklm_ml - INFO - Starting ML pipeline
2025-12-06 23:36:46,804 - afklm_ml - INFO - ================================== Data loading ==================================
2025-12-06 23:36:46,804 - afklm_ml - INFO - Looking for .csv.gz files in data
2025-12-06 23:36:46,805 - afklm_ml - INFO - Found files ['afklm_past_flight.csv.zip']
2025-12-06 23:36:46,805 - afklm_ml - INFO - Loading afklm_past_flight.csv.zip
