2025-11-14 00:54:44,210 - __main__ - INFO - ==== Starting ML script====
2025-11-14 00:54:44,210 - __main__ - INFO - Nb of cores: 6

2025-11-14 00:54:44,210 - __main__ - INFO - ML pipeline settings loaded from afklm_ml_training_settings.json
2025-11-14 00:54:49,812 - __main__ - INFO - Loaded dataset: afklm_flight_from_mongo_filtered_20251106-13-52-40_983317.csv, shape=(983317, 45)
2025-11-14 00:54:50,718 - __main__ - INFO - Step: raw_data | shape: (983317, 45) | null values: 8933246
2025-11-14 00:54:51,618 - __main__ - INFO - Extracting 'company_flight' from 'id' column
2025-11-14 00:54:52,459 - __main__ - INFO - Dropping columns: ['id', 'airline_name', 'flightLegs_aircraft_ownerAirlineCode', 'actual', 'PositionTerminal', 'latestPublished', 'airline_code', 'company_flight', 'city_country_areaCode', 'airport_location', 'airport_city_country_name'] and rows with missing 'flightStatusPublic'
2025-11-14 00:54:53,828 - __main__ - INFO - Step: drop_na_and_unused_cols | shape: (983317, 23) | null values: 5427175
2025-11-14 00:54:54,304 - __main__ - INFO - Computing 'scheduled' flag for flights
2025-11-14 00:54:55,071 - __main__ - INFO - Computing 'flightLegs_scheduledFlightDuration' in minutes
2025-11-14 00:55:04,095 - __main__ - INFO - Filtered past flights only, resulting shape: (957733, 24)
2025-11-14 00:55:04,100 - __main__ - INFO - Filled missing 'flightLegs_irregularity_delayDuration_total' with 0
2025-11-14 00:55:04,100 - __main__ - INFO - Categorizing flights into 'cancelled', 'late', 'on_time'
2025-11-14 00:55:09,027 - __main__ - INFO - Step: categorize_flights | shape: (957733, 25) | null values: 4473406
2025-11-14 00:55:09,491 - __main__ - INFO - Filtering flights to EU airports
2025-11-14 00:55:09,650 - __main__ - INFO - Applying top 30 EU airports filter
2025-11-14 00:55:10,010 - __main__ - INFO - Step: eu_filtering | shape: (494357, 25) | null values: 2064656
2025-11-14 00:55:10,254 - __main__ - INFO - Adding seasonality, isWeekend and dayPeriod
2025-11-14 00:55:26,525 - __main__ - INFO - ==== Preparing classification dataset ====
2025-11-14 00:55:26,525 - __main__ - INFO - Using the full dataset
2025-11-14 00:55:26,788 - __main__ - INFO - Classification dataset shape: X=(494357, 10), y=(494357,)
2025-11-14 00:55:26,803 - __main__ - INFO - Classification dataset class repartition: flightLegs_Category
on_time      0.610065
late         0.354442
cancelled    0.035493
Name: proportion, dtype: float64
2025-11-14 00:55:27,127 - __main__ - INFO - Classification train/test split: X_train=(395485, 10), X_test=(98872, 10), y_train=(395485,), y_test=(98872,)
2025-11-14 00:55:27,127 - __main__ - INFO - Extracting features from dataset, target column: flightLegs_Category
2025-11-14 00:55:27,156 - __main__ - INFO - Identified 1 numeric and 6 categorical features
2025-11-14 00:55:27,156 - __main__ - INFO - Numeric features: ['flightLegs_scheduledFlightDuration']
2025-11-14 00:55:27,156 - __main__ - INFO - Categorical features: ['flightLegs_aircraft_typeCode', 'flightLegs_arrivalInformation_airport_code', 'flightLegs_departureInformation_airport_code', 'flightLegs_season', 'flightLegs_arrivalInformation_times_scheduled_dayPeriod', 'flightLegs_departureInformation_times_scheduled_dayPeriod']

2025-11-14 00:55:27,156 - __main__ - INFO - ==== Preparing regression dataset ====
2025-11-14 00:55:27,432 - __main__ - INFO - Step: lateFlights_filtering | shape: (175221, 12) | null values: 0
2025-11-14 00:55:27,465 - __main__ - INFO - Saved dataset cleaning summary to 'outputs/2025_11_14T00_54_44/dataset_summary/dataset_cleaning_summary.csv'

2025-11-14 00:55:27,465 - __main__ - INFO - Using the full dataset
2025-11-14 00:55:27,473 - __main__ - INFO - Regression dataset shape: X=(175221, 11), y=(175221,)
2025-11-14 00:55:27,491 - __main__ - INFO - Regression train/test split: X_train=(140176, 11), X_test=(35045, 11), y_train=(140176,), y_test=(35045,)
2025-11-14 00:55:27,491 - __main__ - INFO - Extracting features from dataset, target column: flightLegs_irregularity_delayDuration_total
2025-11-14 00:55:27,496 - __main__ - INFO - Identified 1 numeric and 7 categorical features
2025-11-14 00:55:27,496 - __main__ - INFO - Numeric features: ['flightLegs_scheduledFlightDuration']
2025-11-14 00:55:27,496 - __main__ - INFO - Categorical features: ['flightLegs_aircraft_typeCode', 'flightLegs_arrivalInformation_airport_code', 'flightLegs_departureInformation_airport_code', 'flightLegs_Category', 'flightLegs_season', 'flightLegs_arrivalInformation_times_scheduled_dayPeriod', 'flightLegs_departureInformation_times_scheduled_dayPeriod']

2025-11-14 00:55:27,496 - __main__ - INFO - ==== Starting classification pipeline: Logistic_OVO ====

2025-11-14 00:55:27,496 - __main__ - INFO - Running grid mode for Logistic_OVO
2025-11-14 00:55:27,496 - __main__ - INFO - Starting classification pipeline: Logistic_OVO | mode: grid
2025-11-14 00:55:27,496 - __main__ - INFO - Performing GridSearchCV (cv = 5, scoring='accuracy') for Logistic_OVO with parameters: {'classifier__estimator__C': [0.01, 0.1, 1], 'classifier__estimator__penalty': ['l1', 'l2'], 'classifier__estimator__solver': ['liblinear', 'lbfgs'], 'classifier__estimator__class_weight': [None, 'balanced']}
2025-11-14 01:15:46,534 - __main__ - INFO - GridSearchCV completed for Logistic_OVO | best score: 0.782 | Total duration: 1219 seconds
2025-11-14 01:15:46,534 - __main__ - INFO - Saving feature importance for Logistic_OVO (classification)
2025-11-14 01:15:46,535 - __main__ - WARNING - No feature importances available for Logistic_OVO
2025-11-14 01:15:46,535 - __main__ - INFO - Skipping tree plot for Logistic_OVO (not a DecisionTree model)
2025-11-14 01:15:46,536 - __main__ - INFO - Generating classification metrics for Logistic_OVO | mode=grid
2025-11-14 01:15:47,728 - __main__ - INFO - Grid mode completed for Logistic_OVO

2025-11-14 01:15:47,728 - __main__ - INFO - ==== Finished classification pipeline: Logistic_OVO ====


2025-11-14 01:15:47,728 - __main__ - INFO - ==== Starting classification pipeline: DecisionTree ====

2025-11-14 01:15:47,728 - __main__ - INFO - Running grid mode for DecisionTree
2025-11-14 01:15:47,728 - __main__ - INFO - Starting classification pipeline: DecisionTree | mode: grid
2025-11-14 01:15:47,728 - __main__ - INFO - Performing GridSearchCV (cv = 5, scoring='accuracy') for DecisionTree with parameters: {'classifier__max_depth': [2, 3, 4, 5, 6, 7], 'classifier__criterion': ['gini', 'entropy'], 'classifier__min_samples_split': [2, 5, 10], 'classifier__min_samples_leaf': [1, 2, 4]}
2025-11-14 01:19:06,928 - __main__ - INFO - GridSearchCV completed for DecisionTree | best score: 0.764 | Total duration: 199 seconds
2025-11-14 01:19:06,929 - __main__ - INFO - Saving feature importance for DecisionTree (classification)
2025-11-14 01:19:06,931 - __main__ - INFO - Feature importance CSV saved for DecisionTree
2025-11-14 01:19:07,137 - __main__ - INFO - Feature importance plot saved for DecisionTree
2025-11-14 01:19:07,141 - __main__ - INFO - Adjusted thresholds to original units for 1 scaled features
2025-11-14 01:19:08,372 - __main__ - INFO - Decision tree plot saved for DecisionTree
2025-11-14 01:19:08,373 - __main__ - INFO - Generating classification metrics for DecisionTree | mode=grid
2025-11-14 01:19:09,579 - __main__ - INFO - Grid mode completed for DecisionTree

2025-11-14 01:19:09,579 - __main__ - INFO - ==== Finished classification pipeline: DecisionTree ====


2025-11-14 01:19:09,579 - __main__ - INFO - ==== Starting classification pipeline: RandomForest ====

2025-11-14 01:19:09,579 - __main__ - INFO - Running grid mode for RandomForest
2025-11-14 01:19:09,580 - __main__ - INFO - Starting classification pipeline: RandomForest | mode: grid
2025-11-14 01:19:09,580 - __main__ - INFO - Performing GridSearchCV (cv = 5, scoring='accuracy') for RandomForest with parameters: {'classifier__n_estimators': [50, 100, 200], 'classifier__max_depth': [None, 10, 20, 30], 'classifier__min_samples_split': [2, 5, 10]}
2025-11-14 04:19:08,702 - __main__ - INFO - GridSearchCV completed for RandomForest | best score: 0.844 | Total duration: 10799 seconds
2025-11-14 04:19:08,702 - __main__ - INFO - Saving feature importance for RandomForest (classification)
2025-11-14 04:19:08,765 - __main__ - INFO - Feature importance CSV saved for RandomForest
2025-11-14 04:19:08,946 - __main__ - INFO - Feature importance plot saved for RandomForest
2025-11-14 04:19:08,947 - __main__ - INFO - Skipping tree plot for RandomForest (not a DecisionTree model)
2025-11-14 04:19:08,947 - __main__ - INFO - Generating classification metrics for RandomForest | mode=grid
2025-11-14 04:19:14,120 - __main__ - INFO - Grid mode completed for RandomForest

2025-11-14 04:19:14,120 - __main__ - INFO - ==== Finished classification pipeline: RandomForest ====


2025-11-14 04:19:14,120 - __main__ - INFO - ==== Starting classification pipeline: Logistic_OVR ====

2025-11-14 04:19:14,120 - __main__ - INFO - Running grid mode for Logistic_OVR
2025-11-14 04:19:14,120 - __main__ - INFO - Starting classification pipeline: Logistic_OVR | mode: grid
2025-11-14 04:19:14,120 - __main__ - INFO - Performing GridSearchCV (cv = 5, scoring='accuracy') for Logistic_OVR with parameters: {'classifier__estimator__C': [0.01, 0.1, 1], 'classifier__estimator__penalty': ['l1', 'l2'], 'classifier__estimator__solver': ['liblinear', 'lbfgs'], 'classifier__estimator__class_weight': [None, 'balanced']}
2025-11-14 04:57:21,431 - __main__ - INFO - GridSearchCV completed for Logistic_OVR | best score: 0.780 | Total duration: 2287 seconds
2025-11-14 04:57:21,431 - __main__ - INFO - Saving feature importance for Logistic_OVR (classification)
2025-11-14 04:57:21,432 - __main__ - WARNING - No feature importances available for Logistic_OVR
2025-11-14 04:57:21,432 - __main__ - INFO - Skipping tree plot for Logistic_OVR (not a DecisionTree model)
2025-11-14 04:57:21,432 - __main__ - INFO - Generating classification metrics for Logistic_OVR | mode=grid
2025-11-14 04:57:22,543 - __main__ - INFO - Grid mode completed for Logistic_OVR

2025-11-14 04:57:22,543 - __main__ - INFO - ==== Finished classification pipeline: Logistic_OVR ====


2025-11-14 04:57:22,543 - __main__ - INFO - ==== Starting regression pipeline: LinearRegression ====

2025-11-14 04:57:22,543 - __main__ - INFO - Running grid mode for LinearRegression
2025-11-14 04:57:22,543 - __main__ - INFO - Starting regression pipeline: LinearRegression | mode: grid
2025-11-14 04:57:25,915 - __main__ - INFO - Fitted simple pipeline for LinearRegression | r2: 0.026 | Total duration: 3 seconds
2025-11-14 04:57:25,915 - __main__ - INFO - Saving feature importance for LinearRegression (regression)
2025-11-14 04:57:25,917 - __main__ - INFO - Feature importance CSV saved for LinearRegression
2025-11-14 04:57:26,122 - __main__ - INFO - Feature importance plot saved for LinearRegression
2025-11-14 04:57:26,122 - __main__ - INFO - Skipping tree plot for LinearRegression (not a DecisionTree model)
2025-11-14 04:57:26,157 - __main__ - INFO - Generating regression metrics for LinearRegression | mode=grid
2025-11-14 04:57:26,437 - __main__ - INFO - Grid mode completed for LinearRegression

2025-11-14 04:57:26,437 - __main__ - INFO - ==== Finished regression pipeline: LinearRegression ====


2025-11-14 04:57:26,437 - __main__ - INFO - ==== Starting regression pipeline: DecisionTreeRegressor ====

2025-11-14 04:57:26,437 - __main__ - INFO - Running grid mode for DecisionTreeRegressor
2025-11-14 04:57:26,437 - __main__ - INFO - Starting regression pipeline: DecisionTreeRegressor | mode: grid
2025-11-14 04:57:26,437 - __main__ - INFO - Performing GridSearchCV (cv = 5, scoring='r2') for DecisionTreeRegressor with parameters: {'classifier__max_depth': [2, 3, 4, 5, 6, 7, 8, 9, 10], 'classifier__min_samples_split': [2, 5, 10], 'classifier__min_samples_leaf': [1, 2, 4]}
2025-11-14 04:58:13,776 - __main__ - INFO - GridSearchCV completed for DecisionTreeRegressor | best score: 0.035 | Total duration: 47 seconds
2025-11-14 04:58:13,776 - __main__ - INFO - Saving feature importance for DecisionTreeRegressor (regression)
2025-11-14 04:58:13,778 - __main__ - INFO - Feature importance CSV saved for DecisionTreeRegressor
2025-11-14 04:58:13,991 - __main__ - INFO - Feature importance plot saved for DecisionTreeRegressor
2025-11-14 04:58:13,993 - __main__ - INFO - Adjusted thresholds to original units for 1 scaled features
2025-11-14 04:58:15,198 - __main__ - INFO - Decision tree plot saved for DecisionTreeRegressor
2025-11-14 04:58:15,199 - __main__ - INFO - Generating regression metrics for DecisionTreeRegressor | mode=grid
2025-11-14 04:58:15,484 - __main__ - INFO - Grid mode completed for DecisionTreeRegressor

2025-11-14 04:58:15,484 - __main__ - INFO - ==== Finished regression pipeline: DecisionTreeRegressor ====


2025-11-14 04:58:15,484 - __main__ - INFO - ==== Starting regression pipeline: RandomForestRegressor ====

2025-11-14 04:58:15,484 - __main__ - INFO - Running grid mode for RandomForestRegressor
2025-11-14 04:58:15,484 - __main__ - INFO - Starting regression pipeline: RandomForestRegressor | mode: grid
2025-11-14 04:58:15,484 - __main__ - INFO - Performing GridSearchCV (cv = 5, scoring='r2') for RandomForestRegressor with parameters: {'classifier__n_estimators': [50, 100, 200], 'classifier__max_depth': [None, 10, 20, 30], 'classifier__min_samples_split': [2, 5, 10]}
2025-11-14 06:53:46,835 - __main__ - INFO - GridSearchCV completed for RandomForestRegressor | best score: 0.041 | Total duration: 6931 seconds
2025-11-14 06:53:46,835 - __main__ - INFO - Saving feature importance for RandomForestRegressor (regression)
2025-11-14 06:53:46,841 - __main__ - INFO - Feature importance CSV saved for RandomForestRegressor
2025-11-14 06:53:47,043 - __main__ - INFO - Feature importance plot saved for RandomForestRegressor
2025-11-14 06:53:47,044 - __main__ - INFO - Skipping tree plot for RandomForestRegressor (not a DecisionTree model)
2025-11-14 06:53:47,044 - __main__ - INFO - Generating regression metrics for RandomForestRegressor | mode=grid
2025-11-14 06:53:47,455 - __main__ - INFO - Grid mode completed for RandomForestRegressor

2025-11-14 06:53:47,455 - __main__ - INFO - ==== Finished regression pipeline: RandomForestRegressor ====


2025-11-14 06:53:47,455 - __main__ - INFO - ==== Starting regression pipeline: XGBRegressor ====

2025-11-14 06:53:47,455 - __main__ - INFO - Running grid mode for XGBRegressor
2025-11-14 06:53:47,455 - __main__ - INFO - Starting regression pipeline: XGBRegressor | mode: grid
2025-11-14 06:53:47,455 - __main__ - INFO - Performing GridSearchCV (cv = 5, scoring='r2') for XGBRegressor with parameters: {'classifier__n_estimators': [50, 100, 200], 'classifier__max_depth': [3, 5, 7, 10], 'classifier__learning_rate': [0.001, 0.01, 0.1], 'classifier__subsample': [0.5, 0.7, 1]}
2025-11-14 06:56:36,470 - __main__ - INFO - GridSearchCV completed for XGBRegressor | best score: 0.051 | Total duration: 169 seconds
2025-11-14 06:56:36,471 - __main__ - INFO - Saving feature importance for XGBRegressor (regression)
2025-11-14 06:56:36,475 - __main__ - INFO - Feature importance CSV saved for XGBRegressor
2025-11-14 06:56:36,712 - __main__ - INFO - Feature importance plot saved for XGBRegressor
2025-11-14 06:56:36,713 - __main__ - INFO - Skipping tree plot for XGBRegressor (not a DecisionTree model)
2025-11-14 06:56:36,714 - __main__ - INFO - Generating regression metrics for XGBRegressor | mode=grid
2025-11-14 06:56:37,045 - __main__ - INFO - Grid mode completed for XGBRegressor

2025-11-14 06:56:37,045 - __main__ - INFO - ==== Finished regression pipeline: XGBRegressor ====


2025-11-14 06:56:37,047 - __main__ - INFO - Saved top 20 features summary for all pipelines
2025-11-14 06:56:37,048 - __main__ - INFO - Saved combined global ML summary for all pipelines and modes
2025-11-14 06:56:37,054 - __main__ - INFO - Saved enhanced global ML summary with expanded hyperparameters
2025-11-14 06:56:37,067 - __main__ - INFO - Appended current enhanced global ML summary with expanded hyperparameters to historical summaries
