2025-11-22 01:48:39,316 - __main__ - INFO - ==== Starting ML script====
2025-11-22 01:48:39,316 - __main__ - INFO - Nb of cores: 6

2025-11-22 01:48:39,316 - __main__ - INFO - ML pipeline settings loaded from afklm_ml_training_settings.json
2025-11-22 01:48:39,316 - __main__ - INFO - Airport list loaded from airport_list.json
2025-11-22 01:48:50,629 - __main__ - INFO - Loaded dataset: afklm_flight_from_mongo_filtered_20251121.csv, shape=(954515, 55)
2025-11-22 01:48:51,979 - __main__ - INFO - Step: raw_data | shape: (954515, 55) | null values: 8366778
2025-11-22 01:48:53,338 - __main__ - INFO - Extracting 'company_flight' from 'id' column
2025-11-22 01:48:54,252 - __main__ - INFO - Dropping columns: ['id', 'airline_name', 'flightlegs_aircraft_ownerairlineCode', 'actual', 'posterm', 'latestpublished', 'airline_code', 'company_flight', 'iata', 'icao', 'city_country_areaCode', 'airport_location', 'airport_city_country_name', 'delayreason'] and rows with missing flightlegs_irregularity_delayduration_total_bracket
2025-11-22 01:48:55,994 - __main__ - INFO - Step: drop_na_and_unused_cols | shape: (954072, 34) | null values: 3037502
2025-11-22 01:48:56,852 - __main__ - INFO - Computing 'flightlegs_scheduledFlightDuration' in minutes
2025-11-22 01:49:06,320 - __main__ - INFO - Filtered past flights only, resulting shape: (953984, 35)
2025-11-22 01:49:06,324 - __main__ - INFO - Filled missing flightlegs_irregularity_delayduration_total with 0
2025-11-22 01:49:06,324 - __main__ - INFO - Categorizing flights into 'CANCELLED', 'LATE', 'ONTIME'
2025-11-22 01:49:13,388 - __main__ - INFO - Step: categorize_flights | shape: (953984, 35) | null values: 2331960
2025-11-22 01:49:14,208 - __main__ - INFO - Categorizing flights into 'cancelled', 'late', 'on_time'
2025-11-22 01:49:19,531 - __main__ - INFO - Step: categorize_delay_brackets | shape: (953984, 36) | null values: 2331960
2025-11-22 01:49:20,487 - __main__ - INFO - Filtering flights in optional list
2025-11-22 01:49:20,740 - __main__ - INFO - AFiltering flights in mandatory list
2025-11-22 01:49:21,508 - __main__ - INFO - Step: airport_filtering | shape: (580214, 36) | null values: 1312404
2025-11-22 01:49:22,045 - __main__ - INFO - Adding seasonality, isWeekend and dayPeriod
2025-11-22 01:49:43,457 - __main__ - INFO - ==== Preparing classification_status dataset ====
2025-11-22 01:49:43,457 - __main__ - INFO - Using the full dataset
2025-11-22 01:49:43,715 - __main__ - INFO - Classification status dataset shape: X=(580214, 10), y=(580214,)
2025-11-22 01:49:43,734 - __main__ - INFO - Classification status dataset class repartition: flightlegs_publishedstatus
ONTIME       0.657108
LATE         0.342381
CANCELLED    0.000512
Name: proportion, dtype: float64
2025-11-22 01:49:44,139 - __main__ - INFO - Classification status train/test split: X_train=(464171, 10), X_test=(116043, 10), y_train=(464171,), y_test=(116043,)
2025-11-22 01:49:44,139 - __main__ - INFO - Extracting features from dataset, target column: flightlegs_publishedstatus
2025-11-22 01:49:44,188 - __main__ - INFO - Identified 0 numeric and 10 categorical features
2025-11-22 01:49:44,188 - __main__ - INFO - Numeric features: []
2025-11-22 01:49:44,188 - __main__ - INFO - Categorical features: ['flightlegs_aircraft_ownerairlinecode', 'flightlegs_aircraft_typecode', 'flightlegs_arrinfo_airport_city_country_areacode', 'flightlegs_arrinfo_airport_code', 'flightlegs_depinfo_airport_city_country_areacode', 'flightlegs_depinfo_airport_code', 'flightlegs_scheduledflightduration', 'flightlegs_season', 'flightlegs_arrinfo_times_scheduled_dayPeriod', 'flightlegs_depinfo_times_scheduled_dayPeriod']

2025-11-22 01:49:44,189 - __main__ - INFO - ==== Preparing classification_delay dataset ====
2025-11-22 01:49:44,467 - __main__ - INFO - Step: lateFlights_filtering | shape: (198654, 11) | null values: 10765
2025-11-22 01:49:44,525 - __main__ - INFO - Using the full dataset
2025-11-22 01:49:44,536 - __main__ - INFO - Classification delay dataset shape: X=(198654, 10), y=(198654,)
2025-11-22 01:49:44,560 - __main__ - INFO - Classification delay train/test split: X_train=(158923, 10), X_test=(39731, 10), y_train=(158923,), y_test=(39731,)
2025-11-22 01:49:44,560 - __main__ - INFO - Extracting features from dataset, target column: flightlegs_irregularity_delayduration_total_bracket
2025-11-22 01:49:44,567 - __main__ - INFO - Identified 0 numeric and 10 categorical features
2025-11-22 01:49:44,567 - __main__ - INFO - Numeric features: []
2025-11-22 01:49:44,567 - __main__ - INFO - Categorical features: ['flightlegs_aircraft_ownerairlinecode', 'flightlegs_aircraft_typecode', 'flightlegs_arrinfo_airport_city_country_areacode', 'flightlegs_arrinfo_airport_code', 'flightlegs_depinfo_airport_city_country_areacode', 'flightlegs_depinfo_airport_code', 'flightlegs_scheduledflightduration', 'flightlegs_season', 'flightlegs_arrinfo_times_scheduled_dayPeriod', 'flightlegs_depinfo_times_scheduled_dayPeriod']

2025-11-22 01:49:44,567 - __main__ - INFO - ==== Preparing regression dataset ====
2025-11-22 01:49:44,826 - __main__ - INFO - Step: lateFlights_filtering | shape: (198654, 11) | null values: 10765
2025-11-22 01:49:44,880 - __main__ - INFO - Saved dataset cleaning summary to 'outputs/2025_11_22T01_48_39/dataset_summary/dataset_cleaning_summary.csv'

2025-11-22 01:49:44,881 - __main__ - INFO - Using the full dataset
2025-11-22 01:49:44,892 - __main__ - INFO - Regression dataset shape: X=(198654, 10), y=(198654,)
2025-11-22 01:49:44,914 - __main__ - INFO - Regression train/test split: X_train=(158923, 10), X_test=(39731, 10), y_train=(158923,), y_test=(39731,)
2025-11-22 01:49:44,914 - __main__ - INFO - Extracting features from dataset, target column: flightlegs_irregularity_delayduration_total
2025-11-22 01:49:44,921 - __main__ - INFO - Identified 0 numeric and 10 categorical features
2025-11-22 01:49:44,921 - __main__ - INFO - Numeric features: []
2025-11-22 01:49:44,921 - __main__ - INFO - Categorical features: ['flightlegs_aircraft_ownerairlinecode', 'flightlegs_aircraft_typecode', 'flightlegs_arrinfo_airport_city_country_areacode', 'flightlegs_arrinfo_airport_code', 'flightlegs_depinfo_airport_city_country_areacode', 'flightlegs_depinfo_airport_code', 'flightlegs_scheduledflightduration', 'flightlegs_season', 'flightlegs_arrinfo_times_scheduled_dayPeriod', 'flightlegs_depinfo_times_scheduled_dayPeriod']

2025-11-22 01:49:44,921 - __main__ - INFO - ==== Starting classification_status pipeline: Logistic_OVR ====

2025-11-22 01:49:44,922 - __main__ - INFO - Running simple mode for Logistic_OVR
2025-11-22 01:49:44,922 - __main__ - INFO - Starting classification_status pipeline: Logistic_OVR | mode: simple
2025-11-22 01:49:52,362 - __main__ - INFO - Fitted simple pipeline for classification_status Logistic_OVR | Score: 0.850 | Total duration: 7 seconds
2025-11-22 01:49:52,362 - __main__ - INFO - Saving feature importance for Logistic_OVR (classification_status)
2025-11-22 01:49:52,363 - __main__ - WARNING - No feature importances available for Logistic_OVR
2025-11-22 01:49:52,363 - __main__ - INFO - Skipping tree plot for Logistic_OVR (not a DecisionTree model)
2025-11-22 01:49:52,363 - __main__ - INFO - Generating classification_status metrics for Logistic_OVR | mode=simple
2025-11-22 01:49:53,811 - __main__ - INFO - Simple mode completed for Logistic_OVR

2025-11-22 01:49:53,811 - __main__ - INFO - ==== Finished classification_status pipeline: Logistic_OVR ====


2025-11-22 01:49:53,811 - __main__ - INFO - ==== Starting classification_delay pipeline: Logistic_OVR ====

2025-11-22 01:49:53,811 - __main__ - INFO - Running simple mode for Logistic_OVR
2025-11-22 01:49:53,811 - __main__ - INFO - Starting classification_delay pipeline: Logistic_OVR | mode: simple
2025-11-22 01:49:57,424 - __main__ - INFO - Fitted simple pipeline for classification_delay Logistic_OVR | Score: 0.337 | Total duration: 3 seconds
2025-11-22 01:49:57,424 - __main__ - INFO - Saving feature importance for Logistic_OVR (classification_delay)
2025-11-22 01:49:57,425 - __main__ - WARNING - No feature importances available for Logistic_OVR
2025-11-22 01:49:57,425 - __main__ - INFO - Skipping tree plot for Logistic_OVR (not a DecisionTree model)
2025-11-22 01:49:57,425 - __main__ - INFO - Generating classification_delay metrics for Logistic_OVR | mode=simple
2025-11-22 01:49:58,058 - __main__ - INFO - Simple mode completed for Logistic_OVR

2025-11-22 01:49:58,058 - __main__ - INFO - ==== Finished classification_delay pipeline: Logistic_OVR ====


2025-11-22 01:49:58,058 - __main__ - INFO - ==== Starting regression pipeline: LinearRegression ====

2025-11-22 01:49:58,058 - __main__ - INFO - Running simple mode for LinearRegression
2025-11-22 01:49:58,058 - __main__ - INFO - Starting regression pipeline: LinearRegression | mode: simple
2025-11-22 01:50:03,524 - __main__ - INFO - Fitted simple pipeline for LinearRegression | r2: 0.051 | Total duration: 5 seconds
2025-11-22 01:50:03,524 - __main__ - INFO - Saving feature importance for LinearRegression (regression)
2025-11-22 01:50:03,529 - __main__ - INFO - Feature importance CSV saved for LinearRegression
2025-11-22 01:50:03,773 - __main__ - INFO - Feature importance plot saved for LinearRegression
2025-11-22 01:50:03,774 - __main__ - INFO - Skipping tree plot for LinearRegression (not a DecisionTree model)
2025-11-22 01:50:03,774 - __main__ - INFO - Generating regression metrics for LinearRegression | mode=simple
2025-11-22 01:50:04,178 - __main__ - INFO - Simple mode completed for LinearRegression

2025-11-22 01:50:04,178 - __main__ - INFO - ==== Finished regression pipeline: LinearRegression ====


2025-11-22 01:50:04,179 - __main__ - INFO - Saved top 20 features summary for all pipelines
2025-11-22 01:50:04,180 - __main__ - INFO - Saved combined global ML summary for all pipelines and modes
2025-11-22 01:50:04,196 - __main__ - INFO - Saved enhanced global ML summary with expanded hyperparameters
2025-11-22 01:50:04,201 - __main__ - INFO - Created enhanced global ML summary with expanded hyperparameters to historical summaries
2025-11-22 01:50:04,206 - __main__ - INFO - End of ML script

