2025-11-20 16:01:14,201 - __main__ - INFO - ==== Starting ML script====
2025-11-20 16:01:14,212 - __main__ - INFO - Nb of cores: 6

2025-11-20 16:01:14,249 - __main__ - INFO - ML pipeline settings loaded from afklm_ml_training_settings.json
2025-11-20 16:01:14,617 - __main__ - INFO - Airport list loaded from airport_list.json
2025-11-20 16:01:28,583 - __main__ - INFO - Loaded dataset: afklm_flight_from_mongo_filtered_20251119-13-52-40_983317.csv, shape=(959603, 64)
2025-11-20 16:01:30,287 - __main__ - INFO - Step: raw_data | shape: (959603, 64) | null values: 8426694
2025-11-20 16:01:31,935 - __main__ - INFO - Extracting 'company_flight' from 'id' column
2025-11-20 16:01:33,143 - __main__ - INFO - Dropping columns: ['id', 'airline_name', 'flightlegs_aircraft_ownerairlineCode', 'actual', 'posterm', 'latestpublished', 'airline_code', 'company_flight', 'iata', 'icao', 'city_country_areaCode', 'airport_location', 'airport_city_country_name', 'delayreason'] and rows with missing flightlegs_irregularity_delayduration_total_bracket
2025-11-20 16:01:35,359 - __main__ - INFO - Step: drop_na_and_unused_cols | shape: (959153, 32) | null values: 3060784
2025-11-20 16:01:36,352 - __main__ - INFO - Computing 'flightlegs_scheduledFlightDuration' in minutes
2025-11-20 16:01:49,346 - __main__ - INFO - Filtered past flights only, resulting shape: (959065, 33)
2025-11-20 16:01:49,352 - __main__ - INFO - Filled missing flightlegs_irregularity_delayduration_total with 0
2025-11-20 16:01:49,353 - __main__ - INFO - Categorizing flights into 'CANCELLED', 'LATE', 'ONTIME'
2025-11-20 16:01:58,883 - __main__ - INFO - Step: categorize_flights | shape: (959065, 33) | null values: 2350143
2025-11-20 16:01:59,911 - __main__ - INFO - Categorizing flights into 'cancelled', 'late', 'on_time'
2025-11-20 16:02:05,913 - __main__ - INFO - Step: categorize_delay_brackets | shape: (959065, 34) | null values: 2350143
2025-11-20 16:02:06,877 - __main__ - INFO - Filtering flights in optional list
2025-11-20 16:02:07,170 - __main__ - INFO - AFiltering flights in mandatory list
2025-11-20 16:02:08,026 - __main__ - INFO - Step: airport_filtering | shape: (578898, 34) | null values: 1311010
2025-11-20 16:02:08,714 - __main__ - INFO - Adding seasonality, isWeekend and dayPeriod
2025-11-20 16:02:39,855 - __main__ - INFO - ==== Preparing classification_status dataset ====
2025-11-20 16:02:39,867 - __main__ - INFO - Using the full dataset
2025-11-20 16:02:40,272 - __main__ - INFO - Classification status dataset shape: X=(578898, 10), y=(578898,)
2025-11-20 16:02:40,299 - __main__ - INFO - Classification status dataset class repartition: flightlegs_publishedstatus
ONTIME       0.657869
LATE         0.341618
CANCELLED    0.000513
Name: proportion, dtype: float64
2025-11-20 16:02:41,068 - __main__ - INFO - Classification status train/test split: X_train=(463118, 10), X_test=(115780, 10), y_train=(463118,), y_test=(115780,)
2025-11-20 16:02:41,069 - __main__ - INFO - Extracting features from dataset, target column: flightlegs_publishedstatus
2025-11-20 16:02:41,150 - __main__ - INFO - Identified 0 numeric and 10 categorical features
2025-11-20 16:02:41,151 - __main__ - INFO - Numeric features: []
2025-11-20 16:02:41,151 - __main__ - INFO - Categorical features: ['flightlegs_aircraft_ownerairlinecode', 'flightlegs_aircraft_typecode', 'flightlegs_arrinfo_airport_city_country_areacode', 'flightlegs_arrinfo_airport_code', 'flightlegs_depinfo_airport_city_country_areacode', 'flightlegs_depinfo_airport_code', 'flightlegs_scheduledflightduration', 'flightlegs_season', 'flightlegs_arrinfo_times_scheduled_dayPeriod', 'flightlegs_depinfo_times_scheduled_dayPeriod']

2025-11-20 16:02:41,154 - __main__ - INFO - ==== Preparing classification_delay dataset ====
2025-11-20 16:02:41,642 - __main__ - INFO - Step: lateFlights_filtering | shape: (197762, 11) | null values: 10688
2025-11-20 16:02:41,783 - __main__ - INFO - Using the full dataset
2025-11-20 16:02:41,816 - __main__ - INFO - Classification delay dataset shape: X=(197762, 10), y=(197762,)
2025-11-20 16:02:41,887 - __main__ - INFO - Classification delay train/test split: X_train=(158209, 10), X_test=(39553, 10), y_train=(158209,), y_test=(39553,)
2025-11-20 16:02:41,888 - __main__ - INFO - Extracting features from dataset, target column: flightlegs_irregularity_delayduration_total_bracket
2025-11-20 16:02:41,902 - __main__ - INFO - Identified 0 numeric and 10 categorical features
2025-11-20 16:02:41,903 - __main__ - INFO - Numeric features: []
2025-11-20 16:02:41,903 - __main__ - INFO - Categorical features: ['flightlegs_aircraft_ownerairlinecode', 'flightlegs_aircraft_typecode', 'flightlegs_arrinfo_airport_city_country_areacode', 'flightlegs_arrinfo_airport_code', 'flightlegs_depinfo_airport_city_country_areacode', 'flightlegs_depinfo_airport_code', 'flightlegs_scheduledflightduration', 'flightlegs_season', 'flightlegs_arrinfo_times_scheduled_dayPeriod', 'flightlegs_depinfo_times_scheduled_dayPeriod']

2025-11-20 16:02:41,904 - __main__ - INFO - ==== Preparing regression dataset ====
2025-11-20 16:02:42,388 - __main__ - INFO - Step: lateFlights_filtering | shape: (197762, 11) | null values: 10688
2025-11-20 16:02:42,470 - __main__ - INFO - Saved dataset cleaning summary to 'outputs/2025_11_20T16_01_13/dataset_summary/dataset_cleaning_summary.csv'

2025-11-20 16:02:42,471 - __main__ - INFO - Using the full dataset
2025-11-20 16:02:42,494 - __main__ - INFO - Regression dataset shape: X=(197762, 10), y=(197762,)
2025-11-20 16:02:42,538 - __main__ - INFO - Regression train/test split: X_train=(158209, 10), X_test=(39553, 10), y_train=(158209,), y_test=(39553,)
2025-11-20 16:02:42,539 - __main__ - INFO - Extracting features from dataset, target column: flightlegs_irregularity_delayduration_total
2025-11-20 16:02:42,551 - __main__ - INFO - Identified 0 numeric and 10 categorical features
2025-11-20 16:02:42,551 - __main__ - INFO - Numeric features: []
2025-11-20 16:02:42,551 - __main__ - INFO - Categorical features: ['flightlegs_aircraft_ownerairlinecode', 'flightlegs_aircraft_typecode', 'flightlegs_arrinfo_airport_city_country_areacode', 'flightlegs_arrinfo_airport_code', 'flightlegs_depinfo_airport_city_country_areacode', 'flightlegs_depinfo_airport_code', 'flightlegs_scheduledflightduration', 'flightlegs_season', 'flightlegs_arrinfo_times_scheduled_dayPeriod', 'flightlegs_depinfo_times_scheduled_dayPeriod']

2025-11-20 16:02:42,577 - __main__ - INFO - ==== Starting classification_status pipeline: Logistic_OVR ====

2025-11-20 16:02:42,577 - __main__ - INFO - Running simple mode for Logistic_OVR
2025-11-20 16:02:42,577 - __main__ - INFO - Starting classification_status pipeline: Logistic_OVR | mode: simple
2025-11-20 16:02:52,963 - __main__ - INFO - Fitted simple pipeline for classification_status Logistic_OVR | Score: 0.851 | Total duration: 9 seconds
2025-11-20 16:02:52,963 - __main__ - INFO - Saving feature importance for Logistic_OVR (classification_status)
2025-11-20 16:02:52,964 - __main__ - WARNING - No feature importances available for Logistic_OVR
2025-11-20 16:02:52,965 - __main__ - INFO - Skipping tree plot for Logistic_OVR (not a DecisionTree model)
2025-11-20 16:02:52,965 - __main__ - INFO - Generating classification_status metrics for Logistic_OVR | mode=simple
2025-11-20 16:02:55,106 - __main__ - INFO - Simple mode completed for Logistic_OVR

2025-11-20 16:02:55,106 - __main__ - INFO - ==== Finished classification_status pipeline: Logistic_OVR ====


2025-11-20 16:02:55,110 - __main__ - INFO - ==== Starting classification_delay pipeline: Logistic_OVR ====

2025-11-20 16:02:55,110 - __main__ - INFO - Running simple mode for Logistic_OVR
2025-11-20 16:02:55,110 - __main__ - INFO - Starting classification_delay pipeline: Logistic_OVR | mode: simple
2025-11-20 16:02:59,884 - __main__ - INFO - Fitted simple pipeline for classification_delay Logistic_OVR | Score: 0.339 | Total duration: 4 seconds
2025-11-20 16:02:59,884 - __main__ - INFO - Saving feature importance for Logistic_OVR (classification_delay)
2025-11-20 16:02:59,885 - __main__ - WARNING - No feature importances available for Logistic_OVR
2025-11-20 16:02:59,885 - __main__ - INFO - Skipping tree plot for Logistic_OVR (not a DecisionTree model)
2025-11-20 16:02:59,885 - __main__ - INFO - Generating classification_delay metrics for Logistic_OVR | mode=simple
2025-11-20 16:03:00,709 - __main__ - INFO - Simple mode completed for Logistic_OVR

2025-11-20 16:03:00,709 - __main__ - INFO - ==== Finished classification_delay pipeline: Logistic_OVR ====


2025-11-20 16:03:00,712 - __main__ - INFO - ==== Starting regression pipeline: LinearRegression ====

2025-11-20 16:03:00,713 - __main__ - INFO - Running simple mode for LinearRegression
2025-11-20 16:03:00,713 - __main__ - INFO - Starting regression pipeline: LinearRegression | mode: simple
2025-11-20 16:03:18,718 - __main__ - INFO - Fitted simple pipeline for LinearRegression | r2: 0.049 | Total duration: 18 seconds
2025-11-20 16:03:18,718 - __main__ - INFO - Saving feature importance for LinearRegression (regression)
2025-11-20 16:03:18,724 - __main__ - INFO - Feature importance CSV saved for LinearRegression
2025-11-20 16:03:19,045 - __main__ - INFO - Feature importance plot saved for LinearRegression
2025-11-20 16:03:19,046 - __main__ - INFO - Skipping tree plot for LinearRegression (not a DecisionTree model)
2025-11-20 16:03:19,046 - __main__ - INFO - Generating regression metrics for LinearRegression | mode=simple
2025-11-20 16:03:19,526 - __main__ - INFO - Simple mode completed for LinearRegression

2025-11-20 16:03:19,526 - __main__ - INFO - ==== Finished regression pipeline: LinearRegression ====


2025-11-20 16:05:11,465 - __main__ - INFO - Saved top 20 features summary for all pipelines
2025-11-20 16:05:21,376 - __main__ - INFO - Saved combined global ML summary for all pipelines and modes
2025-11-20 16:05:21,584 - __main__ - INFO - Saved enhanced global ML summary with expanded hyperparameters
2025-11-20 16:05:21,670 - __main__ - INFO - Created enhanced global ML summary with expanded hyperparameters to historical summaries
